******************************************************************************
                  TI ARM Linker PC v5.1.5                      
******************************************************************************
>> Linked Thu Aug 07 17:21:48 2014

OUTPUT FILE NAME:   <exosite_cloud_demo_for_cc3200.out>
ENTRY POINT SYMBOL: "_c_int00"  address: 200168c9


MEMORY CONFIGURATION

         name            origin    length      used     unused   attr    fill
----------------------  --------  ---------  --------  --------  ----  --------
  SRAM_CODE             20004000   00017fff  000169ae  00001651  RW X
  SRAM_DATA             2001c000   00014000  0000c0c8  00007f38  RW X


SEGMENT ALLOCATION MAP

run origin  load origin   length   init length attrs members
----------  ----------- ---------- ----------- ----- -------
20004000    20004000    000169b8   000169b8    r-x
  20004000    20004000    0000030c   0000030c    r-- .resetVecs
  2000430c    2000430c    00013cb6   00013cb6    r-x .text
  20017fc8    20017fc8    000025d4   000025d4    r-- .const
  2001a5a0    2001a5a0    00000418   00000418    r-- .cinit
2001c000    2001c000    0000a0cc   00000000    rw-
  2001c000    2001c000    00009a44   00000000    rw- .bss
  20025a48    20025a48    00000684   00000000    rw- .data
2002e000    2002e000    00002000   00000000    rw-
  2002e000    2002e000    00002000   00000000    rw- .stack


SECTION ALLOCATION MAP

 output                                  attributes/
section   page    origin      length       input sections
--------  ----  ----------  ----------   ----------------
.bootVecs 
*          0    00000000    00000008     DSECT
                  00000000    00000008     boot.aem4 : boot.oem4 (.bootVecs)

xdc.meta   0    00000000    000000e0     COPY SECTION
                  00000000    000000e0     app_pem4.oem4 (xdc.meta)

.init_array 
*          0    20004000    00000000     UNINITIALIZED

.vecs      0    20004000    00000000     DSECT

.resetVecs 
*          0    20004000    0000030c     
                  20004000    0000030c     app_pem4.oem4 (.resetVecs)

.text      0    2000430c    00013cb6     
                  2000430c    00001d7c     simplelink.a : driver.obj (.text)
                  20006088    00000ec0     rtsv7M4_T_le_eabi.lib : _printfi.obj (.text)
                  20006f48    00000d88     simplelink.a : socket.obj (.text)
                  20007cd0    00000b8c     exosite.obj (.text)
                  2000885c    00000ab4     simplelink.a : netapp.obj (.text)
                  20009310    00000a60     main.obj (.text)
                  20009d70    00000a5c     simplelink.a : wlan.obj (.text)
                  2000a7cc    0000098c     driverlib.a : prcm.obj (.text)
                  2000b158    0000079c                 : spi.obj (.text)
                  2000b8f4    000006a8     cloud_demo.obj (.text)
                  2000bf9c    0000067a     driverlib.a : i2c.obj (.text)
                  2000c616    00000002     app_pem4.oem4 (.text:.bootCodeSection:ti_catalog_arm_cortexm4_tiva_ce_Boot_init__I)
                  2000c618    00000668     simplelink.a : cc_pal.obj (.text)
                  2000cc80    00000538     ti_rtos.a : osi_tirtos.obj (.text)
                  2000d1b8    00000500     simplelink.a : device.obj (.text)
                  2000d6b8    000004a4     driverlib.a : udma.obj (.text)
                  2000db5c    00000490     rtsv7M4_T_le_eabi.lib : pow.obj (.text)
                  2000dfec    0000048c     driverlib.a : uart.obj (.text)
                  2000e478    0000045c     simplelink.a : fs.obj (.text)
                  2000e8d4    00000434     tmp006drv.obj (.text)
                  2000ed08    00000424     exosite_hal.obj (.text)
                  2000f12c    00000424     sysbios.aem4 : BIOS.obj (.text:ti_sysbios_family_arm_m3_Hwi_excDumpRegs__I)
                  2000f550    0000039c     driverlib.a : timer.obj (.text)
                  2000f8ec    00000370                 : interrupt.obj (.text)
                  2000fc5c    00000354     gpio_if.obj (.text)
                  2000ffb0    0000033c     ti.targets.arm.rtsarm.aem4 : System.oem4 (.text:xdc_runtime_System_doPrint__I)
                  200102ec    00000334     driverlib.a : gpio.obj (.text)
                  20010620    00000304     sysbios.aem4 : BIOS.obj (.text:ti_sysbios_knl_Semaphore_pend__E)
                  20010924    00000300     driverlib.a : flash.obj (.text)
                  20010c24    000002e4     rtsv7M4_T_le_eabi.lib : xlog.obj (.text)
                  20010f08    000002d4                           : trgdrv.obj (.text)
                  200111dc    00000290     i2c_if.obj (.text)
                  2001146c    00000250     sysbios.aem4 : BIOS.obj (.text:ti_sysbios_knl_Task_Instance_finalize__E)
                  200116bc    00000248                  : BIOS.obj (.text:ti_sysbios_heaps_HeapMem_free__E)
                  20011904    00000234                  : BIOS.obj (.text:ti_sysbios_heaps_HeapMem_alloc__E)
                  20011b38    00000208                  : BIOS.obj (.text:ti_sysbios_knl_Task_sleep__E)
                  20011d40    000001fc     rtsv7M4_T_le_eabi.lib : xexp.obj (.text)
                  20011f3c    000001f8     sysbios.aem4 : BIOS.obj (.text:ti_sysbios_family_arm_m3_Hwi_excHandlerMax__I)
                  20012134    000001f4     rtsv7M4_T_le_eabi.lib : ull_div_t2.obj (.text)
                  20012328    000001ec     bma222drv.obj (.text)
                  20012514    000001c0     strlib.obj (.text)
                  200126d4    000001bc     sysbios.aem4 : BIOS.obj (.text:ti_sysbios_knl_Task_Instance_init__E)
                  20012890    000001b6     rtsv7M4_T_le_eabi.lib : fd_add_t2.obj (.text)
                  20012a46    00000002     app_pem4.oem4 (.text:ti_sysbios_BIOS_nullFunc__I)
                  20012a48    000001a4     exosite_meta.obj (.text)
                  20012bec    0000018c     sysbios.aem4 : BIOS.obj (.text:ti_sysbios_knl_Task_Module_startup__E)
                  20012d78    00000170                  : BIOS.obj (.text:ti_sysbios_knl_Mailbox_Instance_init__E)
                  20012ee8    00000168                  : BIOS.obj (.text:ti_sysbios_family_arm_m3_Hwi_excBusFault__I)
                  20013050    00000154                  : BIOS.obj (.text:ti_sysbios_family_arm_m3_Hwi_excUsageFault__I)
                  200131a4    00000140                  : BIOS.obj (.text:ti_sysbios_family_arm_m3_Hwi_excMemFault__I)
                  200132e4    0000013c                  : BIOS.obj (.text:ti_sysbios_family_arm_m3_Hwi_dispatchC__I)
                  20013420    00000138                  : BIOS.obj (.text:ti_sysbios_heaps_HeapMem_Instance_init__E)
                  20013558    00000138                  : BIOS.obj (.text:ti_sysbios_knl_Semaphore_post__E)
                  20013690    00000136     rtsv7M4_T_le_eabi.lib : fd_div_t2.obj (.text)
                  200137c6    00000002     sysbios.aem4 : BIOS.obj (.text:ti_sysbios_gates_GateHwi_Instance_init__E)
                  200137c8    00000130     ti.targets.arm.rtsarm.aem4 : LoggerBuf.oem4 (.text:xdc_runtime_LoggerBuf_write8__E)
                  200138f8    0000012c     sysbios.aem4 : BIOS.obj (.text:ti_sysbios_knl_Clock_workFunc__E)
                  20013a24    00000120                  : BIOS.obj (.text:ti_sysbios_knl_Swi_run__I)
                  20013b44    00000120     ti.targets.arm.rtsarm.aem4 : Error.oem4 (.text:xdc_runtime_Error_policyDefault__E)
                  20013c64    00000110     rtsv7M4_T_le_eabi.lib : xdscale.obj (.text)
                  20013d74    00000104     ti.targets.arm.rtsarm.aem4 : Core-mem.oem4 (.text:xdc_runtime_Core_createObject__I)
                  20013e78    00000104     app_pem4.oem4 (.text:xdc_runtime_System_printfExtend__I)
                  20013f7c    00000100     simplelink.a : netcfg.obj (.text)
                  2001407c    000000fc     rtsv7M4_T_le_eabi.lib : fd_mul_t2.obj (.text)
                  20014178    000000fc     ti.targets.arm.rtsarm.aem4 : Startup.oem4 (.text:xdc_runtime_Startup_startMods__I)
                  20014274    000000fa     rtsv7M4_T_le_eabi.lib : fs_add_t2.obj (.text)
                  2001436e    000000fa     timer_if.obj (.text)
                  20014468    000000e0     uart_if.obj (.text)
                  20014548    000000d4     ti.targets.arm.rtsarm.aem4 : LoggerBuf.oem4 (.text:xdc_runtime_LoggerBuf_write4__E)
                  2001461c    000000d0     sysbios.aem4 : m3_Hwi_asm.obj (.text:ti_sysbios_family_arm_m3_Hwi_dispatch__I)
                  200146ec    000000cc     ti.targets.arm.rtsarm.aem4 : Core-smem.oem4 (.text:xdc_runtime_Core_constructObject__I)
                  200147b8    000000c8     sysbios.aem4 : BIOS.obj (.text:ti_sysbios_knl_Task_schedule__I)
                  20014880    000000c4     rtsv7M4_T_le_eabi.lib : xdint.obj (.text)
                  20014944    000000c4                           : xdnorm.obj (.text)
                  20014a08    000000c4     sysbios.aem4 : BIOS.obj (.text:ti_sysbios_family_arm_m3_Hwi_Module_startup__E)
                  20014acc    000000c0                  : BIOS.obj (.text:ti_sysbios_knl_Task_exit__E)
                  20014b8c    000000bc                  : BIOS.obj (.text:ti_sysbios_knl_Task_startCore__E)
                  20014c48    000000b4                  : BIOS.obj (.text:ti_sysbios_family_arm_m3_Hwi_excHardFault__I)
                  20014cfc    000000b4                  : BIOS.obj (.text:ti_sysbios_gates_GateMutex_enter__E)
                  20014db0    000000b4                  : BIOS.obj (.text:ti_sysbios_knl_Task_checkStacks__E)
                  20014e64    000000b0                  : BIOS.obj (.text:ti_sysbios_family_arm_m3_Hwi_excDebugMon__I)
                  20014f14    000000a8                  : BIOS.obj (.text:ti_sysbios_knl_Swi_post__E)
                  20014fbc    000000a8                  : BIOS.obj (.text:ti_sysbios_knl_Task_blockI__E)
                  20015064    000000a8                  : BIOS.obj (.text:ti_sysbios_knl_Task_postInit__I)
                  2001510c    000000a0     auto_init.aem4 : auto_init.oem4 (.text)
                  200151ac    0000009c     rtsv7M4_T_le_eabi.lib : memcpy_t2.obj (.text)
                  20015248    0000009c     sysbios.aem4 : BIOS.obj (.text:ti_sysbios_family_arm_m3_Hwi_Instance_init__E)
                  200152e4    0000009c                  : BIOS.obj (.text:ti_sysbios_knl_Semaphore_Instance_init__E)
                  20015380    0000009a     ti.targets.arm.rtsarm.aem4 : Text.oem4 (.text:xdc_runtime_Text_putSite__E)
                  2001541a    00000002     app_pem4.oem4 (.text:xdc_runtime_Startup_reset__I)
                  2001541c    00000098     rtsv7M4_T_le_eabi.lib : snprintf.obj (.text)
                  200154b4    00000094     sysbios.aem4 : BIOS.obj (.text:ti_sysbios_knl_Mailbox_post__E)
                  20015548    00000094                  : BIOS.obj (.text:ti_sysbios_knl_Task_unblockI__E)
                  200155dc    00000094     ti.targets.arm.rtsarm.aem4 : Text.oem4 (.text:xdc_runtime_Text_putMod__E)
                  20015670    00000092     rtsv7M4_T_le_eabi.lib : fs_div_t2.obj (.text)
                  20015702    00000002     --HOLE-- [fill = 0]
                  20015704    0000008c     sysbios.aem4 : BIOS.obj (.text:ti_sysbios_knl_Mailbox_Module_startup__E)
                  20015790    00000086     rtsv7M4_T_le_eabi.lib : fd_cmp_t2.obj (.text:__aeabi_cdcmple)
                  20015816    00000086                           : fd_cmp_t2.obj (.text:__aeabi_cdrcmple)
                  2001589c    00000084     sysbios.aem4 : BIOS.obj (.text:ti_sysbios_family_arm_m3_Hwi_initNVIC__E)
                  20015920    00000084                  : BIOS.obj (.text:ti_sysbios_knl_Mailbox_pend__E)
                  200159a4    00000080     ti.targets.arm.rtsarm.aem4 : LoggerBuf.oem4 (.text:xdc_runtime_LoggerBuf_setFilterLevel__E)
                  20015a24    0000007c     sysbios.aem4 : BIOS.obj (.text:ti_sysbios_knl_Mailbox_Instance_finalize__E)
                  20015aa0    0000007a     rtsv7M4_T_le_eabi.lib : fs_mul_t2.obj (.text)
                  20015b1a    00000078                           : memset_t2.obj (.text)
                  20015b92    00000002     --HOLE-- [fill = 0]
                  20015b94    00000070     sysbios.aem4 : BIOS.obj (.text:ti_sysbios_family_arm_m3_Hwi_postInit__I)
                  20015c04    00000070     ti.targets.arm.rtsarm.aem4 : Memory.oem4 (.text:xdc_runtime_Memory_alloc__E)
                  20015c74    0000006c                                : Error.oem4 (.text:xdc_runtime_Error_print__E)
                  20015ce0    0000006c                                : LoggerBuf.oem4 (.text:xdc_runtime_LoggerBuf_getFilterLevel__E)
                  20015d4c    00000068     simplelink.a : flowcont.obj (.text)
                  20015db4    00000066     ti.targets.arm.rtsarm.aem4 : Core-mem.oem4 (.text:xdc_runtime_Core_deleteObject__I)
                  20015e1a    00000064     rtsv7M4_T_le_eabi.lib : xdunscal.obj (.text)
                  20015e7e    00000002     --HOLE-- [fill = 0]
                  20015e80    00000064     app_pem4.oem4 (.text:ti_sysbios_family_arm_m3_Hwi_create)
                  20015ee4    00000064     app_pem4.oem4 (.text:ti_sysbios_knl_Mailbox_create)
                  20015f48    00000060     rtsv7M4_T_le_eabi.lib : fs_cmp_t2.obj (.text:__aeabi_cfcmple)
                  20015fa8    00000060                           : fs_cmp_t2.obj (.text:__aeabi_cfrcmple)
                  20016008    00000060                           : trgmsg.obj (.text)
                  20016068    00000060     sysbios.aem4 : BIOS.obj (.text:ti_sysbios_knl_Clock_logTick__E)
                  200160c8    00000060     ti.targets.arm.rtsarm.aem4 : System.oem4 (.text:xdc_runtime_System_formatNum__I)
                  20016128    0000005e     driverlib.a : cpu.obj (.text)
                  20016186    0000005e     rtsv7M4_T_le_eabi.lib : copy_decompress_rle.obj (.text)
                  200161e4    0000005c     app_pem4.oem4 (.text:ti_sysbios_knl_Task_create)
                  20016240    0000005c     app_pem4.oem4 (.text:xdc_runtime_LoggerBuf_Object__create__S)
                  2001629c    0000005b     ti.targets.arm.rtsarm.aem4 : Text.oem4 (.text:xdc_runtime_Text_putLab__E)
                  200162f7    00000001     --HOLE-- [fill = 0]
                  200162f8    0000005a     rtsv7M4_T_le_eabi.lib : ltoa.obj (.text)
                  20016352    00000002     --HOLE-- [fill = 0]
                  20016354    00000058     sysbios.aem4 : BIOS.obj (.text:ti_sysbios_knl_Swi_restoreHwi__E)
                  200163ac    00000058                  : BIOS.obj (.text:ti_sysbios_knl_Swi_schedule__I)
                  20016404    00000054                  : BIOS.obj (.text:ti_sysbios_family_arm_m3_Timer_setPeriod__E)
                  20016458    00000054                  : BIOS.obj (.text:ti_sysbios_family_arm_m3_Timer_start__E)
                  200164ac    00000054                  : BIOS.obj (.text:ti_sysbios_family_arm_m3_TimestampProvider_get64__E)
                  20016500    00000050     ti.targets.arm.rtsarm.aem4 : Startup.oem4 (.text:xdc_runtime_Startup_exec__E)
                  20016550    00000050                                : Text.oem4 (.text:xdc_runtime_Text_visitRope2__I)
                  200165a0    0000004c     rtsv7M4_T_le_eabi.lib : atoi.obj (.text)
                  200165ec    0000004c     sysbios.aem4 : m3_TaskSupport_asm.obj (.text:ti_sysbios_family_arm_m3_TaskSupport_buildTaskStack)
                  20016638    0000004c                  : BIOS.obj (.text:ti_sysbios_knl_Swi_runLoop__I)
                  20016684    0000004a     rtsv7M4_T_le_eabi.lib : fd_tos_t2.obj (.text)
                  200166ce    00000048                           : fd_toi_t2.obj (.text)
                  20016716    00000002     --HOLE-- [fill = 0]
                  20016718    00000048     sysbios.aem4 : BIOS.obj (.text:ti_sysbios_family_arm_m3_Hwi_excReserved__I)
                  20016760    00000048                  : m3_Hwi_asm_switch.obj (.text:ti_sysbios_family_arm_m3_Hwi_initStacks__E)
                  200167a8    00000048                  : BIOS.obj (.text:ti_sysbios_family_arm_m3_Timer_initDevice__I)
                  200167f0    00000048                  : BIOS.obj (.text:ti_sysbios_heaps_HeapMem_getStats__E)
                  20016838    00000048     ti.targets.arm.rtsarm.aem4 : Assert.oem4 (.text:xdc_runtime_Assert_raise__I)
                  20016880    00000046                                : Core-params.oem4 (.text:xdc_runtime_Core_assignParams__I)
                  200168c6    00000002     --HOLE-- [fill = 0]
                  200168c8    00000044     boot.aem4 : boot.oem4 (.text)
                  2001690c    00000044     rtsv7M4_T_le_eabi.lib : cpy_tbl.obj (.text)
                  20016950    00000044                           : exit.obj (.text)
                  20016994    00000044                           : xdtest.obj (.text)
                  200169d8    00000044     sysbios.aem4 : BIOS.obj (.text:ti_sysbios_family_arm_m3_Hwi_disableInterrupt__E)
                  20016a1c    00000044                  : BIOS.obj (.text:ti_sysbios_family_arm_m3_Hwi_enableInterrupt__E)
                  20016a60    00000044                  : BIOS.obj (.text:ti_sysbios_knl_Task_allBlockedFunction__I)
                  20016aa4    00000044     ti.targets.arm.rtsarm.aem4 : Error.oem4 (.text:xdc_runtime_Error_setX__E)
                  20016ae8    00000044                                : LoggerBuf.oem4 (.text:xdc_runtime_LoggerBuf_filterOutEvent__I)
                  20016b2c    00000044                                : SysMin.oem4 (.text:xdc_runtime_SysMin_flush__E)
                  20016b70    00000042     rtsv7M4_T_le_eabi.lib : u_divt2.obj (.text)
                  20016bb2    00000002     --HOLE-- [fill = 0]
                  20016bb4    00000040                           : signal.obj (.text)
                  20016bf4    00000040     sysbios.aem4 : BIOS.obj (.text:ti_sysbios_family_arm_m3_Timer_Module_startup__E)
                  20016c34    00000040                  : BIOS.obj (.text:ti_sysbios_knl_Mailbox_postInit__I)
                  20016c74    0000003c                  : BIOS.obj (.text:ti_sysbios_family_arm_m3_Hwi_excSvCall__I)
                  20016cb0    0000003c                  : BIOS.obj (.text:ti_sysbios_heaps_HeapMem_init__I)
                  20016cec    0000003c                  : BIOS.obj (.text:ti_sysbios_knl_Swi_startup__E)
                  20016d28    0000003c     ti.targets.arm.rtsarm.aem4 : Text.oem4 (.text:xdc_runtime_Text_xprintf__I)
                  20016d64    0000003a                                : LoggerBuf.oem4 (.text:xdc_runtime_LoggerBuf_Instance_init__E)
                  20016d9e    00000038     rtsv7M4_T_le_eabi.lib : fs_tod_t2.obj (.text)
                  20016dd6    00000038                           : fs_toi_t2.obj (.text)
                  20016e0e    00000038                           : i_tofs_t2.obj (.text)
                  20016e46    00000002     --HOLE-- [fill = 0]
                  20016e48    00000038     sysbios.aem4 : BIOS.obj (.text:ti_sysbios_family_arm_m3_Hwi_excNoIsr__I)
                  20016e80    00000038                  : BIOS.obj (.text:ti_sysbios_family_arm_m3_Hwi_getStackInfo__E)
                  20016eb8    00000038                  : BIOS.obj (.text:ti_sysbios_family_arm_m3_TaskSupport_start__E)
                  20016ef0    00000038     ti.targets.arm.rtsarm.aem4 : SysMin.oem4 (.text:xdc_runtime_SysMin_putch__E)
                  20016f28    00000038                                : System.oem4 (.text:xdc_runtime_System_atexit__E)
                  20016f60    00000034     rtsv7M4_T_le_eabi.lib : feraiseexcept.obj (.text)
                  20016f94    00000034     sysbios.aem4 : BIOS.obj (.text:ti_sysbios_family_arm_m3_Hwi_excNmi__I)
                  20016fc8    00000034                  : BIOS.obj (.text:ti_sysbios_hal_Hwi_checkStack)
                  20016ffc    00000034     app_pem4.oem4 (.text:ti_sysbios_knl_Semaphore_create)
                  20017030    00000034     ti.targets.arm.rtsarm.aem4 : Core-label.oem4 (.text:xdc_runtime_Core_assignLabel__I)
                  20017064    00000033                                : Text.oem4 (.text:xdc_runtime_Text_printVisFxn__I)
                  20017097    00000001     --HOLE-- [fill = 0]
                  20017098    00000032     sysbios.aem4 : BIOS.obj (.text:ti_sysbios_knl_Semaphore_pendTimeout__I)
                  200170ca    00000030     rtsv7M4_T_le_eabi.lib : strncpy.obj (.text)
                  200170fa    00000002     --HOLE-- [fill = 0]
                  200170fc    00000030                           : xferaise.obj (.text)
                  2001712c    00000030     app_pem4.oem4 (.text:ti_sysbios_BIOS_atExitFunc__I)
                  2001715c    00000030     app_pem4.oem4 (.text:ti_sysbios_gates_GateHwi_Object__create__S)
                  2001718c    00000030     app_pem4.oem4 (.text:ti_sysbios_gates_GateMutex_Object__create__S)
                  200171bc    00000030     app_pem4.oem4 (.text:ti_sysbios_heaps_HeapMem_Object__create__S)
                  200171ec    00000030     app_pem4.oem4 (.text:ti_sysbios_knl_Semaphore_construct)
                  2001721c    00000030     ti.targets.arm.rtsarm.aem4 : SysMin.oem4 (.text:xdc_runtime_SysMin_abort__E)
                  2001724c    00000030                                : System.oem4 (.text:xdc_runtime_System_processAtExit__E)
                  2001727c    0000002e     app_pem4.oem4 (.text:malloc)
                  200172aa    0000002e     rtsv7M4_T_le_eabi.lib : i_tofd_t2.obj (.text)
                  200172d8    0000002e                           : raise.obj (.text)
                  20017306    00000002     --HOLE-- [fill = 0]
                  20017308    0000002c     sysbios.aem4 : BIOS.obj (.text:ti_sysbios_family_arm_m3_Hwi_Instance_finalize__E)
                  20017334    0000002c                  : BIOS.obj (.text:ti_sysbios_hal_Hwi_initStack)
                  20017360    0000002c     app_pem4.oem4 (.text:ti_sysbios_knl_Clock_doTick__I)
                  2001738c    0000002c     app_pem4.oem4 (.text:ti_sysbios_knl_Queue_construct)
                  200173b8    0000002c     sysbios.aem4 : BIOS.obj (.text:ti_sysbios_knl_Task_restore__E)
                  200173e4    0000002c     ti.targets.arm.rtsarm.aem4 : Text.oem4 (.text:xdc_runtime_Text_cordText__E)
                  20017410    0000002a                                : System.oem4 (.text:xdc_runtime_System_putchar__I)
                  2001743a    00000002     --HOLE-- [fill = 0]
                  2001743c    00000028     sysbios.aem4 : BIOS.obj (.text:ti_sysbios_family_arm_m3_Timer_periodicStub__I)
                  20017464    00000028     ti.targets.arm.rtsarm.aem4 : LoggerBuf.oem4 (.text:xdc_runtime_LoggerBuf_Module_startup__E)
                  2001748c    00000026     rtsv7M4_T_le_eabi.lib : strncmp.obj (.text)
                  200174b2    00000026     ti.targets.arm.rtsarm.aem4 : System.oem4 (.text:xdc_runtime_System_avprintf__E)
                  200174d8    00000024     app_pem4.oem4 (.text:ti_sysbios_BIOS_errorRaiseHook__I)
                  200174fc    00000024     app_pem4.oem4 (.text:ti_sysbios_BIOS_registerRTSLock__I)
                  20017520    00000024     app_pem4.oem4 (.text:ti_sysbios_BIOS_removeRTSLock__I)
                  20017544    00000024     app_pem4.oem4 (.text:ti_sysbios_BIOS_startFunc__I)
                  20017568    00000024     sysbios.aem4 : BIOS.obj (.text:ti_sysbios_family_arm_m3_Hwi_doTaskRestore__I)
                  2001758c    00000024                  : BIOS.obj (.text:ti_sysbios_family_arm_m3_Timer_startup__E)
                  200175b0    00000024                  : BIOS.obj (.text:ti_sysbios_family_arm_m3_TimestampProvider_Module_startup__E)
                  200175d4    00000024     app_pem4.oem4 (.text:ti_sysbios_gates_GateMutex_Object__delete__S)
                  200175f8    00000024     sysbios.aem4 : BIOS.obj (.text:ti_sysbios_knl_Clock_Module_startup__E)
                  2001761c    00000024     app_pem4.oem4 (.text:ti_sysbios_knl_Semaphore_Object__delete__S)
                  20017640    00000024     sysbios.aem4 : BIOS.obj (.text:ti_sysbios_knl_Swi_Module_startup__E)
                  20017664    00000024     ti.targets.arm.rtsarm.aem4 : System.oem4 (.text:xdc_runtime_System_vprintf__E)
                  20017688    00000022     rtsv7M4_T_le_eabi.lib : memcmp.obj (.text)
                  200176aa    00000022     app_pem4.oem4 (.text:xdc_runtime_SysMin_output__I)
                  200176cc    00000020     app_pem4.oem4 (.text:ti_sysbios_family_arm_m3_Hwi_Object__delete__S)
                  200176ec    00000020     sysbios.aem4 : m3_Hwi_asm.obj (.text:ti_sysbios_family_arm_m3_Hwi_excHandlerAsm__I)
                  2001770c    00000020                  : BIOS.obj (.text:ti_sysbios_family_arm_m3_Hwi_excHandler__I)
                  2001772c    00000020     app_pem4.oem4 (.text:ti_sysbios_gates_GateHwi_Object__delete__S)
                  2001774c    00000020     app_pem4.oem4 (.text:ti_sysbios_heaps_HeapMem_Object__delete__S)
                  2001776c    00000020     sysbios.aem4 : BIOS.obj (.text:ti_sysbios_knl_Idle_run__E)
                  2001778c    00000020     app_pem4.oem4 (.text:ti_sysbios_knl_Mailbox_Object__delete__S)
                  200177ac    00000020     app_pem4.oem4 (.text:ti_sysbios_knl_Semaphore_Object__destruct__S)
                  200177cc    00000020     app_pem4.oem4 (.text:ti_sysbios_knl_Task_Object__delete__S)
                  200177ec    00000020     sysbios.aem4 : BIOS.obj (.text:ti_sysbios_knl_Task_enter__I)
                  2001780c    00000020     app_pem4.oem4 (.text:xdc_runtime_LoggerBuf_Object__delete__S)
                  2001782c    00000020     ti.targets.arm.rtsarm.aem4 : LoggerBuf.oem4 (.text:xdc_runtime_LoggerBuf_reset__E)
                  2001784c    00000020                                : Registry.oem4 (.text:xdc_runtime_Registry_findById__E)
                  2001786c    00000020                                : SysMin.oem4 (.text:xdc_runtime_SysMin_Module_startup__E)
                  2001788c    0000001e     rtsv7M4_T_le_eabi.lib : ll_lsr_t2.obj (.text)
                  200178aa    0000001e     sysbios.aem4 : m3_Hwi_asm_switch.obj (.text:ti_sysbios_family_xxx_Hwi_switchAndRunFunc)
                  200178c8    0000001c     rtsv7M4_T_le_eabi.lib : memccpy.obj (.text)
                  200178e4    0000001c     app_pem4.oem4 (.text:ti_sysbios_BIOS_rtsLock__I)
                  20017900    0000001c     sysbios.aem4 : BIOS.obj (.text:ti_sysbios_family_arm_m3_Hwi_setPriority__E)
                  2001791c    0000001c                  : BIOS.obj (.text:ti_sysbios_gates_GateMutex_Instance_init__E)
                  20017938    0000001c     app_pem4.oem4 (.text:ti_sysbios_knl_Queue_Object__destruct__S)
                  20017954    0000001c     ti.targets.arm.rtsarm.aem4 : Error.oem4 (.text:xdc_runtime_Error_raiseX__E)
                  20017970    0000001c                                : Memory.oem4 (.text:xdc_runtime_Memory_valloc__E)
                  2001798c    0000001c                                : SysMin.oem4 (.text:xdc_runtime_SysMin_exit__E)
                  200179a8    0000001c                                : System.oem4 (.text:xdc_runtime_System_abort__E)
                  200179c4    0000001a     app_pem4.oem4 (.text:ti_sysbios_family_arm_m3_Hwi_Handle__label__S)
                  200179de    0000001a     sysbios.aem4 : m3_Hwi_asm.obj (.text:ti_sysbios_family_arm_m3_Hwi_pendSV__I)
                  200179f8    0000001a     app_pem4.oem4 (.text:ti_sysbios_gates_GateHwi_Handle__label__S)
                  20017a12    0000001a     app_pem4.oem4 (.text:ti_sysbios_gates_GateMutex_Handle__label__S)
                  20017a2c    0000001a     app_pem4.oem4 (.text:ti_sysbios_heaps_HeapMem_Handle__label__S)
                  20017a46    0000001a     app_pem4.oem4 (.text:ti_sysbios_knl_Swi_Handle__label__S)
                  20017a60    0000001a     app_pem4.oem4 (.text:ti_sysbios_knl_Task_Handle__label__S)
                  20017a7a    0000001a     sysbios.aem4 : BIOS.obj (.text:ti_sysbios_knl_Task_sleepTimeout__I)
                  20017a94    0000001a     app_pem4.oem4 (.text:xdc_runtime_LoggerBuf_Handle__label__S)
                  20017aae    0000001a     app_pem4.oem4 (.text:xdc_runtime_System_aprintf__E)
                  20017ac8    0000001a     app_pem4.oem4 (.text:xdc_runtime_System_printf__E)
                  20017ae2    00000018     app_pem4.oem4 (.text:free)
                  20017afa    00000002     --HOLE-- [fill = 0]
                  20017afc    00000018     rtsv7M4_T_le_eabi.lib : args_main.obj (.text)
                  20017b14    00000018                           : ll_mul_t2.obj (.text)
                  20017b2c    00000018     app_pem4.oem4 (.text:ti_sysbios_BIOS_rtsUnlock__I)
                  20017b44    00000018     app_pem4.oem4 (.text:ti_sysbios_family_arm_m3_Hwi_Module__startupDone__F)
                  20017b5c    00000018     app_pem4.oem4 (.text:ti_sysbios_family_arm_m3_Timer_Module__startupDone__F)
                  20017b74    00000018     sysbios.aem4 : BIOS.obj (.text:ti_sysbios_gates_GateMutex_leave__E)
                  20017b8c    00000018     ti.targets.arm.rtsarm.aem4 : Error.oem4 (.text:xdc_runtime_Error_check__E)
                  20017ba4    00000018                                : System.oem4 (.text:xdc_runtime_System_exit__E)
                  20017bbc    00000018                                : Text.oem4 (.text:xdc_runtime_Text_ropeText__E)
                  20017bd4    00000016     app_pem4.oem4 (.text:ti_sysbios_BIOS_exitFunc__I)
                  20017bea    00000002     --HOLE-- [fill = 0]
                  20017bec    00000014     rtsv7M4_T_le_eabi.lib : _lock.obj (.text)
                  20017c00    00000014                           : strlen.obj (.text)
                  20017c14    00000014     app_pem4.oem4 (.text:ti_sysbios_family_arm_m3_Hwi_Object__get__S)
                  20017c28    00000014     sysbios.aem4 : BIOS.obj (.text:ti_sysbios_family_arm_m3_Hwi_switchFromBootStack__E)
                  20017c3c    00000014     app_pem4.oem4 (.text:ti_sysbios_heaps_HeapMem_Object__get__S)
                  20017c50    00000014     app_pem4.oem4 (.text:ti_sysbios_knl_Swi_Object__get__S)
                  20017c64    00000014     app_pem4.oem4 (.text:xdc_runtime_LoggerBuf_Object__get__S)
                  20017c78    00000012     rtsv7M4_T_le_eabi.lib : copy_zero_init.obj (.text:decompress:ZI)
                  20017c8a    00000012     sysbios.aem4 : BIOS.obj (.text:ti_sysbios_hal_Hwi_Module_startup__E)
                  20017c9c    00000012                  : BIOS.obj (.text:ti_sysbios_hal_Timer_Module_startup__E)
                  20017cae    00000012     ti.targets.arm.rtsarm.aem4 : LoggerBuf.oem4 (.text:xdc_runtime_LoggerBuf_Instance_finalize__E)
                  20017cc0    00000012                                : LoggerBuf.oem4 (.text:xdc_runtime_LoggerBuf_write1__E)
                  20017cd2    00000012                                : LoggerBuf.oem4 (.text:xdc_runtime_LoggerBuf_write2__E)
                  20017ce4    00000012     app_pem4.oem4 (.text:xdc_runtime_Startup_exec__I)
                  20017cf6    00000010     rtsv7M4_T_le_eabi.lib : strcpy.obj (.text)
                  20017d06    00000002     --HOLE-- [fill = 0]
                  20017d08    00000010     sysbios.aem4 : BIOS.obj (.text:ti_sysbios_BIOS_setThreadType__E)
                  20017d18    00000010                  : BIOS.obj (.text:ti_sysbios_BIOS_start__E)
                  20017d28    00000010                  : BIOS.obj (.text:ti_sysbios_family_arm_m3_Hwi_getHandle__E)
                  20017d38    00000010                  : m3_TaskSupport_asm.obj (.text:ti_sysbios_family_arm_m3_TaskSupport_glue)
                  20017d48    00000010                  : m3_TaskSupport_asm.obj (.text:ti_sysbios_family_arm_m3_TaskSupport_swap__E)
                  20017d58    00000010                  : BIOS.obj (.text:ti_sysbios_gates_GateMutex_Instance_finalize__E)
                  20017d68    00000010     app_pem4.oem4 (.text:ti_sysbios_knl_Mailbox_Object__get__S)
                  20017d78    00000010     sysbios.aem4 : BIOS.obj (.text:ti_sysbios_knl_Semaphore_Instance_finalize__E)
                  20017d88    00000010                  : BIOS.obj (.text:ti_sysbios_knl_Swi_disable__E)
                  20017d98    00000010     app_pem4.oem4 (.text:ti_sysbios_knl_Task_Object__get__S)
                  20017da8    00000010     sysbios.aem4 : BIOS.obj (.text:ti_sysbios_knl_Task_disable__E)
                  20017db8    00000010     ti.targets.arm.rtsarm.aem4 : Gate.oem4 (.text:xdc_runtime_Gate_leaveSystem__E)
                  20017dc8    00000010                                : LoggerBuf.oem4 (.text:xdc_runtime_LoggerBuf_write0__E)
                  20017dd8    00000010                                : Memory.oem4 (.text:xdc_runtime_Memory_free__E)
                  20017de8    00000010                                : SysMin.oem4 (.text:xdc_runtime_SysMin_ready__E)
                  20017df8    00000010                                : System.oem4 (.text:xdc_runtime_System_vsnprintf__E)
                  20017e08    00000010     app_pem4.oem4 (.text:xdc_runtime_Text_visitRope__I)
                  20017e18    0000000e     rtsv7M4_T_le_eabi.lib : copy_decompress_none.obj (.text:decompress:none)
                  20017e26    0000000e                           : xdclass.obj (.text)
                  20017e34    0000000e     sysbios.aem4 : BIOS.obj (.text:ti_sysbios_knl_Queue_empty__E)
                  20017e42    00000002     --HOLE-- [fill = 0]
                  20017e44    0000000c     app_pem4.oem4 (.text:ti_sysbios_family_arm_m3_Hwi_Params__init__S)
                  20017e50    0000000c     sysbios.aem4 : BIOS.obj (.text:ti_sysbios_family_arm_m3_Hwi_disableFxn__E)
                  20017e5c    0000000c                  : BIOS.obj (.text:ti_sysbios_family_arm_m3_TaskSupport_checkStack__E)
                  20017e68    0000000c                  : BIOS.obj (.text:ti_sysbios_family_arm_m3_TaskSupport_getStackAlignment__E)
                  20017e74    0000000c                  : BIOS.obj (.text:ti_sysbios_gates_GateHwi_enter__E)
                  20017e80    0000000c     app_pem4.oem4 (.text:ti_sysbios_knl_Queue_Object__get__S)
                  20017e8c    0000000c     app_pem4.oem4 (.text:ti_sysbios_knl_Semaphore_Params__init__S)
                  20017e98    0000000c     app_pem4.oem4 (.text:ti_sysbios_knl_Task_Params__init__S)
                  20017ea4    0000000c     ti.targets.arm.rtsarm.aem4 : Error.oem4 (.text:xdc_runtime_Error_init__E)
                  20017eb0    0000000c                                : Gate.oem4 (.text:xdc_runtime_Gate_enterSystem__E)
                  20017ebc    0000000c                                : Memory.oem4 (.text:xdc_runtime_Memory_calloc__E)
                  20017ec8    0000000c                                : Memory.oem4 (.text:xdc_runtime_Memory_getMaxDefaultTypeAlign__E)
                  20017ed4    0000000a     app_pem4.oem4 (.text:xdc_runtime_IHeap_alloc)
                  20017ede    0000000a     app_pem4.oem4 (.text:xdc_runtime_IHeap_free)
                  20017ee8    0000000a     ti.targets.arm.rtsarm.aem4 : LoggerBuf.oem4 (.text:xdc_runtime_LoggerBuf_disable__E)
                  20017ef2    0000000a                                : LoggerBuf.oem4 (.text:xdc_runtime_LoggerBuf_enable__E)
                  20017efc    00000008     sysbios.aem4 : BIOS.obj (.text:ti_sysbios_family_arm_m3_Hwi_doSwiRestore__I)
                  20017f04    00000008                  : BIOS.obj (.text:ti_sysbios_family_arm_m3_Hwi_startup__E)
                  20017f0c    00000008                  : BIOS.obj (.text:ti_sysbios_knl_Idle_loop__E)
                  20017f14    00000006     driverlib.a : utils.obj (.text:UtilsDelay)
                  20017f1a    00000006     ti.targets.arm.rtsarm.aem4 : xdc_noinit.oem4 (.text:__xdc__init)
                  20017f20    00000006     rtsv7M4_T_le_eabi.lib : copy_decompress_rle.obj (.text:decompress:rle24)
                  20017f26    00000006                           : log.obj (.text)
                  20017f2c    00000006     sysbios.aem4 : BIOS.obj (.text:ti_sysbios_family_arm_m3_Hwi_restoreFxn__E)
                  20017f32    00000006                  : BIOS.obj (.text:ti_sysbios_gates_GateHwi_leave__E)
                  20017f38    00000006                  : BIOS.obj (.text:ti_sysbios_heaps_HeapMem_isBlocking__E)
                  20017f3e    00000006                  : BIOS.obj (.text:ti_sysbios_knl_Queue_Instance_init__E)
                  20017f44    00000006     ti.targets.arm.rtsarm.aem4 : System.oem4 (.text:xdc_runtime_System_Module_startup__E)
                  20017f4a    00000004                                : LoggerBuf.oem4 (.text:LoggerBuf_instanceStartup)
                  20017f4e    00000004     app_pem4.oem4 (.text:ti_sysbios_BIOS_RtsGateProxy_enter__E)
                  20017f52    00000004     app_pem4.oem4 (.text:ti_sysbios_BIOS_RtsGateProxy_leave__E)
                  20017f56    00000004     app_pem4.oem4 (.text:ti_sysbios_family_arm_m3_Hwi_delete)
                  20017f5a    00000004     app_pem4.oem4 (.text:ti_sysbios_family_arm_m3_TaskSupport_Module__startupDone__S)
                  20017f5e    00000004     sysbios.aem4 : BIOS.obj (.text:ti_sysbios_family_arm_m3_Timer_getMaxTicks__E)
                  20017f62    00000004                  : BIOS.obj (.text:ti_sysbios_gates_GateHwi_query__E)
                  20017f66    00000004                  : BIOS.obj (.text:ti_sysbios_gates_GateMutex_query__E)
                  20017f6a    00000004     app_pem4.oem4 (.text:ti_sysbios_hal_Hwi_HwiProxy_Module__startupDone__S)
                  20017f6e    00000004     app_pem4.oem4 (.text:ti_sysbios_hal_Timer_TimerProxy_Module__startupDone__S)
                  20017f72    00000004     app_pem4.oem4 (.text:ti_sysbios_heaps_HeapMem_Module_GateProxy_enter__E)
                  20017f76    00000004     app_pem4.oem4 (.text:ti_sysbios_heaps_HeapMem_Module_GateProxy_leave__E)
                  20017f7a    00000004     app_pem4.oem4 (.text:ti_sysbios_knl_Clock_TimerProxy_Module__startupDone__S)
                  20017f7e    00000004     app_pem4.oem4 (.text:ti_sysbios_knl_Clock_TimerProxy_getMaxTicks__E)
                  20017f82    00000004     app_pem4.oem4 (.text:ti_sysbios_knl_Mailbox_delete)
                  20017f86    00000004     app_pem4.oem4 (.text:ti_sysbios_knl_Queue_destruct)
                  20017f8a    00000004     app_pem4.oem4 (.text:ti_sysbios_knl_Semaphore_delete)
                  20017f8e    00000004     app_pem4.oem4 (.text:ti_sysbios_knl_Semaphore_destruct)
                  20017f92    00000004     app_pem4.oem4 (.text:ti_sysbios_knl_Task_SupportProxy_Module__startupDone__S)
                  20017f96    00000004     app_pem4.oem4 (.text:ti_sysbios_knl_Task_delete)
                  20017f9a    00000004     sysbios.aem4 : BIOS.obj (.text:ti_sysbios_knl_Task_startup__E)
                  20017f9e    00000004     ti.targets.arm.rtsarm.aem4 : Error.oem4 (.text:xdc_runtime_Error_getSite__E)
                  20017fa2    00000004     app_pem4.oem4 (.text:xdc_runtime_LoggerBuf_Module_GateProxy_enter__E)
                  20017fa6    00000004     app_pem4.oem4 (.text:xdc_runtime_LoggerBuf_Module_GateProxy_leave__E)
                  20017faa    00000004     app_pem4.oem4 (.text:xdc_runtime_Memory_HeapProxy_alloc__E)
                  20017fae    00000004     app_pem4.oem4 (.text:xdc_runtime_Memory_HeapProxy_free__E)
                  20017fb2    00000004     app_pem4.oem4 (.text:xdc_runtime_System_Module_GateProxy_enter__E)
                  20017fb6    00000004     app_pem4.oem4 (.text:xdc_runtime_System_Module_GateProxy_leave__E)
                  20017fba    00000004     ti.targets.arm.rtsarm.aem4 : System.oem4 (.text:xdc_runtime_System_aprintf_va__F)
                  20017fbe    00000004                                : System.oem4 (.text:xdc_runtime_System_printf_va__F)

.const     0    20017fc8    000025d4     
                  20017fc8    000017b0     app_pem4.oem4 (.const:xdc_runtime_Text_charTab__A)
                  20019778    00000102     rtsv7M4_T_le_eabi.lib : ctype.obj (.const:.string:_ctypes_)
                  2001987a    00000002     app_pem4.oem4 (.const:ti_sysbios_family_arm_m3_Hwi_Module__id__C)
                  2001987c    000000d4     driverlib.a : interrupt.obj (.const:g_pulRegs)
                  20019950    000000d0     app_pem4.oem4 (.const:xdc_runtime_Text_nodeTab__A)
                  20019a20    000000b0     simplelink.a : wlan.obj (.const:$P$T0$1)
                  20019ad0    000000a0     driverlib.a : prcm.obj (.const:PRCM_PeriphRegsList)
                  20019b70    00000080                 : interrupt.obj (.const)
                  20019bf0    00000048     app_pem4.oem4 (.const:.string)
                  20019c38    00000048     rtsv7M4_T_le_eabi.lib : xexp.obj (.const)
                  20019c80    00000040     driverlib.a : flash.obj (.const:g_pulFMPPERegs)
                  20019cc0    00000040                 : flash.obj (.const:g_pulFMPRERegs)
                  20019d00    0000003c     simplelink.a : wlan.obj (.const)
                  20019d3c    0000003c     app_pem4.oem4 (.const:ti_sysbios_knl_Task_Object__PARAMS__C)
                  20019d78    0000003c     app_pem4.oem4 (.const:xdc_runtime_LoggerBuf_Module__FXNS__C)
                  20019db4    00000038     simplelink.a : driver.obj (.const:_SlActionLookupTable)
                  20019dec    00000004     app_pem4.oem4 (.const:ti_sysbios_family_arm_m3_Hwi_E_NMI__C)
                  20019df0    00000038     rtsv7M4_T_le_eabi.lib : xlog.obj (.const:p)
                  20019e28    00000038     simplelink.a : fs.obj (.const)
                  20019e60    00000034                  : socket.obj (.const)
                  20019e94    00000034     app_pem4.oem4 (.const:ti_sysbios_knl_Mailbox_Object__PARAMS__C)
                  20019ec8    00000030     rtsv7M4_T_le_eabi.lib : xdint.obj (.const)
                  20019ef8    00000030     app_pem4.oem4 (.const:ti_sysbios_family_arm_m3_Hwi_Object__PARAMS__C)
                  20019f28    00000030     app_pem4.oem4 (.const:xdc_runtime_Startup_sfxnTab__A)
                  20019f58    0000002c     main.obj (.const:$P$T0$1)
                  20019f84    00000028     simplelink.a : netapp.obj (.const)
                  20019fac    00000028     app_pem4.oem4 (.const:ti_sysbios_heaps_HeapMem_Module__FXNS__C)
                  20019fd4    00000025     strlib.obj (.const:.string:$P$T0$1)
                  20019ff9    00000001     app_pem4.oem4 (.const:xdc_runtime_Error_policy__C)
                  20019ffa    00000002     app_pem4.oem4 (.const:ti_sysbios_family_arm_m3_Hwi_Module__loggerDefined__C)
                  20019ffc    00000024     driverlib.a : spi.obj (.const:g_ppulSPIIntMap)
                  2001a020    00000024     app_pem4.oem4 (.const:ti_sysbios_gates_GateHwi_Module__FXNS__C)
                  2001a044    00000024     app_pem4.oem4 (.const:ti_sysbios_gates_GateMutex_Module__FXNS__C)
                  2001a068    00000024     app_pem4.oem4 (.const:ti_sysbios_heaps_HeapMem_Object__PARAMS__C)
                  2001a08c    00000024     app_pem4.oem4 (.const:ti_sysbios_knl_Semaphore_Object__PARAMS__C)
                  2001a0b0    00000024     app_pem4.oem4 (.const:xdc_runtime_LoggerBuf_Object__PARAMS__C)
                  2001a0d4    00000020     app_pem4.oem4 (.const:ti_sysbios_family_arm_m3_Hwi_Object__DESC__C)
                  2001a0f4    00000020     app_pem4.oem4 (.const:ti_sysbios_gates_GateHwi_Object__DESC__C)
                  2001a114    00000020     app_pem4.oem4 (.const:ti_sysbios_gates_GateMutex_Object__DESC__C)
                  2001a134    00000020     app_pem4.oem4 (.const:ti_sysbios_heaps_HeapMem_Object__DESC__C)
                  2001a154    00000020     app_pem4.oem4 (.const:ti_sysbios_knl_Mailbox_Object__DESC__C)
                  2001a174    00000020     app_pem4.oem4 (.const:ti_sysbios_knl_Queue_Object__DESC__C)
                  2001a194    00000020     app_pem4.oem4 (.const:ti_sysbios_knl_Semaphore_Object__DESC__C)
                  2001a1b4    00000020     app_pem4.oem4 (.const:ti_sysbios_knl_Task_Object__DESC__C)
                  2001a1d4    00000020     app_pem4.oem4 (.const:xdc_runtime_LoggerBuf_Object__DESC__C)
                  2001a1f4    00000018     driverlib.a : spi.obj (.const)
                  2001a20c    00000018     app_pem4.oem4 (.const:ti_sysbios_gates_GateHwi_Object__PARAMS__C)
                  2001a224    00000018     app_pem4.oem4 (.const:ti_sysbios_gates_GateMutex_Object__PARAMS__C)
                  2001a23c    00000018     app_pem4.oem4 (.const:ti_sysbios_knl_Queue_Object__PARAMS__C)
                  2001a254    00000018     app_pem4.oem4 (.const:xdc_runtime_Startup_sfxnRts__A)
                  2001a26c    00000014     simplelink.a : device.obj (.const)
                  2001a280    00000014                  : driver.obj (.const)
                  2001a294    00000011     ti.targets.arm.rtsarm.aem4 : System.oem4 (.const:.string)
                  2001a2a5    00000001     --HOLE-- [fill = 0]
                  2001a2a6    00000002     app_pem4.oem4 (.const:ti_sysbios_family_arm_m3_Timer_Module__id__C)
                  2001a2a8    00000010     driverlib.a : uart.obj (.const)
                  2001a2b8    00000010     app_pem4.oem4 (.const:xdc_runtime_Startup_firstFxns__A)
                  2001a2c8    0000000c     driverlib.a : i2c.obj (.const)
                  2001a2d4    00000008     simplelink.a : netcfg.obj (.const)
                  2001a2dc    00000008     app_pem4.oem4 (.const:ti_sysbios_family_arm_m3_Hwi_excHookFuncs__A)
                  2001a2e4    00000008     app_pem4.oem4 (.const:ti_sysbios_knl_Idle_funcList__C)
                  2001a2ec    00000008     app_pem4.oem4 (.const:xdc_runtime_Startup_firstFxns__C)
                  2001a2f4    00000008     app_pem4.oem4 (.const:xdc_runtime_Startup_lastFxns__C)
                  2001a2fc    00000006     exosite_meta.obj (.const:.string)
                  2001a302    00000002     app_pem4.oem4 (.const:ti_sysbios_family_arm_m3_TimestampProvider_configTimer__C)
                  2001a304    00000004     app_pem4.oem4 (.const:ti_sysbios_family_arm_m3_Hwi_E_alreadyDefined__C)
                  2001a308    00000004     app_pem4.oem4 (.const:ti_sysbios_family_arm_m3_Hwi_E_busFault__C)
                  2001a30c    00000004     app_pem4.oem4 (.const:ti_sysbios_family_arm_m3_Hwi_E_debugMon__C)
                  2001a310    00000004     app_pem4.oem4 (.const:ti_sysbios_family_arm_m3_Hwi_E_hardFault__C)
                  2001a314    00000004     app_pem4.oem4 (.const:ti_sysbios_family_arm_m3_Hwi_E_memFault__C)
                  2001a318    00000004     app_pem4.oem4 (.const:ti_sysbios_family_arm_m3_Hwi_E_noIsr__C)
                  2001a31c    00000004     app_pem4.oem4 (.const:ti_sysbios_family_arm_m3_Hwi_E_reserved__C)
                  2001a320    00000004     app_pem4.oem4 (.const:ti_sysbios_family_arm_m3_Hwi_E_svCall__C)
                  2001a324    00000004     app_pem4.oem4 (.const:ti_sysbios_family_arm_m3_Hwi_E_usageFault__C)
                  2001a328    00000004     app_pem4.oem4 (.const:ti_sysbios_family_arm_m3_Hwi_LD_end__C)
                  2001a32c    00000004     app_pem4.oem4 (.const:ti_sysbios_family_arm_m3_Hwi_LM_begin__C)
                  2001a330    00000004     app_pem4.oem4 (.const:ti_sysbios_family_arm_m3_Hwi_Module__diagsEnabled__C)
                  2001a334    00000004     app_pem4.oem4 (.const:ti_sysbios_family_arm_m3_Hwi_Module__diagsIncluded__C)
                  2001a338    00000004     app_pem4.oem4 (.const:ti_sysbios_family_arm_m3_Hwi_Module__diagsMask__C)
                  2001a33c    00000004     app_pem4.oem4 (.const:ti_sysbios_family_arm_m3_Hwi_Module__loggerFxn1__C)
                  2001a340    00000004     app_pem4.oem4 (.const:ti_sysbios_family_arm_m3_Hwi_Module__loggerFxn8__C)
                  2001a344    00000004     app_pem4.oem4 (.const:ti_sysbios_family_arm_m3_Hwi_Module__loggerObj__C)
                  2001a348    00000004     app_pem4.oem4 (.const:ti_sysbios_family_arm_m3_Hwi_NUM_INTERRUPTS__C)
                  2001a34c    00000004     app_pem4.oem4 (.const:ti_sysbios_family_arm_m3_Hwi_Object__count__C)
                  2001a350    00000004     app_pem4.oem4 (.const:ti_sysbios_family_arm_m3_Hwi_ccr__C)
                  2001a354    00000004     app_pem4.oem4 (.const:ti_sysbios_family_arm_m3_Hwi_excHandlerFunc__C)
                  2001a358    00000004     app_pem4.oem4 (.const:ti_sysbios_family_arm_m3_Hwi_excHookFuncs__C)
                  2001a35c    00000004     app_pem4.oem4 (.const:ti_sysbios_family_arm_m3_Hwi_nullIsrFunc__C)
                  2001a360    00000004     app_pem4.oem4 (.const:ti_sysbios_family_arm_m3_Hwi_priGroup__C)
                  2001a364    00000004     app_pem4.oem4 (.const:ti_sysbios_family_arm_m3_TaskSupport_stackAlignment__C)
                  2001a368    00000004     app_pem4.oem4 (.const:ti_sysbios_family_arm_m3_Timer_E_cannotSupport__C)
                  2001a36c    00000004     app_pem4.oem4 (.const:ti_sysbios_family_arm_m3_Timer_startupNeeded__C)
                  2001a370    00000004     app_pem4.oem4 (.const:ti_sysbios_gates_GateMutex_A_badContext__C)
                  2001a374    00000004     app_pem4.oem4 (.const:ti_sysbios_gates_GateMutex_Instance_State_sem__O)
                  2001a378    00000004     app_pem4.oem4 (.const:ti_sysbios_gates_GateMutex_Module__diagsEnabled__C)
                  2001a37c    00000004     app_pem4.oem4 (.const:ti_sysbios_gates_GateMutex_Module__diagsIncluded__C)
                  2001a380    00000004     app_pem4.oem4 (.const:ti_sysbios_gates_GateMutex_Module__diagsMask__C)
                  2001a384    00000004     app_pem4.oem4 (.const:ti_sysbios_hal_Hwi_E_stackOverflow__C)
                  2001a388    00000004     app_pem4.oem4 (.const:ti_sysbios_heaps_HeapMem_A_align__C)
                  2001a38c    00000004     app_pem4.oem4 (.const:ti_sysbios_heaps_HeapMem_A_heapSize__C)
                  2001a390    00000004     app_pem4.oem4 (.const:ti_sysbios_heaps_HeapMem_A_invalidFree__C)
                  2001a394    00000004     app_pem4.oem4 (.const:ti_sysbios_heaps_HeapMem_A_zeroBlock__C)
                  2001a398    00000004     app_pem4.oem4 (.const:ti_sysbios_heaps_HeapMem_E_memory__C)
                  2001a39c    00000004     app_pem4.oem4 (.const:ti_sysbios_heaps_HeapMem_Module__diagsEnabled__C)
                  2001a3a0    00000004     app_pem4.oem4 (.const:ti_sysbios_heaps_HeapMem_Module__diagsIncluded__C)
                  2001a3a4    00000004     app_pem4.oem4 (.const:ti_sysbios_heaps_HeapMem_Module__diagsMask__C)
                  2001a3a8    00000004     app_pem4.oem4 (.const:ti_sysbios_heaps_HeapMem_Module__gateObj__C)
                  2001a3ac    00000004     app_pem4.oem4 (.const:ti_sysbios_heaps_HeapMem_Object__count__C)
                  2001a3b0    00000004     app_pem4.oem4 (.const:ti_sysbios_heaps_HeapMem_reqAlign__C)
                  2001a3b4    00000004     app_pem4.oem4 (.const:ti_sysbios_knl_Clock_LM_begin__C)
                  2001a3b8    00000004     app_pem4.oem4 (.const:ti_sysbios_knl_Clock_LM_tick__C)
                  2001a3bc    00000004     app_pem4.oem4 (.const:ti_sysbios_knl_Clock_LW_delayed__C)
                  2001a3c0    00000004     app_pem4.oem4 (.const:ti_sysbios_knl_Clock_Module_State_clockQ__O)
                  2001a3c4    00000004     app_pem4.oem4 (.const:ti_sysbios_knl_Clock_Module__diagsEnabled__C)
                  2001a3c8    00000004     app_pem4.oem4 (.const:ti_sysbios_knl_Clock_Module__diagsIncluded__C)
                  2001a3cc    00000004     app_pem4.oem4 (.const:ti_sysbios_knl_Clock_Module__diagsMask__C)
                  2001a3d0    00000004     app_pem4.oem4 (.const:ti_sysbios_knl_Clock_Module__loggerFxn1__C)
                  2001a3d4    00000004     app_pem4.oem4 (.const:ti_sysbios_knl_Clock_Module__loggerFxn2__C)
                  2001a3d8    00000004     app_pem4.oem4 (.const:ti_sysbios_knl_Clock_Module__loggerObj__C)
                  2001a3dc    00000004     app_pem4.oem4 (.const:ti_sysbios_knl_Clock_tickPeriod__C)
                  2001a3e0    00000004     app_pem4.oem4 (.const:ti_sysbios_knl_Idle_funcList__A)
                  2001a3e4    00000004     app_pem4.oem4 (.const:ti_sysbios_knl_Mailbox_A_invalidBufSize__C)
                  2001a3e8    00000004     app_pem4.oem4 (.const:ti_sysbios_knl_Mailbox_Instance_State_dataQue__O)
                  2001a3ec    00000004     app_pem4.oem4 (.const:ti_sysbios_knl_Mailbox_Instance_State_dataSem__O)
                  2001a3f0    00000004     app_pem4.oem4 (.const:ti_sysbios_knl_Mailbox_Instance_State_freeQue__O)
                  2001a3f4    00000004     app_pem4.oem4 (.const:ti_sysbios_knl_Mailbox_Instance_State_freeSem__O)
                  2001a3f8    00000004     app_pem4.oem4 (.const:ti_sysbios_knl_Mailbox_Module__diagsEnabled__C)
                  2001a3fc    00000004     app_pem4.oem4 (.const:ti_sysbios_knl_Mailbox_Module__diagsIncluded__C)
                  2001a400    00000004     app_pem4.oem4 (.const:ti_sysbios_knl_Mailbox_Module__diagsMask__C)
                  2001a404    00000004     app_pem4.oem4 (.const:ti_sysbios_knl_Mailbox_Object__count__C)
                  2001a408    00000004     app_pem4.oem4 (.const:ti_sysbios_knl_Semaphore_A_badContext__C)
                  2001a40c    00000004     app_pem4.oem4 (.const:ti_sysbios_knl_Semaphore_A_noEvents__C)
                  2001a410    00000004     app_pem4.oem4 (.const:ti_sysbios_knl_Semaphore_A_overflow__C)
                  2001a414    00000004     app_pem4.oem4 (.const:ti_sysbios_knl_Semaphore_A_pendTaskDisabled__C)
                  2001a418    00000004     app_pem4.oem4 (.const:ti_sysbios_knl_Semaphore_Instance_State_pendQ__O)
                  2001a41c    00000004     app_pem4.oem4 (.const:ti_sysbios_knl_Semaphore_LM_pend__C)
                  2001a420    00000004     app_pem4.oem4 (.const:ti_sysbios_knl_Semaphore_LM_post__C)
                  2001a424    00000004     app_pem4.oem4 (.const:ti_sysbios_knl_Semaphore_Module__diagsEnabled__C)
                  2001a428    00000004     app_pem4.oem4 (.const:ti_sysbios_knl_Semaphore_Module__diagsIncluded__C)
                  2001a42c    00000004     app_pem4.oem4 (.const:ti_sysbios_knl_Semaphore_Module__diagsMask__C)
                  2001a430    00000004     app_pem4.oem4 (.const:ti_sysbios_knl_Semaphore_Module__loggerFxn2__C)
                  2001a434    00000004     app_pem4.oem4 (.const:ti_sysbios_knl_Semaphore_Module__loggerFxn4__C)
                  2001a438    00000004     app_pem4.oem4 (.const:ti_sysbios_knl_Semaphore_Module__loggerObj__C)
                  2001a43c    00000004     app_pem4.oem4 (.const:ti_sysbios_knl_Swi_LD_end__C)
                  2001a440    00000004     app_pem4.oem4 (.const:ti_sysbios_knl_Swi_LM_begin__C)
                  2001a444    00000004     app_pem4.oem4 (.const:ti_sysbios_knl_Swi_LM_post__C)
                  2001a448    00000004     app_pem4.oem4 (.const:ti_sysbios_knl_Swi_Module__diagsEnabled__C)
                  2001a44c    00000004     app_pem4.oem4 (.const:ti_sysbios_knl_Swi_Module__diagsIncluded__C)
                  2001a450    00000004     app_pem4.oem4 (.const:ti_sysbios_knl_Swi_Module__diagsMask__C)
                  2001a454    00000004     app_pem4.oem4 (.const:ti_sysbios_knl_Swi_Module__loggerFxn1__C)
                  2001a458    00000004     app_pem4.oem4 (.const:ti_sysbios_knl_Swi_Module__loggerFxn4__C)
                  2001a45c    00000004     app_pem4.oem4 (.const:ti_sysbios_knl_Swi_Module__loggerObj__C)
                  2001a460    00000004     app_pem4.oem4 (.const:ti_sysbios_knl_Swi_Object__count__C)
                  2001a464    00000004     app_pem4.oem4 (.const:ti_sysbios_knl_Task_A_badPriority__C)
                  2001a468    00000004     app_pem4.oem4 (.const:ti_sysbios_knl_Task_A_badTaskState__C)
                  2001a46c    00000004     app_pem4.oem4 (.const:ti_sysbios_knl_Task_A_badThreadType__C)
                  2001a470    00000004     app_pem4.oem4 (.const:ti_sysbios_knl_Task_A_badTimeout__C)
                  2001a474    00000004     app_pem4.oem4 (.const:ti_sysbios_knl_Task_A_noPendElem__C)
                  2001a478    00000004     app_pem4.oem4 (.const:ti_sysbios_knl_Task_A_sleepTaskDisabled__C)
                  2001a47c    00000004     app_pem4.oem4 (.const:ti_sysbios_knl_Task_E_spOutOfBounds__C)
                  2001a480    00000004     app_pem4.oem4 (.const:ti_sysbios_knl_Task_E_stackOverflow__C)
                  2001a484    00000004     app_pem4.oem4 (.const:ti_sysbios_knl_Task_LD_block__C)
                  2001a488    00000004     app_pem4.oem4 (.const:ti_sysbios_knl_Task_LD_exit__C)
                  2001a48c    00000004     app_pem4.oem4 (.const:ti_sysbios_knl_Task_LD_ready__C)
                  2001a490    00000004     app_pem4.oem4 (.const:ti_sysbios_knl_Task_LM_sleep__C)
                  2001a494    00000004     app_pem4.oem4 (.const:ti_sysbios_knl_Task_LM_switch__C)
                  2001a498    00000004     app_pem4.oem4 (.const:ti_sysbios_knl_Task_Module_State_inactiveQ__O)
                  2001a49c    00000004     app_pem4.oem4 (.const:ti_sysbios_knl_Task_Module__diagsEnabled__C)
                  2001a4a0    00000004     app_pem4.oem4 (.const:ti_sysbios_knl_Task_Module__diagsIncluded__C)
                  2001a4a4    00000004     app_pem4.oem4 (.const:ti_sysbios_knl_Task_Module__diagsMask__C)
                  2001a4a8    00000004     app_pem4.oem4 (.const:ti_sysbios_knl_Task_Module__loggerFxn2__C)
                  2001a4ac    00000004     app_pem4.oem4 (.const:ti_sysbios_knl_Task_Module__loggerFxn4__C)
                  2001a4b0    00000004     app_pem4.oem4 (.const:ti_sysbios_knl_Task_Module__loggerObj__C)
                  2001a4b4    00000004     app_pem4.oem4 (.const:ti_sysbios_knl_Task_Object__count__C)
                  2001a4b8    00000004     app_pem4.oem4 (.const:ti_sysbios_knl_Task_allBlockedFunc__C)
                  2001a4bc    00000004     app_pem4.oem4 (.const:ti_sysbios_knl_Task_defaultStackHeap__C)
                  2001a4c0    00000004     app_pem4.oem4 (.const:ti_sysbios_knl_Task_defaultStackSize__C)
                  2001a4c4    00000004     app_pem4.oem4 (.const:ti_sysbios_knl_Task_numConstructedTasks__C)
                  2001a4c8    00000004     app_pem4.oem4 (.const:xdc_runtime_Assert_E_assertFailed__C)
                  2001a4cc    00000004     app_pem4.oem4 (.const:xdc_runtime_Core_A_initializedParams__C)
                  2001a4d0    00000004     app_pem4.oem4 (.const:xdc_runtime_Core_Module__diagsEnabled__C)
                  2001a4d4    00000004     app_pem4.oem4 (.const:xdc_runtime_Core_Module__diagsIncluded__C)
                  2001a4d8    00000004     app_pem4.oem4 (.const:xdc_runtime_Core_Module__diagsMask__C)
                  2001a4dc    00000004     app_pem4.oem4 (.const:xdc_runtime_Error_E_memory__C)
                  2001a4e0    00000004     app_pem4.oem4 (.const:xdc_runtime_Error_Module__diagsEnabled__C)
                  2001a4e4    00000004     app_pem4.oem4 (.const:xdc_runtime_Error_Module__diagsIncluded__C)
                  2001a4e8    00000004     app_pem4.oem4 (.const:xdc_runtime_Error_Module__diagsMask__C)
                  2001a4ec    00000004     app_pem4.oem4 (.const:xdc_runtime_Error_Module__loggerFxn8__C)
                  2001a4f0    00000004     app_pem4.oem4 (.const:xdc_runtime_Error_Module__loggerObj__C)
                  2001a4f4    00000004     app_pem4.oem4 (.const:xdc_runtime_Error_policyFxn__C)
                  2001a4f8    00000004     app_pem4.oem4 (.const:xdc_runtime_Error_raiseHook__C)
                  2001a4fc    00000004     app_pem4.oem4 (.const:xdc_runtime_IFilterLogger_Interface__BASE__C)
                  2001a500    00000004     app_pem4.oem4 (.const:xdc_runtime_IGateProvider_Interface__BASE__C)
                  2001a504    00000004     app_pem4.oem4 (.const:xdc_runtime_IHeap_Interface__BASE__C)
                  2001a508    00000004     app_pem4.oem4 (.const:xdc_runtime_ILogger_Interface__BASE__C)
                  2001a50c    00000004     app_pem4.oem4 (.const:xdc_runtime_IModule_Interface__BASE__C)
                  2001a510    00000004     app_pem4.oem4 (.const:xdc_runtime_Log_L_error__C)
                  2001a514    00000004     app_pem4.oem4 (.const:xdc_runtime_LoggerBuf_E_badLevel__C)
                  2001a518    00000004     app_pem4.oem4 (.const:xdc_runtime_LoggerBuf_Module__gateObj__C)
                  2001a51c    00000004     app_pem4.oem4 (.const:xdc_runtime_LoggerBuf_Object__count__C)
                  2001a520    00000004     app_pem4.oem4 (.const:xdc_runtime_LoggerBuf_statusLogger__C)
                  2001a524    00000004     app_pem4.oem4 (.const:xdc_runtime_Memory_defaultHeapInstance__C)
                  2001a528    00000004     app_pem4.oem4 (.const:xdc_runtime_Startup_execImpl__C)
                  2001a52c    00000004     app_pem4.oem4 (.const:xdc_runtime_Startup_maxPasses__C)
                  2001a530    00000004     app_pem4.oem4 (.const:xdc_runtime_Startup_sfxnRts__C)
                  2001a534    00000004     app_pem4.oem4 (.const:xdc_runtime_Startup_sfxnTab__C)
                  2001a538    00000004     app_pem4.oem4 (.const:xdc_runtime_SysMin_bufSize__C)
                  2001a53c    00000004     app_pem4.oem4 (.const:xdc_runtime_SysMin_outputFunc__C)
                  2001a540    00000004     app_pem4.oem4 (.const:xdc_runtime_System_Module__gateObj__C)
                  2001a544    00000004     app_pem4.oem4 (.const:xdc_runtime_System_abortFxn__C)
                  2001a548    00000004     app_pem4.oem4 (.const:xdc_runtime_System_exitFxn__C)
                  2001a54c    00000004     app_pem4.oem4 (.const:xdc_runtime_System_extendFxn__C)
                  2001a550    00000004     app_pem4.oem4 (.const:xdc_runtime_System_maxAtexitHandlers__C)
                  2001a554    00000004     app_pem4.oem4 (.const:xdc_runtime_Text_charTab__C)
                  2001a558    00000004     app_pem4.oem4 (.const:xdc_runtime_Text_nameEmpty__C)
                  2001a55c    00000004     app_pem4.oem4 (.const:xdc_runtime_Text_nameStatic__C)
                  2001a560    00000004     app_pem4.oem4 (.const:xdc_runtime_Text_nameUnknown__C)
                  2001a564    00000004     app_pem4.oem4 (.const:xdc_runtime_Text_nodeTab__C)
                  2001a568    00000004     app_pem4.oem4 (.const:xdc_runtime_Text_visitRopeFxn__C)
                  2001a56c    00000002     app_pem4.oem4 (.const:ti_sysbios_gates_GateMutex_Module__id__C)
                  2001a56e    00000002     app_pem4.oem4 (.const:ti_sysbios_hal_Hwi_Module__id__C)
                  2001a570    00000002     app_pem4.oem4 (.const:ti_sysbios_heaps_HeapMem_Module__id__C)
                  2001a572    00000002     app_pem4.oem4 (.const:ti_sysbios_knl_Clock_Module__id__C)
                  2001a574    00000002     app_pem4.oem4 (.const:ti_sysbios_knl_Clock_Module__loggerDefined__C)
                  2001a576    00000002     app_pem4.oem4 (.const:ti_sysbios_knl_Mailbox_Module__id__C)
                  2001a578    00000002     app_pem4.oem4 (.const:ti_sysbios_knl_Semaphore_Module__id__C)
                  2001a57a    00000002     app_pem4.oem4 (.const:ti_sysbios_knl_Semaphore_Module__loggerDefined__C)
                  2001a57c    00000002     app_pem4.oem4 (.const:ti_sysbios_knl_Swi_Module__id__C)
                  2001a57e    00000002     app_pem4.oem4 (.const:ti_sysbios_knl_Swi_Module__loggerDefined__C)
                  2001a580    00000002     app_pem4.oem4 (.const:ti_sysbios_knl_Task_Module__id__C)
                  2001a582    00000002     app_pem4.oem4 (.const:ti_sysbios_knl_Task_Module__loggerDefined__C)
                  2001a584    00000002     app_pem4.oem4 (.const:ti_sysbios_knl_Task_initStackFlag__C)
                  2001a586    00000002     app_pem4.oem4 (.const:xdc_runtime_Core_Module__id__C)
                  2001a588    00000002     app_pem4.oem4 (.const:xdc_runtime_Error_Module__loggerDefined__C)
                  2001a58a    00000002     app_pem4.oem4 (.const:xdc_runtime_Error_maxDepth__C)
                  2001a58c    00000002     app_pem4.oem4 (.const:xdc_runtime_LoggerBuf_Module__id__C)
                  2001a58e    00000002     app_pem4.oem4 (.const:xdc_runtime_LoggerBuf_filterByLevel__C)
                  2001a590    00000002     app_pem4.oem4 (.const:xdc_runtime_Memory_Module__id__C)
                  2001a592    00000002     app_pem4.oem4 (.const:xdc_runtime_SysMin_flushAtExit__C)
                  2001a594    00000002     app_pem4.oem4 (.const:xdc_runtime_Text_charCnt__C)
                  2001a596    00000002     app_pem4.oem4 (.const:xdc_runtime_Text_isLoaded__C)
                  2001a598    00000002     app_pem4.oem4 (.const:xdc_runtime_Text_registryModsLastId__C)
                  2001a59a    00000002     app_pem4.oem4 (.const:xdc_runtime_Text_unnamedModsLastId__C)

.cinit     0    2001a5a0    00000418     
                  2001a5a0    000003f0     (.cinit..data.load) [load image, compression = rle]
                  2001a990    0000000c     (__TI_handler_table)
                  2001a99c    00000004     --HOLE-- [fill = 0]
                  2001a9a0    00000008     (.cinit..bss.load) [load image, compression = zero_init]
                  2001a9a8    00000010     (__TI_cinit_table)

.bss       0    2001c000    00009a44     UNINITIALIZED
                  2001c000    00008000     app_pem4.oem4 (.bss:ti_sysbios_heaps_HeapMem_Instance_State_0_buf__A)
                  20024000    00000800     app_pem4.oem4 (.bss:taskStackSection)
                  20024800    00000400     app_pem4.oem4 (.bss:xdc_runtime_LoggerBuf_Instance_State_0_entryArr__A)
                  20024c00    00000400     app_pem4.oem4 (.bss:xdc_runtime_SysMin_Module_State_0_outbuf__A)
                  20025000    00000370     main.obj (.bss:g_NetEntries)
                  20025370    0000030c     app_pem4.oem4 (.bss:ti_sysbios_family_arm_m3_Hwi_dispatchTable)
                  2002567c    00000178     simplelink.a : driver.obj (.bss:g_StatMem)
                  200257f4    00000120     rtsv7M4_T_le_eabi.lib : trgmsg.obj (.bss:__CIOBUF_)
                  20025914    00000050     simplelink.a : cc_pal.obj (.bss:g_ucDinDout)
                  20025964    0000004c     exosite.obj (.bss:exosite_provision_info)
                  200259b0    00000034     main.obj (.bss:g_cWlanSecurityKey)
                  200259e4    00000024     main.obj (.bss:g_cWlanSSID)
                  20025a08    00000010     (.common:exo_SocketAddr)
                  20025a18    0000000c     (.common:g_SecParams)
                  20025a24    00000008     (.common:parmbuf)
                  20025a2c    00000004     (.common:DMAMsgQ)
                  20025a30    00000004     (.common:SimpleLinkSpawnTaskHndl)
                  20025a34    00000004     (.common:__Errorlog)
                  20025a38    00000004     (.common:g_cDummy)
                  20025a3c    00000004     (.common:simpleLink_mailbox)
                  20025a40    00000001     (.common:g_ucLED1Pin)
                  20025a41    00000001     (.common:g_ucLED2Pin)
                  20025a42    00000001     (.common:g_ucLED3Pin)
                  20025a43    00000001     (.common:g_ucPriority)

.data      0    20025a48    00000684     UNINITIALIZED
                  20025a48    00000138     app_pem4.oem4 (.data)
                  20025b80    000000b0     rtsv7M4_T_le_eabi.lib : signal.obj (.data:sigtable)
                  20025c30    00000080                           : xvalues.obj (.data)
                  20025cb0    00000080     app_pem4.oem4 (.data:ti_sysbios_knl_Swi_Module_State_0_readyQ__A)
                  20025d30    00000080     app_pem4.oem4 (.data:ti_sysbios_knl_Task_Module_State_0_readyQ__A)
                  20025db0    00000068     rtsv7M4_T_le_eabi.lib : xfvalues.obj (.data)
                  20025e18    0000004c     app_pem4.oem4 (.data:ti_sysbios_knl_Task_Object__table__V)
                  20025e64    00000044     app_pem4.oem4 (.data:ti_sysbios_knl_Task_Module__state__V)
                  20025ea8    0000003c     main.obj (.data:g_token_get)
                  20025ee4    00000038     app_pem4.oem4 (.data:ti_sysbios_gates_GateMutex_Object__table__V)
                  20025f1c    00000034     cloud_demo.obj (.data)
                  20025f50    00000034     app_pem4.oem4 (.data:ti_sysbios_family_arm_m3_Hwi_Module__state__V)
                  20025f84    00000030     app_pem4.oem4 (.data:ti_sysbios_family_arm_m3_Timer_Object__table__V)
                  20025fb4    00000030     app_pem4.oem4 (.data:ti_sysbios_knl_Swi_Object__table__V)
                  20025fe4    0000002c     app_pem4.oem4 (.data:ti_sysbios_knl_Clock_Module__state__V)
                  20026010    00000024     app_pem4.oem4 (.data:ti_sysbios_BIOS_Module__state__V)
                  20026034    00000024     app_pem4.oem4 (.data:xdc_runtime_LoggerBuf_Object__table__V)
                  20026058    0000001c     gpio_if.obj (.data)
                  20026074    00000018     main.obj (.data)
                  2002608c    00000010     simplelink.a : cc_pal.obj (.data)
                  2002609c    00000008     exosite.obj (.data)
                  200260a4    00000008     rtsv7M4_T_le_eabi.lib : _lock.obj (.data)
                  200260ac    00000008                           : exit.obj (.data)
                  200260b4    00000008                           : feraiseexcept.obj (.data)
                  200260bc    00000008     simplelink.a : driver.obj (.data)
                  200260c4    00000004     rtsv7M4_T_le_eabi.lib : errno.obj (.data)
                  200260c8    00000004                           : stkdepth_vars.obj (.data)

.stack     0    2002e000    00002000     UNINITIALIZED
                  2002e000    00002000     --HOLE--


LINKER GENERATED COPY TABLES

__TI_cinit_table @ 2001a9a8 records: 2, size/record: 8, table size: 16
	.data: load addr=2001a5a0, load size=000003f0 bytes, run addr=20025a48, run size=00000684 bytes, compression=rle
	.bss: load addr=2001a9a0, load size=00000008 bytes, run addr=2001c000, run size=00009a44 bytes, compression=zero_init


LINKER GENERATED HANDLER TABLE

__TI_handler_table @ 2001a990 records: 3, size/record: 4, table size: 12
	index: 0, handler: __TI_decompress_rle24
	index: 1, handler: __TI_decompress_none
	index: 2, handler: __TI_zero_init


GLOBAL SYMBOLS: SORTED ALPHABETICALLY BY Name 

address    name
--------   ----
200123e5   BMA222Close
200123c3   BMA222Open
200123e9   BMA222Read
20012465   BMA222ReadNew
2001238d   BlockRead
20016951   C$$EXIT
20016033   C$$IO$$
2001617d   CPUbasepriGet
20016167   CPUbasepriSet
20016129   CPUcpsid
20016147   CPUcpsie
2001613d   CPUprimask
2001615b   CPUwfi
2001447b   ClearTerm
2000ba57   Cloud_Read
20008e65   CopyPingResultsToReport
20025a2c   DMAMsgQ
200097cd   DeInitDriver
200097db   DeInitDriverAP
2000b9c7   Demo_Tick
2000c6f5   DmaSpiSwIntHandler
20014485   Error
20007e75   Exosite_Activate
200080f1   Exosite_GetCIK
200080a1   Exosite_GetMRF
20007dd7   Exosite_Init
20008255   Exosite_Read
200080b5   Exosite_SetCIK
2000808d   Exosite_SetMRF
20007dd1   Exosite_StatusCode
20008191   Exosite_Write
20010925   FlashDisable
2001095b   FlashErase
20010995   FlashEraseNonBlocking
20010bd1   FlashIntClear
20010ba1   FlashIntDisable
20010b8d   FlashIntEnable
20010b69   FlashIntRegister
20010bb5   FlashIntStatus
20010b7d   FlashIntUnregister
200109b3   FlashMassErase
200109df   FlashMassEraseNonBlocking
200109ef   FlashProgram
20010a71   FlashProgramNonBlocking
20010af3   FlashProtectGet
200105b7   GPIODMATriggerDisable
2001055f   GPIODMATriggerEnable
2001036b   GPIODirModeGet
20010335   GPIODirModeSet
200104db   GPIOIntClear
2001049f   GPIOIntDisable
20010485   GPIOIntEnable
200104ef   GPIOIntRegister
200104b9   GPIOIntStatus
2001041f   GPIOIntTypeGet
2001039d   GPIOIntTypeSet
2001050d   GPIOIntUnregister
20010527   GPIOPinRead
2001053f   GPIOPinWrite
2000fee1   GPIO_IF_ConfigureNIntEnable
2000ff57   GPIO_IF_Get
2000fe9b   GPIO_IF_GetPortNPin
2000fc5d   GPIO_IF_LedConfigure
2000fd4f   GPIO_IF_LedOff
2000fc9b   GPIO_IF_LedOn
2000fe03   GPIO_IF_LedStatus
2000fe6d   GPIO_IF_LedToggle
2000ff1d   GPIO_IF_Set
20014493   GetCmd
20012329   GetRegisterValue
2000d1b9   GetStartResponseConvert
20011195   HOSTclock
2001115d   HOSTclose
2001111f   HOSTgetenv
200110c3   HOSTlseek
20011071   HOSTopen
20011025   HOSTread
20010fc7   HOSTrename
20010f8d   HOSTtime
20010f55   HOSTunlink
20010f09   HOSTwrite
2000caa1   HostIntHanlder
2000c571   I2CFIFODataGet
2000c58b   I2CFIFODataGetNonBlocking
2000c527   I2CFIFODataPut
2000c549   I2CFIFODataPutNonBlocking
2000c517   I2CFIFOStatus
2000c119   I2CIntRegister
2000c137   I2CIntUnregister
2000c5c7   I2CMasterBurstCountGet
2000c5b1   I2CMasterBurstLengthSet
2000c36f   I2CMasterBusBusy
2000c357   I2CMasterBusy
2000c387   I2CMasterControl
2000c3db   I2CMasterDataGet
2000c3c5   I2CMasterDataPut
2000c0e5   I2CMasterDisable
2000c0b1   I2CMasterEnable
2000c399   I2CMasterErr
2000c5d5   I2CMasterGlitchFilterConfigSet
2000bfe7   I2CMasterInitExpClk
2000c2d1   I2CMasterIntClear
2000c2e7   I2CMasterIntClearEx
2000c1ab   I2CMasterIntDisable
2000c1bb   I2CMasterIntDisableEx
2000c151   I2CMasterIntEnable
2000c161   I2CMasterIntEnableEx
2000c205   I2CMasterIntStatus
2000c23f   I2CMasterIntStatusEx
2000c349   I2CMasterLineStateGet
2000c327   I2CMasterSlaveAddrSet
2000c3e9   I2CMasterTimeoutSet
2000c4d7   I2CRxFIFOConfigSet
2000c4ff   I2CRxFIFOFlush
2000c3fb   I2CSlaveACKOverride
2000c42d   I2CSlaveACKValueSet
2000c073   I2CSlaveAddressSet
2000c487   I2CSlaveDataGet
2000c46f   I2CSlaveDataPut
2000c0fb   I2CSlaveDisable
2000c0c7   I2CSlaveEnable
2000c605   I2CSlaveFIFODisable
2000c5ed   I2CSlaveFIFOEnable
2000c059   I2CSlaveInit
2000c301   I2CSlaveIntClear
2000c313   I2CSlaveIntClearEx
2000c1d3   I2CSlaveIntDisable
2000c1eb   I2CSlaveIntDisableEx
2000c179   I2CSlaveIntEnable
2000c191   I2CSlaveIntEnableEx
2000c265   I2CSlaveIntStatus
2000c2a9   I2CSlaveIntStatusEx
2000c45f   I2CSlaveStatus
2000c497   I2CTxFIFOConfigSet
2000c4bf   I2CTxFIFOFlush
20011455   I2C_IF_Close
2001140d   I2C_IF_Open
20011307   I2C_IF_Read
200113c3   I2C_IF_ReadFrom
20011251   I2C_IF_Write
200097f5   InitDriver
20014469   InitTerm
2000faa9   IntDisable
2000fa0f   IntEnable
2000f8f9   IntMasterDisable
2000f8ef   IntMasterEnable
2000fbd1   IntPendClear
2000fb43   IntPendSet
2000f9eb   IntPriorityGet
2000f963   IntPriorityGroupingGet
2000f949   IntPriorityGroupingSet
2000fc35   IntPriorityMaskGet
2000fc29   IntPriorityMaskSet
2000f99b   IntPrioritySet
2000f913   IntRegister
2000f92f   IntUnregister
2000f903   IntVTableBaseSet
20017f4b   LoggerBuf_instanceStartup
20014471   Message
2000cae7   NwpMaskInterrupt
2000cbad   NwpPowerOff
2000cb7d   NwpPowerOn
2000cb0d   NwpPowerOnPreamble
2000cab5   NwpRegisterInterruptHandler
2000caf5   NwpUnMaskInterrupt
2000b041   PRCMCC3200MCUInit
2000aa79   PRCMDeepSleepEnter
2000ac43   PRCMHibernateEnter
2000ab7d   PRCMHibernateIntervalSet
2000abf1   PRCMHibernateWakeUpGPIOSelect
2000ab61   PRCMHibernateWakeupCauseGet
2000ab3b   PRCMHibernateWakeupSourceDisable
2000ab15   PRCMHibernateWakeupSourceEnable
2000a95f   PRCMI2SClockFreqSet
2000ad85   PRCMIntDisable
2000ad51   PRCMIntEnable
2000ad29   PRCMIntRegister
2000ada9   PRCMIntStatus
2000ad3d   PRCMIntUnregister
2000a9c7   PRCMLPDSEnter
2000aa33   PRCMLPDSIntervalSet
2000a9af   PRCMLPDSRestoreInfoSet
2000aa55   PRCMLPDSWakeUpGPIOSelect
2000aa2d   PRCMLPDSWakeupCauseGet
2000aa19   PRCMLPDSWakeupSourceDisable
2000a9f7   PRCMLPDSWakeupSourceEnable
2000a7d9   PRCMMCUReset
2000ad0f   PRCMOCRRegisterRead
2000acf5   PRCMOCRRegisterWrite
2000a849   PRCMPeripheralClkDisable
2000a81d   PRCMPeripheralClkEnable
2000a869   PRCMPeripheralClockGet
2000a8e7   PRCMPeripheralReset
2000a935   PRCMPeripheralStatusGet
2000ae71   PRCMRTCGet
2000adc1   PRCMRTCInUseGet
2000adaf   PRCMRTCInUseSet
2000afa5   PRCMRTCMatchGet
2000af09   PRCMRTCMatchSet
2000ade1   PRCMRTCSet
2000a7cd   PRCMSOCReset
2000aae1   PRCMSRAMRetentionDisable
2000aaa9   PRCMSRAMRetentionEnable
2000aa71   PRCMSleepEnter
2000ac53   PRCMSlowClkCtrGet
2000acb5   PRCMSlowClkCtrMatchGet
2000ac8d   PRCMSlowClkCtrMatchSet
2000a7f9   PRCMSysResetCauseGet
200098e5   ProvisioningAP
20014525   Report
2000bae1   Report_Sensors
UNDEFED    SHT$$INIT_ARRAY$$Base
UNDEFED    SHT$$INIT_ARRAY$$Limit
20007be9   SL_FD_CLR
20007c0d   SL_FD_ISSET
20007bcb   SL_FD_SET
20007c31   SL_FD_ZERO
2000b83d   SPICSDisable
2000b825   SPICSEnable
2000b4b5   SPIConfigSetExpClk
2000b583   SPIDataGet
2000b559   SPIDataGetNonBlocking
2000b5cb   SPIDataPut
2000b5a3   SPIDataPutNonBlocking
2000b447   SPIDisable
2000b479   SPIDmaDisable
2000b45f   SPIDmaEnable
2000b42f   SPIEnable
2000b603   SPIFIFODisable
2000b5e9   SPIFIFOEnable
2000b651   SPIFIFOLevelGet
2000b61d   SPIFIFOLevelSet
2000b7e7   SPIIntClear
2000b72f   SPIIntDisable
2000b6eb   SPIIntEnable
2000b6ad   SPIIntRegister
2000b779   SPIIntStatus
2000b6d1   SPIIntUnregister
2000b493   SPIReset
2000b855   SPITransfer
2000b685   SPIWordCountSet
2000b9ab   SW2_Pressed
2000b9bd   SW3_Pressed
20012353   SetRegisterValue
2000c713   SetupDMAReceive
2000c78d   SetupDMASend
20009565   SimpleLinkGeneralEventHandler
20009391   SimpleLinkHttpServerCallback
2000935b   SimpleLinkNetAppEventHandler
20009575   SimpleLinkSockEventHandler
20025a30   SimpleLinkSpawnTaskHndl
20009311   SimpleLinkWlanEventHandler
2000ba15   Status_Idicate
2000ebad   TMP006DrvGetTemp
2000e915   TMP006DrvOpen
20025e18   TSK_idle
200098a1   TimerA1IntHandler
20009893   TimerBaseIntHandler
2000f58d   TimerConfigure
2000f5fd   TimerControlEvent
2000f5c7   TimerControlLevel
2000f629   TimerControlStall
2000f8d1   TimerDMAEventGet
2000f8bf   TimerDMAEventSet
2000f56f   TimerDisable
2000f551   TimerEnable
2000f8ad   TimerIntClear
2000f871   TimerIntDisable
2000f859   TimerIntEnable
2000f793   TimerIntRegister
2000f889   TimerIntStatus
2000f7fd   TimerIntUnregister
2000f715   TimerLoadGet
2000f6eb   TimerLoadSet
2000f777   TimerMatchGet
2000f74d   TimerMatchSet
2000f689   TimerPrescaleGet
2000f6cf   TimerPrescaleMatchGet
2000f6a5   TimerPrescaleMatchSet
2000f65f   TimerPrescaleSet
[...]
20017f05   ti_sysbios_family_arm_m3_Hwi_startup__E
20017f05   ti_sysbios_hal_Hwi_HwiProxy_startup__E
20017f05   ti_sysbios_hal_Hwi_startup__E
20017f0d   ti_sysbios_knl_Idle_loop__E
20017f15   UtilsDelay
20017f1b   __xdc__init
20017f21   __TI_decompress_rle24
20017f27   log
20017f2d   ti_sysbios_family_arm_m3_Hwi_restoreFxn__E
20017f2d   ti_sysbios_hal_Hwi_HwiProxy_restore__E
20017f2d   ti_sysbios_hal_Hwi_restore__E
20017f33   ti_sysbios_gates_GateHwi_leave__E
20017f39   ti_sysbios_heaps_HeapMem_isBlocking__E
20017f3f   ti_sysbios_knl_Queue_Instance_init__E
20017f45   xdc_runtime_System_Module_startup__E
20017f4b   LoggerBuf_instanceStartup
20017f4f   ti_sysbios_BIOS_RtsGateProxy_enter__E
20017f53   ti_sysbios_BIOS_RtsGateProxy_leave__E
20017f57   ti_sysbios_family_arm_m3_Hwi_delete
20017f5b   ti_sysbios_family_arm_m3_TaskSupport_Module__startupDone__S
20017f5f   ti_sysbios_family_arm_m3_Timer_getMaxTicks__E
20017f63   ti_sysbios_gates_GateHwi_query__E
20017f63   xdc_runtime_LoggerBuf_Module_GateProxy_query__E
20017f63   xdc_runtime_Main_Module_GateProxy_query__E
20017f63   xdc_runtime_System_Module_GateProxy_query__E
20017f67   ti_sysbios_BIOS_RtsGateProxy_query__E
20017f67   ti_sysbios_gates_GateMutex_query__E
20017f67   ti_sysbios_heaps_HeapMem_Module_GateProxy_query__E
20017f6b   ti_sysbios_hal_Hwi_HwiProxy_Module__startupDone__S
20017f6f   ti_sysbios_hal_Timer_TimerProxy_Module__startupDone__S
20017f73   ti_sysbios_heaps_HeapMem_Module_GateProxy_enter__E
20017f77   ti_sysbios_heaps_HeapMem_Module_GateProxy_leave__E
20017f7b   ti_sysbios_knl_Clock_TimerProxy_Module__startupDone__S
20017f7f   ti_sysbios_knl_Clock_TimerProxy_getMaxTicks__E
20017f83   ti_sysbios_knl_Mailbox_delete
20017f87   ti_sysbios_knl_Queue_destruct
20017f8b   ti_sysbios_knl_Semaphore_delete
20017f8f   ti_sysbios_knl_Semaphore_destruct
20017f93   ti_sysbios_knl_Task_SupportProxy_Module__startupDone__S
20017f97   ti_sysbios_knl_Task_delete
20017f9b   ti_sysbios_knl_Task_startup__E
20017f9f   xdc_runtime_Error_getSite__E
20017fa3   xdc_runtime_LoggerBuf_Module_GateProxy_enter__E
20017fa7   xdc_runtime_LoggerBuf_Module_GateProxy_leave__E
20017fab   xdc_runtime_Memory_HeapProxy_alloc__E
20017faf   xdc_runtime_Memory_HeapProxy_free__E
20017fb3   xdc_runtime_System_Module_GateProxy_enter__E
20017fb7   xdc_runtime_System_Module_GateProxy_leave__E
20017fbb   xdc_runtime_System_aprintf_va__F
20017fbf   xdc_runtime_System_printf_va__F
20017fc8   xdc_runtime_Text_charTab__A
20019778   _ctypes_
2001987a   ti_sysbios_family_arm_m3_Hwi_Module__id__C
20019950   xdc_runtime_Text_nodeTab__A
20019d00   _SlPolicySetCmdCtrl
20019d04   _SlPolicyGetCmdCtrl
20019d08   _SlProfileGetCmdCtrl
20019d0c   _SlProfileDelCmdCtrl
20019d10   _SlWlanGetNetworkListCtrl
20019d14   _SlRxFilterAddtCmdCtrl
20019d18   _SlRxFilterSetCmdCtrl
20019d1c   _SlRxFilterGetCmdCtrl
20019d20   _SlSmartConfigStartCmdCtrl
20019d24   _SlWlanSetModeCmdCtrl
20019d28   _SlWlanCfgSetCmdCtrl
20019d2c   _SlWlanCfgGetCmdCtrl
20019d3c   ti_sysbios_knl_Task_Object__PARAMS__C
20019d78   xdc_runtime_LoggerBuf_Module__FXNS__C
20019db4   _SlActionLookupTable
20019dec   ti_sysbios_family_arm_m3_Hwi_E_NMI__C
20019e28   _SlFsOpenCmdCtrl
20019e2c   _SlFsCloseCmdCtrl
20019e30   _SlFsReadCmdCtrl
20019e34   _SlFsWriteCmdCtrl
20019e38   _SlFsGetInfoCmdCtrl
20019e3c   _SlFsDeleteCmdCtrl
20019e60   _SlSockSocketCmdCtrl
20019e64   _SlSockCloseCmdCtrl
20019e68   _SlRecvfomCmdCtrl
20019e6c   _SlSendCmdCtrl
20019e70   _SlListenCmdCtrl
20019e74   _SlAcceptCmdCtrl
20019e78   _SlRecvCmdCtrl
20019e7c   _SlSetSockOptCmdCtrl
20019e80   _SlGetSockOptCmdCtrl
20019e84   _SlSelectCmdCtrl
20019e94   ti_sysbios_knl_Mailbox_Object__PARAMS__C
20019ef8   ti_sysbios_family_arm_m3_Hwi_Object__PARAMS__C
20019f28   xdc_runtime_Startup_sfxnTab__A
20019f84   _SlNetAppStartCtrl
20019f88   _SlNetAppStopCtrl
20019f8c   _SlGetServiceListeCtrl
20019f90   _SlRegisterServiceCtrl
20019f94   _SlGetHostByServiceCtrl
20019f98   _SlGetHostByNameCtrl
20019f9c   _SlNetAppSetCmdCtrl
20019fa0   _SlNetAppSendTokenValueCmdCtrl
20019fa4   _SlNetAppGetCmdCtrl
20019fac   ti_sysbios_heaps_HeapMem_Module__FXNS__C
20019ff9   xdc_runtime_Error_policy__C
20019ffa   ti_sysbios_family_arm_m3_Hwi_Module__loggerDefined__C
2001a020   ti_sysbios_gates_GateHwi_Module__FXNS__C
2001a044   ti_sysbios_gates_GateMutex_Module__FXNS__C
2001a068   ti_sysbios_heaps_HeapMem_Object__PARAMS__C
2001a08c   ti_sysbios_knl_Semaphore_Object__PARAMS__C
2001a0b0   xdc_runtime_LoggerBuf_Object__PARAMS__C
2001a0d4   ti_sysbios_family_arm_m3_Hwi_Object__DESC__C
2001a0f4   ti_sysbios_gates_GateHwi_Object__DESC__C
2001a114   ti_sysbios_gates_GateMutex_Object__DESC__C
2001a134   ti_sysbios_heaps_HeapMem_Object__DESC__C
2001a154   ti_sysbios_knl_Mailbox_Object__DESC__C
2001a174   ti_sysbios_knl_Queue_Object__DESC__C
2001a194   ti_sysbios_knl_Semaphore_Object__DESC__C
2001a1b4   ti_sysbios_knl_Task_Object__DESC__C
2001a1d4   xdc_runtime_LoggerBuf_Object__DESC__C
2001a20c   ti_sysbios_gates_GateHwi_Object__PARAMS__C
2001a224   ti_sysbios_gates_GateMutex_Object__PARAMS__C
2001a23c   ti_sysbios_knl_Queue_Object__PARAMS__C
2001a254   xdc_runtime_Startup_sfxnRts__A
2001a26c   _SlStopCmdCtrl
2001a270   _SlEventMaskSetCmdCtrl
2001a274   _SlEventMaskGetCmdCtrl
2001a278   _SlDeviceGetCmdCtrl
2001a27c   _SlDeviceSetCmdCtrl
2001a280   g_H2NSyncPattern
2001a288   g_H2NCnysPattern
2001a2a6   ti_sysbios_family_arm_m3_Timer_Module__id__C
2001a2b8   xdc_runtime_Startup_firstFxns__A
2001a2d4   _SlNetCfgSetCmdCtrl
2001a2d8   _SlNetCfgGetCmdCtrl
2001a2dc   ti_sysbios_family_arm_m3_Hwi_excHookFuncs__A
2001a2e4   ti_sysbios_knl_Idle_funcList__C
2001a2ec   xdc_runtime_Startup_firstFxns__C
2001a2f4   xdc_runtime_Startup_lastFxns__C
2001a302   ti_sysbios_family_arm_m3_TimestampProvider_configTimer__C
2001a304   ti_sysbios_family_arm_m3_Hwi_E_alreadyDefined__C
2001a308   ti_sysbios_family_arm_m3_Hwi_E_busFault__C
2001a30c   ti_sysbios_family_arm_m3_Hwi_E_debugMon__C
2001a310   ti_sysbios_family_arm_m3_Hwi_E_hardFault__C
2001a314   ti_sysbios_family_arm_m3_Hwi_E_memFault__C
2001a318   ti_sysbios_family_arm_m3_Hwi_E_noIsr__C
2001a31c   ti_sysbios_family_arm_m3_Hwi_E_reserved__C
2001a320   ti_sysbios_family_arm_m3_Hwi_E_svCall__C
2001a324   ti_sysbios_family_arm_m3_Hwi_E_usageFault__C
2001a328   ti_sysbios_family_arm_m3_Hwi_LD_end__C
2001a32c   ti_sysbios_family_arm_m3_Hwi_LM_begin__C
2001a330   ti_sysbios_family_arm_m3_Hwi_Module__diagsEnabled__C
2001a334   ti_sysbios_family_arm_m3_Hwi_Module__diagsIncluded__C
2001a338   ti_sysbios_family_arm_m3_Hwi_Module__diagsMask__C
2001a33c   ti_sysbios_family_arm_m3_Hwi_Module__loggerFxn1__C
2001a340   ti_sysbios_family_arm_m3_Hwi_Module__loggerFxn8__C
2001a344   ti_sysbios_family_arm_m3_Hwi_Module__loggerObj__C
2001a348   ti_sysbios_family_arm_m3_Hwi_NUM_INTERRUPTS__C
2001a34c   ti_sysbios_family_arm_m3_Hwi_Object__count__C
2001a350   ti_sysbios_family_arm_m3_Hwi_ccr__C
2001a354   ti_sysbios_family_arm_m3_Hwi_excHandlerFunc__C
2001a358   ti_sysbios_family_arm_m3_Hwi_excHookFuncs__C
2001a35c   ti_sysbios_family_arm_m3_Hwi_nullIsrFunc__C
2001a360   ti_sysbios_family_arm_m3_Hwi_priGroup__C
2001a364   ti_sysbios_family_arm_m3_TaskSupport_stackAlignment__C
2001a368   ti_sysbios_family_arm_m3_Timer_E_cannotSupport__C
2001a36c   ti_sysbios_family_arm_m3_Timer_startupNeeded__C
2001a370   ti_sysbios_gates_GateMutex_A_badContext__C
2001a374   ti_sysbios_gates_GateMutex_Instance_State_sem__O
2001a378   ti_sysbios_gates_GateMutex_Module__diagsEnabled__C
2001a37c   ti_sysbios_gates_GateMutex_Module__diagsIncluded__C
2001a380   ti_sysbios_gates_GateMutex_Module__diagsMask__C
2001a384   ti_sysbios_hal_Hwi_E_stackOverflow__C
2001a388   ti_sysbios_heaps_HeapMem_A_align__C
2001a38c   ti_sysbios_heaps_HeapMem_A_heapSize__C
2001a390   ti_sysbios_heaps_HeapMem_A_invalidFree__C
2001a394   ti_sysbios_heaps_HeapMem_A_zeroBlock__C
2001a398   ti_sysbios_heaps_HeapMem_E_memory__C
2001a39c   ti_sysbios_heaps_HeapMem_Module__diagsEnabled__C
2001a3a0   ti_sysbios_heaps_HeapMem_Module__diagsIncluded__C
2001a3a4   ti_sysbios_heaps_HeapMem_Module__diagsMask__C
2001a3a8   ti_sysbios_heaps_HeapMem_Module__gateObj__C
2001a3ac   ti_sysbios_heaps_HeapMem_Object__count__C
2001a3b0   ti_sysbios_heaps_HeapMem_reqAlign__C
2001a3b4   ti_sysbios_knl_Clock_LM_begin__C
2001a3b8   ti_sysbios_knl_Clock_LM_tick__C
2001a3bc   ti_sysbios_knl_Clock_LW_delayed__C
2001a3c0   ti_sysbios_knl_Clock_Module_State_clockQ__O
2001a3c4   ti_sysbios_knl_Clock_Module__diagsEnabled__C
2001a3c8   ti_sysbios_knl_Clock_Module__diagsIncluded__C
2001a3cc   ti_sysbios_knl_Clock_Module__diagsMask__C
2001a3d0   ti_sysbios_knl_Clock_Module__loggerFxn1__C
2001a3d4   ti_sysbios_knl_Clock_Module__loggerFxn2__C
2001a3d8   ti_sysbios_knl_Clock_Module__loggerObj__C
2001a3dc   ti_sysbios_knl_Clock_tickPeriod__C
2001a3e0   ti_sysbios_knl_Idle_funcList__A
2001a3e4   ti_sysbios_knl_Mailbox_A_invalidBufSize__C
2001a3e8   ti_sysbios_knl_Mailbox_Instance_State_dataQue__O
2001a3ec   ti_sysbios_knl_Mailbox_Instance_State_dataSem__O
2001a3f0   ti_sysbios_knl_Mailbox_Instance_State_freeQue__O
2001a3f4   ti_sysbios_knl_Mailbox_Instance_State_freeSem__O
2001a3f8   ti_sysbios_knl_Mailbox_Module__diagsEnabled__C
2001a3fc   ti_sysbios_knl_Mailbox_Module__diagsIncluded__C
2001a400   ti_sysbios_knl_Mailbox_Module__diagsMask__C
2001a404   ti_sysbios_knl_Mailbox_Object__count__C
2001a408   ti_sysbios_knl_Semaphore_A_badContext__C
2001a40c   ti_sysbios_knl_Semaphore_A_noEvents__C
2001a410   ti_sysbios_knl_Semaphore_A_overflow__C
2001a414   ti_sysbios_knl_Semaphore_A_pendTaskDisabled__C
2001a418   ti_sysbios_knl_Semaphore_Instance_State_pendQ__O
2001a41c   ti_sysbios_knl_Semaphore_LM_pend__C
2001a420   ti_sysbios_knl_Semaphore_LM_post__C
2001a424   ti_sysbios_knl_Semaphore_Module__diagsEnabled__C
2001a428   ti_sysbios_knl_Semaphore_Module__diagsIncluded__C
2001a42c   ti_sysbios_knl_Semaphore_Module__diagsMask__C
2001a430   ti_sysbios_knl_Semaphore_Module__loggerFxn2__C
2001a434   ti_sysbios_knl_Semaphore_Module__loggerFxn4__C
2001a438   ti_sysbios_knl_Semaphore_Module__loggerObj__C
2001a43c   ti_sysbios_knl_Swi_LD_end__C
2001a440   ti_sysbios_knl_Swi_LM_begin__C
2001a444   ti_sysbios_knl_Swi_LM_post__C
2001a448   ti_sysbios_knl_Swi_Module__diagsEnabled__C
2001a44c   ti_sysbios_knl_Swi_Module__diagsIncluded__C
2001a450   ti_sysbios_knl_Swi_Module__diagsMask__C
2001a454   ti_sysbios_knl_Swi_Module__loggerFxn1__C
2001a458   ti_sysbios_knl_Swi_Module__loggerFxn4__C
2001a45c   ti_sysbios_knl_Swi_Module__loggerObj__C
2001a460   ti_sysbios_knl_Swi_Object__count__C
2001a464   ti_sysbios_knl_Task_A_badPriority__C
2001a468   ti_sysbios_knl_Task_A_badTaskState__C
2001a46c   ti_sysbios_knl_Task_A_badThreadType__C
2001a470   ti_sysbios_knl_Task_A_badTimeout__C
2001a474   ti_sysbios_knl_Task_A_noPendElem__C
2001a478   ti_sysbios_knl_Task_A_sleepTaskDisabled__C
2001a47c   ti_sysbios_knl_Task_E_spOutOfBounds__C
2001a480   ti_sysbios_knl_Task_E_stackOverflow__C
2001a484   ti_sysbios_knl_Task_LD_block__C
2001a488   ti_sysbios_knl_Task_LD_exit__C
2001a48c   ti_sysbios_knl_Task_LD_ready__C
2001a490   ti_sysbios_knl_Task_LM_sleep__C
2001a494   ti_sysbios_knl_Task_LM_switch__C
2001a498   ti_sysbios_knl_Task_Module_State_inactiveQ__O
2001a49c   ti_sysbios_knl_Task_Module__diagsEnabled__C
2001a4a0   ti_sysbios_knl_Task_Module__diagsIncluded__C
2001a4a4   ti_sysbios_knl_Task_Module__diagsMask__C
2001a4a8   ti_sysbios_knl_Task_Module__loggerFxn2__C
2001a4ac   ti_sysbios_knl_Task_Module__loggerFxn4__C
2001a4b0   ti_sysbios_knl_Task_Module__loggerObj__C
2001a4b4   ti_sysbios_knl_Task_Object__count__C
2001a4b8   ti_sysbios_knl_Task_allBlockedFunc__C
2001a4bc   ti_sysbios_knl_Task_defaultStackHeap__C
2001a4c0   ti_sysbios_knl_Task_defaultStackSize__C
2001a4c4   ti_sysbios_knl_Task_numConstructedTasks__C
2001a4c8   xdc_runtime_Assert_E_assertFailed__C
2001a4cc   xdc_runtime_Core_A_initializedParams__C
2001a4d0   xdc_runtime_Core_Module__diagsEnabled__C
2001a4d4   xdc_runtime_Core_Module__diagsIncluded__C
2001a4d8   xdc_runtime_Core_Module__diagsMask__C
2001a4dc   xdc_runtime_Error_E_memory__C
2001a4e0   xdc_runtime_Error_Module__diagsEnabled__C
2001a4e4   xdc_runtime_Error_Module__diagsIncluded__C
2001a4e8   xdc_runtime_Error_Module__diagsMask__C
2001a4ec   xdc_runtime_Error_Module__loggerFxn8__C
2001a4f0   xdc_runtime_Error_Module__loggerObj__C
2001a4f4   xdc_runtime_Error_policyFxn__C
2001a4f8   xdc_runtime_Error_raiseHook__C
2001a4fc   xdc_runtime_IFilterLogger_Interface__BASE__C
2001a500   xdc_runtime_IGateProvider_Interface__BASE__C
2001a504   xdc_runtime_IHeap_Interface__BASE__C
2001a508   xdc_runtime_ILogger_Interface__BASE__C
2001a50c   xdc_runtime_IModule_Interface__BASE__C
2001a510   xdc_runtime_Log_L_error__C
2001a514   xdc_runtime_LoggerBuf_E_badLevel__C
2001a518   xdc_runtime_LoggerBuf_Module__gateObj__C
2001a51c   xdc_runtime_LoggerBuf_Object__count__C
2001a520   xdc_runtime_LoggerBuf_statusLogger__C
2001a524   xdc_runtime_Memory_defaultHeapInstance__C
2001a528   xdc_runtime_Startup_execImpl__C
2001a52c   xdc_runtime_Startup_maxPasses__C
2001a530   xdc_runtime_Startup_sfxnRts__C
2001a534   xdc_runtime_Startup_sfxnTab__C
2001a538   xdc_runtime_SysMin_bufSize__C
2001a53c   xdc_runtime_SysMin_outputFunc__C
2001a540   xdc_runtime_System_Module__gateObj__C
2001a544   xdc_runtime_System_abortFxn__C
2001a548   xdc_runtime_System_exitFxn__C
2001a54c   xdc_runtime_System_extendFxn__C
2001a550   xdc_runtime_System_maxAtexitHandlers__C
2001a554   xdc_runtime_Text_charTab__C
2001a558   xdc_runtime_Text_nameEmpty__C
2001a55c   xdc_runtime_Text_nameStatic__C
2001a560   xdc_runtime_Text_nameUnknown__C
2001a564   xdc_runtime_Text_nodeTab__C
2001a568   xdc_runtime_Text_visitRopeFxn__C
2001a56c   ti_sysbios_gates_GateMutex_Module__id__C
2001a56e   ti_sysbios_hal_Hwi_Module__id__C
2001a570   ti_sysbios_heaps_HeapMem_Module__id__C
2001a572   ti_sysbios_knl_Clock_Module__id__C
2001a574   ti_sysbios_knl_Clock_Module__loggerDefined__C
2001a576   ti_sysbios_knl_Mailbox_Module__id__C
2001a578   ti_sysbios_knl_Semaphore_Module__id__C
2001a57a   ti_sysbios_knl_Semaphore_Module__loggerDefined__C
2001a57c   ti_sysbios_knl_Swi_Module__id__C
2001a57e   ti_sysbios_knl_Swi_Module__loggerDefined__C
2001a580   ti_sysbios_knl_Task_Module__id__C
2001a582   ti_sysbios_knl_Task_Module__loggerDefined__C
2001a584   ti_sysbios_knl_Task_initStackFlag__C
2001a586   xdc_runtime_Core_Module__id__C
2001a588   xdc_runtime_Error_Module__loggerDefined__C
2001a58a   xdc_runtime_Error_maxDepth__C
2001a58c   xdc_runtime_LoggerBuf_Module__id__C
2001a58e   xdc_runtime_LoggerBuf_filterByLevel__C
2001a590   xdc_runtime_Memory_Module__id__C
2001a592   xdc_runtime_SysMin_flushAtExit__C
2001a594   xdc_runtime_Text_charCnt__C
2001a596   xdc_runtime_Text_isLoaded__C
2001a598   xdc_runtime_Text_registryModsLastId__C
2001a59a   xdc_runtime_Text_unnamedModsLastId__C
2001a5a0   __TI_static_base__
2001a990   __TI_Handler_Table_Base
2001a99c   __TI_Handler_Table_Limit
2001a9a8   __TI_CINIT_Base
2001a9b8   __TI_CINIT_Limit
2001c000   ti_sysbios_heaps_HeapMem_Instance_State_0_buf__A
20024000   ti_sysbios_knl_Task_Instance_State_0_stack__A
20024800   xdc_runtime_LoggerBuf_Instance_State_0_entryArr__A
20024c00   xdc_runtime_SysMin_Module_State_0_outbuf__A
20025000   g_NetEntries
20025370   ti_sysbios_family_arm_m3_Hwi_dispatchTable
2002567c   g_StatMem
200257f4   __CIOBUF_
20025914   g_ucDinDout
20025964   exosite_provision_info
200259b0   g_cWlanSecurityKey
200259e4   g_cWlanSSID
20025a18   g_SecParams
20025a2c   DMAMsgQ
20025a30   SimpleLinkSpawnTaskHndl
20025a38   g_cDummy
20025a3c   simpleLink_mailbox
20025a40   g_ucLED1Pin
20025a41   g_ucLED2Pin
20025a42   g_ucLED3Pin
20025a43   g_ucPriority
20025a48   ti_sysbios_family_arm_m3_Hwi_Module__root__V
20025a50   ti_sysbios_family_arm_m3_Hwi_Object__table__V
20025a68   ti_sysbios_family_arm_m3_Hwi_Module_State_0_excActive__A
20025a6c   ti_sysbios_family_arm_m3_Hwi_Module_State_0_excContext__A
20025a70   ti_sysbios_family_arm_m3_Hwi_Module_State_0_excStack__A
20025a74   ti_sysbios_family_arm_m3_Timer_Module__root__V
20025a7c   ti_sysbios_family_arm_m3_Timer_Module__state__V
20025a88   ti_sysbios_family_arm_m3_TimestampProvider_Module__state__V
20025a8c   ti_sysbios_gates_GateHwi_Module__root__V
20025a94   ti_sysbios_gates_GateHwi_Object__table__V
20025a98   ti_sysbios_gates_GateMutex_Module__root__V
20025aa0   ti_sysbios_hal_Hwi_Module__root__V
20025aa8   ti_sysbios_hal_Timer_Module__root__V
20025ab0   ti_sysbios_heaps_HeapMem_Module__root__V
20025ab8   ti_sysbios_heaps_HeapMem_Object__table__V
20025ad0   ti_sysbios_knl_Clock_Module__root__V
20025ad8   ti_sysbios_knl_Event_Module__root__V
20025ae0   ti_sysbios_knl_Mailbox_Module__root__V
20025ae8   ti_sysbios_knl_Queue_Module__root__V
20025af0   ti_sysbios_knl_Semaphore_Module__root__V
20025af8   ti_sysbios_knl_Swi_Module__root__V
20025b00   ti_sysbios_knl_Swi_Module__state__V
20025b1c   ti_sysbios_knl_Task_Module__root__V
20025b24   ti_sysbios_knl_Task_Module_State_0_idleTask__A
20025b28   xdc_runtime_Error_Module__state__V
20025b2c   xdc_runtime_LoggerBuf_Module__root__V
20025b34   xdc_runtime_LoggerBuf_Module__state__V
20025b3c   xdc_runtime_Memory_Module__state__V
20025b40   xdc_runtime_Registry_Module__state__V
20025b48   xdc_runtime_Startup_Module__state__V
20025b50   xdc_runtime_SysMin_Module__state__V
20025b5c   xdc_runtime_System_Module_State_0_atexitHandlers__A
20025b6c   xdc_runtime_System_Module__state__V
20025b74   xdc_runtime_Text_Module__state__V
20025b7c   __xdc__init__addr
20025c30   _Denorm
20025c40   _Eps
20025c50   _Hugeval
20025c60   _Inf
20025c70   _Nan
20025c80   _Snan
20025c90   _Rteps
20025ca0   _Xbig
20025ca8   _Zero
20025cb0   ti_sysbios_knl_Swi_Module_State_0_readyQ__A
20025d30   ti_sysbios_knl_Task_Module_State_0_readyQ__A
20025db0   _FDenorm
20025dc0   _FEps
20025dd0   _FInf
20025de0   _FNan
20025df0   _FSnan
20025e00   _FRteps
20025e10   _FXbig
20025e14   _FZero
20025e18   TSK_idle
20025e18   ti_sysbios_knl_Task_Object__table__V
20025e64   ti_sysbios_knl_Task_Module__state__V
20025ea8   g_token_get
20025ee4   ti_sysbios_gates_GateMutex_Object__table__V
20025f1d   led_onoff
20025f20   max_accel
20025f24   tickcnt
20025f28   uptime
20025f2c   sw2_button_on
20025f30   g_ipV4
20025f40   threshold
20025f44   holdoff
20025f50   ti_sysbios_family_arm_m3_Hwi_Module__state__V
20025f84   ti_sysbios_family_arm_m3_Timer_Object__table__V
20025fb4   ti_sysbios_knl_Swi_Object__table__V
20025fe4   ti_sysbios_knl_Clock_Module__state__V
20026010   ti_sysbios_BIOS_Module__state__V
20026034   xdc_runtime_LoggerBuf_Object__table__V
20026068   g_uiLED1Port
2002606c   g_uiLED2Port
20026070   g_uiLED3Port
20026074   g_ucIpObtained
20026075   g_ucProfileAdded
20026076   g_ucConnectionStatus
20026077   g_ucConnectedToConfAP
20026078   g_ucProvisioningDone
2002607c   g_uiConnectTimeoutCnt
20026080   g_uiIpAddress
20026084   g_ucIpLeased
20026088   g_ulStaIp
2002608c   g_pHostIntHdl
20026090   g_SpiFd
20026094   g_ucDMAEnabled
20026098   g_len
200260a4   _lock
200260a8   _unlock
200260ac   __TI_cleanup_ptr
200260b0   __TI_dtors_ptr
200260b4   _Fenv
200260b8   _Tls_setup__Fenv
200260bc   g_pCB
200260c0   pPingCallBackFunc
200260c4   _Errno
200260c8   main_func_sp
2002e000   __stack
20030000   __STACK_END
e000e000   ti_sysbios_family_arm_m3_Hwi_nvic
ffffffff   __binit__
ffffffff   __c_args__
ffffffff   binit
UNDEFED    SHT$$INIT_ARRAY$$Base
UNDEFED    SHT$$INIT_ARRAY$$Limit

[1295 symbols]
