******************************************************************************
                  TI ARM Linker PC v5.1.7                      
******************************************************************************
>> Linked Tue Aug 19 13:31:36 2014

OUTPUT FILE NAME:   <exosite_cloud_demo_for_cc3200.out>
ENTRY POINT SYMBOL: "_c_int00"  address: 20016a7d


MEMORY CONFIGURATION

         name            origin    length      used     unused   attr    fill
----------------------  --------  ---------  --------  --------  ----  --------
  SRAM_CODE             20004000   00017fff  00016caa  00001355  RW X
  SRAM_DATA             2001c000   00014000  0000c12c  00007ed4  RW X


SEGMENT ALLOCATION MAP

run origin  load origin   length   init length attrs members
----------  ----------- ---------- ----------- ----- -------
20004000    20004000    00016cb0   00016cb0    r-x
  20004000    20004000    0000030c   0000030c    r-- .resetVecs
  2000430c    2000430c    00013eaa   00013eaa    r-x .text
  200181b8    200181b8    00002674   00002674    r-- .const
  2001a830    2001a830    00000480   00000480    r-- .cinit
2001c000    2001c000    0000a130   00000000    rw-
  2001c000    2001c000    00009a44   00000000    rw- .bss
  20025a48    20025a48    000006e8   00000000    rw- .data
2002e000    2002e000    00002000   00000000    rw-
  2002e000    2002e000    00002000   00000000    rw- .stack


SECTION ALLOCATION MAP

 output                                  attributes/
section   page    origin      length       input sections
--------  ----  ----------  ----------   ----------------
.bootVecs 
*          0    00000000    00000008     DSECT
                  00000000    00000008     boot.aem4 : boot.oem4 (.bootVecs)

xdc.meta   0    00000000    00000110     COPY SECTION
                  00000000    00000110     app_pem4.oem4 (xdc.meta)

.init_array 
*          0    20004000    00000000     UNINITIALIZED

.vecs      0    20004000    00000000     DSECT

.resetVecs 
*          0    20004000    0000030c     
                  20004000    0000030c     app_pem4.oem4 (.resetVecs)

.text      0    2000430c    00013eaa     
                  2000430c    00001d7c     simplelink.a : driver.obj (.text)
                  20006088    00000ec0     rtsv7M4_T_le_eabi.lib : _printfi.obj (.text)
                  20006f48    00000d88     simplelink.a : socket.obj (.text)
                  20007cd0    00000b94     exosite.obj (.text)
                  20008864    00000ab4     simplelink.a : netapp.obj (.text)
                  20009318    00000a64     main.obj (.text)
                  20009d7c    00000a5c     simplelink.a : wlan.obj (.text)
                  2000a7d8    0000098c     driverlib.a : prcm.obj (.text)
                  2000b164    0000079c                 : spi.obj (.text)
                  2000b900    000006ac     cloud_demo.obj (.text)
                  2000bfac    0000067a     driverlib.a : i2c.obj (.text)
                  2000c626    00000002     app_pem4.oem4 (.text:ti_sysbios_BIOS_nullFunc__I)
                  2000c628    00000668     simplelink.a : cc_pal.obj (.text)
                  2000cc90    00000538     ti_rtos.a : osi_tirtos.obj (.text)
                  2000d1c8    00000500     simplelink.a : device.obj (.text)
                  2000d6c8    000004a4     driverlib.a : udma.obj (.text)
                  2000db6c    00000490     rtsv7M4_T_le_eabi.lib : pow.obj (.text)
                  2000dffc    0000048c     driverlib.a : uart.obj (.text)
                  2000e488    0000045c     simplelink.a : fs.obj (.text)
                  2000e8e4    00000434     tmp006drv.obj (.text)
                  2000ed18    00000428     exosite_hal.obj (.text)
                  2000f140    00000424     sysbios.aem4 : BIOS.obj (.text:ti_sysbios_family_arm_m3_Hwi_excDumpRegs__I)
                  2000f564    0000039c     driverlib.a : timer.obj (.text)
                  2000f900    00000370                 : interrupt.obj (.text)
                  2000fc70    00000354     gpio_if.obj (.text)
                  2000ffc4    0000033c     ti.targets.arm.rtsarm.aem4 : System.oem4 (.text:xdc_runtime_System_doPrint__I)
                  20010300    00000334     driverlib.a : gpio.obj (.text)
                  20010634    00000304     sysbios.aem4 : BIOS.obj (.text:ti_sysbios_knl_Semaphore_pend__E)
                  20010938    00000300     driverlib.a : flash.obj (.text)
                  20010c38    000002e4     rtsv7M4_T_le_eabi.lib : xlog.obj (.text)
                  20010f1c    000002d4                           : trgdrv.obj (.text)
                  200111f0    00000290     i2c_if.obj (.text)
                  20011480    00000284     driverlib.a : pin.obj (.text)
                  20011704    00000248     sysbios.aem4 : BIOS.obj (.text:ti_sysbios_heaps_HeapMem_free__E)
                  2001194c    00000234                  : BIOS.obj (.text:ti_sysbios_heaps_HeapMem_alloc__E)
                  20011b80    00000228                  : BIOS.obj (.text:ti_sysbios_knl_Task_Instance_finalize__E)
                  20011da8    00000208                  : BIOS.obj (.text:ti_sysbios_knl_Task_sleep__E)
                  20011fb0    000001fc     rtsv7M4_T_le_eabi.lib : xexp.obj (.text)
                  200121ac    000001f8     sysbios.aem4 : BIOS.obj (.text:ti_sysbios_family_arm_m3_Hwi_excHandlerMax__I)
                  200123a4    000001f4     rtsv7M4_T_le_eabi.lib : ull_div_t2.obj (.text)
                  20012598    000001ec     bma222drv.obj (.text)
                  20012784    000001bc     sysbios.aem4 : BIOS.obj (.text:ti_sysbios_knl_Task_Instance_init__E)
                  20012940    000001b6     rtsv7M4_T_le_eabi.lib : fd_add_t2.obj (.text)
                  20012af6    00000002     sysbios.aem4 : BIOS.obj (.text:ti_sysbios_gates_GateHwi_Instance_init__E)
                  20012af8    000001a4     exosite_meta.obj (.text)
                  20012c9c    0000018c     sysbios.aem4 : BIOS.obj (.text:ti_sysbios_knl_Task_Module_startup__E)
                  20012e28    00000168                  : BIOS.obj (.text:ti_sysbios_family_arm_m3_Hwi_excBusFault__I)
                  20012f90    00000160                  : BIOS.obj (.text:ti_sysbios_knl_Mailbox_Instance_init__E)
                  200130f0    00000154                  : BIOS.obj (.text:ti_sysbios_family_arm_m3_Hwi_excUsageFault__I)
                  20013244    00000140                  : BIOS.obj (.text:ti_sysbios_family_arm_m3_Hwi_excMemFault__I)
                  20013384    0000013c                  : BIOS.obj (.text:ti_sysbios_family_arm_m3_Hwi_dispatchC__I)
                  200134c0    00000138                  : BIOS.obj (.text:ti_sysbios_heaps_HeapMem_Instance_init__E)
                  200135f8    00000138                  : BIOS.obj (.text:ti_sysbios_knl_Semaphore_post__E)
                  20013730    00000136     rtsv7M4_T_le_eabi.lib : fd_div_t2.obj (.text)
                  20013866    00000002     app_pem4.oem4 (.text:xdc_runtime_Startup_reset__I)
                  20013868    00000130     ti.targets.arm.rtsarm.aem4 : LoggerBuf.oem4 (.text:xdc_runtime_LoggerBuf_write8__E)
                  20013998    0000012c     sysbios.aem4 : BIOS.obj (.text:ti_sysbios_knl_Clock_workFunc__E)
                  20013ac4    00000120                  : BIOS.obj (.text:ti_sysbios_knl_Swi_run__I)
                  20013be4    00000120     ti.targets.arm.rtsarm.aem4 : Error.oem4 (.text:xdc_runtime_Error_policyDefault__E)
                  20013d04    00000110     rtsv7M4_T_le_eabi.lib : xdscale.obj (.text)
                  20013e14    00000104     ti.targets.arm.rtsarm.aem4 : Core-mem.oem4 (.text:xdc_runtime_Core_createObject__I)
                  20013f18    00000104     app_pem4.oem4 (.text:xdc_runtime_System_printfExtend__I)
                  2001401c    00000100     simplelink.a : netcfg.obj (.text)
                  2001411c    000000fc     rtsv7M4_T_le_eabi.lib : fd_mul_t2.obj (.text)
                  20014218    000000fc     ti.targets.arm.rtsarm.aem4 : Startup.oem4 (.text:xdc_runtime_Startup_startMods__I)
                  20014314    000000fa     rtsv7M4_T_le_eabi.lib : fs_add_t2.obj (.text)
                  2001440e    000000fa     timer_if.obj (.text)
                  20014508    000000e0     uart_if.obj (.text)
                  200145e8    000000d4     ti.targets.arm.rtsarm.aem4 : LoggerBuf.oem4 (.text:xdc_runtime_LoggerBuf_write4__E)
                  200146bc    000000d0     sysbios.aem4 : m3_Hwi_asm.obj (.text:ti_sysbios_family_arm_m3_Hwi_dispatch__I)
                  2001478c    000000cc     ti.targets.arm.rtsarm.aem4 : Core-smem.oem4 (.text:xdc_runtime_Core_constructObject__I)
                  20014858    000000c8     sysbios.aem4 : BIOS.obj (.text:ti_sysbios_knl_Task_schedule__I)
                  20014920    000000c4     rtsv7M4_T_le_eabi.lib : xdint.obj (.text)
                  200149e4    000000c4                           : xdnorm.obj (.text)
                  20014aa8    000000c4     sysbios.aem4 : BIOS.obj (.text:ti_sysbios_family_arm_m3_Hwi_Module_startup__E)
                  20014b6c    000000c0                  : BIOS.obj (.text:ti_sysbios_knl_Task_exit__E)
                  20014c2c    000000bc                  : BIOS.obj (.text:ti_sysbios_knl_Task_startCore__E)
                  20014ce8    000000b4                  : BIOS.obj (.text:ti_sysbios_family_arm_m3_Hwi_excHardFault__I)
                  20014d9c    000000b4                  : BIOS.obj (.text:ti_sysbios_gates_GateMutex_enter__E)
                  20014e50    000000b4                  : BIOS.obj (.text:ti_sysbios_knl_Task_checkStacks__E)
                  20014f04    000000b0     pinmux.obj (.text)
                  20014fb4    000000b0     sysbios.aem4 : BIOS.obj (.text:ti_sysbios_family_arm_m3_Hwi_excDebugMon__I)
                  20015064    000000a8                  : BIOS.obj (.text:ti_sysbios_knl_Swi_post__E)
                  2001510c    000000a8                  : BIOS.obj (.text:ti_sysbios_knl_Task_blockI__E)
                  200151b4    000000a8                  : BIOS.obj (.text:ti_sysbios_knl_Task_postInit__I)
                  2001525c    000000a0     auto_init.aem4 : auto_init.oem4 (.text)
                  200152fc    0000009c     rtsv7M4_T_le_eabi.lib : memcpy_t2.obj (.text)
                  20015398    0000009c     sysbios.aem4 : BIOS.obj (.text:ti_sysbios_family_arm_m3_Hwi_Instance_init__E)
                  20015434    0000009c                  : BIOS.obj (.text:ti_sysbios_knl_Semaphore_Instance_init__E)
                  200154d0    0000009a     ti.targets.arm.rtsarm.aem4 : Text.oem4 (.text:xdc_runtime_Text_putSite__E)
                  2001556a    00000002     --HOLE-- [fill = 0]
                  2001556c    00000098     rtsv7M4_T_le_eabi.lib : snprintf.obj (.text)
                  20015604    00000094     sysbios.aem4 : BIOS.obj (.text:ti_sysbios_knl_Mailbox_post__E)
                  20015698    00000094                  : BIOS.obj (.text:ti_sysbios_knl_Task_unblockI__E)
                  2001572c    00000094     ti.targets.arm.rtsarm.aem4 : Text.oem4 (.text:xdc_runtime_Text_putMod__E)
                  200157c0    00000092     rtsv7M4_T_le_eabi.lib : fs_div_t2.obj (.text)
                  20015852    00000002     --HOLE-- [fill = 0]
                  20015854    00000088     sysbios.aem4 : BIOS.obj (.text:ti_sysbios_knl_Mailbox_Module_startup__E)
                  200158dc    00000086     rtsv7M4_T_le_eabi.lib : fd_cmp_t2.obj (.text:__aeabi_cdcmple)
                  20015962    00000086                           : fd_cmp_t2.obj (.text:__aeabi_cdrcmple)
                  200159e8    00000084     sysbios.aem4 : BIOS.obj (.text:ti_sysbios_family_arm_m3_Hwi_initNVIC__E)
                  20015a6c    00000084                  : BIOS.obj (.text:ti_sysbios_knl_Mailbox_pend__E)
                  20015af0    00000080     ti.targets.arm.rtsarm.aem4 : LoggerBuf.oem4 (.text:xdc_runtime_LoggerBuf_setFilterLevel__E)
                  20015b70    0000007a     rtsv7M4_T_le_eabi.lib : fs_mul_t2.obj (.text)
                  20015bea    00000078                           : memset_t2.obj (.text)
                  20015c62    00000002     --HOLE-- [fill = 0]
                  20015c64    00000070     sysbios.aem4 : BIOS.obj (.text:ti_sysbios_family_arm_m3_Hwi_postInit__I)
                  20015cd4    00000070                  : BIOS.obj (.text:ti_sysbios_knl_Mailbox_Instance_finalize__E)
                  20015d44    00000070     ti.targets.arm.rtsarm.aem4 : Memory.oem4 (.text:xdc_runtime_Memory_alloc__E)
                  20015db4    0000006c                                : Error.oem4 (.text:xdc_runtime_Error_print__E)
                  20015e20    0000006c                                : LoggerBuf.oem4 (.text:xdc_runtime_LoggerBuf_getFilterLevel__E)
                  20015e8c    00000068     simplelink.a : flowcont.obj (.text)
                  20015ef4    00000066     ti.targets.arm.rtsarm.aem4 : Core-mem.oem4 (.text:xdc_runtime_Core_deleteObject__I)
                  20015f5a    00000064     rtsv7M4_T_le_eabi.lib : xdunscal.obj (.text)
                  20015fbe    00000002     --HOLE-- [fill = 0]
                  20015fc0    00000064     app_pem4.oem4 (.text:ti_sysbios_family_arm_m3_Hwi_create)
                  20016024    00000064     app_pem4.oem4 (.text:ti_sysbios_knl_Mailbox_create)
                  20016088    00000060     rtsv7M4_T_le_eabi.lib : fs_cmp_t2.obj (.text:__aeabi_cfcmple)
                  200160e8    00000060                           : fs_cmp_t2.obj (.text:__aeabi_cfrcmple)
                  20016148    00000060                           : sprintf.obj (.text)
                  200161a8    00000060                           : trgmsg.obj (.text)
                  20016208    00000060     sysbios.aem4 : BIOS.obj (.text:ti_sysbios_family_arm_m3_TimestampProvider_get64__E)
                  20016268    00000060                  : BIOS.obj (.text:ti_sysbios_knl_Clock_logTick__E)
                  200162c8    00000060     ti.targets.arm.rtsarm.aem4 : System.oem4 (.text:xdc_runtime_System_formatNum__I)
                  20016328    0000005e     driverlib.a : cpu.obj (.text)
                  20016386    0000005e     rtsv7M4_T_le_eabi.lib : copy_decompress_rle.obj (.text)
                  200163e4    0000005c     sysbios.aem4 : BIOS.obj (.text:ti_sysbios_family_arm_m3_Timer_setPeriod__E)
                  20016440    0000005c     app_pem4.oem4 (.text:ti_sysbios_knl_Task_create)
                  2001649c    0000005c     app_pem4.oem4 (.text:xdc_runtime_LoggerBuf_Object__create__S)
                  200164f8    0000005b     ti.targets.arm.rtsarm.aem4 : Text.oem4 (.text:xdc_runtime_Text_putLab__E)
                  20016553    00000001     --HOLE-- [fill = 0]
                  20016554    0000005a     rtsv7M4_T_le_eabi.lib : ltoa.obj (.text)
                  200165ae    00000002     --HOLE-- [fill = 0]
                  200165b0    00000058     sysbios.aem4 : BIOS.obj (.text:ti_sysbios_knl_Swi_restoreHwi__E)
                  20016608    00000058                  : BIOS.obj (.text:ti_sysbios_knl_Swi_schedule__I)
                  20016660    00000054                  : BIOS.obj (.text:ti_sysbios_family_arm_m3_Timer_start__E)
                  200166b4    00000050     ti.targets.arm.rtsarm.aem4 : Startup.oem4 (.text:xdc_runtime_Startup_exec__E)
                  20016704    00000050                                : Text.oem4 (.text:xdc_runtime_Text_visitRope2__I)
                  20016754    0000004c     rtsv7M4_T_le_eabi.lib : atoi.obj (.text)
                  200167a0    0000004c     sysbios.aem4 : m3_TaskSupport_asm.obj (.text:ti_sysbios_family_arm_m3_TaskSupport_buildTaskStack)
                  200167ec    0000004c                  : BIOS.obj (.text:ti_sysbios_knl_Swi_runLoop__I)
                  20016838    0000004a     rtsv7M4_T_le_eabi.lib : fd_tos_t2.obj (.text)
                  20016882    00000048                           : fd_toi_t2.obj (.text)
                  200168ca    00000002     --HOLE-- [fill = 0]
                  200168cc    00000048     sysbios.aem4 : BIOS.obj (.text:ti_sysbios_family_arm_m3_Hwi_excReserved__I)
                  20016914    00000048                  : m3_Hwi_asm_switch.obj (.text:ti_sysbios_family_arm_m3_Hwi_initStacks__E)
                  2001695c    00000048                  : BIOS.obj (.text:ti_sysbios_family_arm_m3_Timer_initDevice__I)
                  200169a4    00000048                  : BIOS.obj (.text:ti_sysbios_heaps_HeapMem_getStats__E)
                  200169ec    00000048     ti.targets.arm.rtsarm.aem4 : Assert.oem4 (.text:xdc_runtime_Assert_raise__I)
                  20016a34    00000046                                : Core-params.oem4 (.text:xdc_runtime_Core_assignParams__I)
                  20016a7a    00000002     --HOLE-- [fill = 0]
                  20016a7c    00000044     boot.aem4 : boot.oem4 (.text)
                  20016ac0    00000044     rtsv7M4_T_le_eabi.lib : cpy_tbl.obj (.text)
                  20016b04    00000044                           : exit.obj (.text)
                  20016b48    00000044                           : xdtest.obj (.text)
                  20016b8c    00000044     sysbios.aem4 : BIOS.obj (.text:ti_sysbios_family_arm_m3_Hwi_disableInterrupt__E)
                  20016bd0    00000044                  : BIOS.obj (.text:ti_sysbios_family_arm_m3_Hwi_enableInterrupt__E)
                  20016c14    00000044                  : BIOS.obj (.text:ti_sysbios_knl_Task_allBlockedFunction__I)
                  20016c58    00000044     ti.targets.arm.rtsarm.aem4 : Error.oem4 (.text:xdc_runtime_Error_setX__E)
                  20016c9c    00000044                                : LoggerBuf.oem4 (.text:xdc_runtime_LoggerBuf_filterOutEvent__I)
                  20016ce0    00000044                                : SysMin.oem4 (.text:xdc_runtime_SysMin_flush__E)
                  20016d24    00000042     rtsv7M4_T_le_eabi.lib : u_divt2.obj (.text)
                  20016d66    00000002     --HOLE-- [fill = 0]
                  20016d68    00000040                           : signal.obj (.text)
                  20016da8    00000040     sysbios.aem4 : BIOS.obj (.text:ti_sysbios_family_arm_m3_Timer_Module_startup__E)
                  20016de8    00000040                  : BIOS.obj (.text:ti_sysbios_knl_Mailbox_postInit__I)
                  20016e28    0000003c                  : BIOS.obj (.text:ti_sysbios_family_arm_m3_Hwi_excSvCall__I)
                  20016e64    0000003c                  : BIOS.obj (.text:ti_sysbios_heaps_HeapMem_init__I)
                  20016ea0    0000003c                  : BIOS.obj (.text:ti_sysbios_knl_Swi_startup__E)
                  20016edc    0000003c     ti.targets.arm.rtsarm.aem4 : Text.oem4 (.text:xdc_runtime_Text_xprintf__I)
                  20016f18    0000003a                                : LoggerBuf.oem4 (.text:xdc_runtime_LoggerBuf_Instance_init__E)
                  20016f52    00000038     rtsv7M4_T_le_eabi.lib : fs_tod_t2.obj (.text)
                  20016f8a    00000038                           : fs_toi_t2.obj (.text)
                  20016fc2    00000038                           : i_tofs_t2.obj (.text)
                  20016ffa    00000002     --HOLE-- [fill = 0]
                  20016ffc    00000038     sysbios.aem4 : BIOS.obj (.text:ti_sysbios_family_arm_m3_Hwi_excNoIsr__I)
                  20017034    00000038                  : BIOS.obj (.text:ti_sysbios_family_arm_m3_Hwi_getStackInfo__E)
                  2001706c    00000038                  : BIOS.obj (.text:ti_sysbios_family_arm_m3_TaskSupport_start__E)
                  200170a4    00000038                  : BIOS.obj (.text:ti_sysbios_knl_Task_processVitalTaskFlag__I)
                  200170dc    00000038     ti.targets.arm.rtsarm.aem4 : SysMin.oem4 (.text:xdc_runtime_SysMin_putch__E)
                  20017114    00000038                                : System.oem4 (.text:xdc_runtime_System_atexit__E)
                  2001714c    00000034     rtsv7M4_T_le_eabi.lib : feraiseexcept.obj (.text)
                  20017180    00000034     sysbios.aem4 : BIOS.obj (.text:ti_sysbios_family_arm_m3_Hwi_excNmi__I)
                  200171b4    00000034                  : BIOS.obj (.text:ti_sysbios_family_arm_m3_Timer_periodicStub__I)
                  200171e8    00000034                  : BIOS.obj (.text:ti_sysbios_hal_Hwi_checkStack)
                  2001721c    00000034     app_pem4.oem4 (.text:ti_sysbios_knl_Semaphore_create)
                  20017250    00000034     ti.targets.arm.rtsarm.aem4 : Core-label.oem4 (.text:xdc_runtime_Core_assignLabel__I)
                  20017284    00000033                                : Text.oem4 (.text:xdc_runtime_Text_printVisFxn__I)
                  200172b7    00000001     --HOLE-- [fill = 0]
                  200172b8    00000032     sysbios.aem4 : BIOS.obj (.text:ti_sysbios_knl_Semaphore_pendTimeout__I)
                  200172ea    00000030     rtsv7M4_T_le_eabi.lib : strncpy.obj (.text)
                  2001731a    00000002     --HOLE-- [fill = 0]
                  2001731c    00000030                           : xferaise.obj (.text)
                  2001734c    00000030     app_pem4.oem4 (.text:ti_sysbios_BIOS_atExitFunc__I)
                  2001737c    00000030     app_pem4.oem4 (.text:ti_sysbios_gates_GateHwi_Object__create__S)
                  200173ac    00000030     app_pem4.oem4 (.text:ti_sysbios_gates_GateMutex_Object__create__S)
                  200173dc    00000030     app_pem4.oem4 (.text:ti_sysbios_heaps_HeapMem_Object__create__S)
                  2001740c    00000030     app_pem4.oem4 (.text:ti_sysbios_knl_Semaphore_construct)
                  2001743c    00000030     ti.targets.arm.rtsarm.aem4 : SysMin.oem4 (.text:xdc_runtime_SysMin_abort__E)
                  2001746c    00000030                                : System.oem4 (.text:xdc_runtime_System_processAtExit__E)
                  2001749c    0000002e     app_pem4.oem4 (.text:malloc)
                  200174ca    0000002e     rtsv7M4_T_le_eabi.lib : i_tofd_t2.obj (.text)
                  200174f8    0000002e                           : raise.obj (.text)
                  20017526    00000002     --HOLE-- [fill = 0]
                  20017528    0000002c     sysbios.aem4 : BIOS.obj (.text:ti_sysbios_family_arm_m3_Hwi_Instance_finalize__E)
                  20017554    0000002c                  : BIOS.obj (.text:ti_sysbios_hal_Hwi_initStack)
                  20017580    0000002c     app_pem4.oem4 (.text:ti_sysbios_knl_Clock_doTick__I)
                  200175ac    0000002c     app_pem4.oem4 (.text:ti_sysbios_knl_Queue_construct)
                  200175d8    0000002c     sysbios.aem4 : BIOS.obj (.text:ti_sysbios_knl_Task_restore__E)
                  20017604    0000002c     ti.targets.arm.rtsarm.aem4 : Text.oem4 (.text:xdc_runtime_Text_cordText__E)
                  20017630    0000002a                                : System.oem4 (.text:xdc_runtime_System_putchar__I)
                  2001765a    00000002     --HOLE-- [fill = 0]
                  2001765c    00000028                                : LoggerBuf.oem4 (.text:xdc_runtime_LoggerBuf_Module_startup__E)
                  20017684    00000026     rtsv7M4_T_le_eabi.lib : strncmp.obj (.text)
                  200176aa    00000026     ti.targets.arm.rtsarm.aem4 : System.oem4 (.text:xdc_runtime_System_avprintf__E)
                  200176d0    00000024     app_pem4.oem4 (.text:ti_sysbios_BIOS_errorRaiseHook__I)
                  200176f4    00000024     app_pem4.oem4 (.text:ti_sysbios_BIOS_registerRTSLock__I)
                  20017718    00000024     app_pem4.oem4 (.text:ti_sysbios_BIOS_removeRTSLock__I)
                  2001773c    00000024     app_pem4.oem4 (.text:ti_sysbios_BIOS_startFunc__I)
                  20017760    00000024     sysbios.aem4 : BIOS.obj (.text:ti_sysbios_family_arm_m3_Hwi_doTaskRestore__I)
                  20017784    00000024                  : BIOS.obj (.text:ti_sysbios_family_arm_m3_Timer_startup__E)
                  200177a8    00000024     app_pem4.oem4 (.text:ti_sysbios_gates_GateMutex_Object__delete__S)
                  200177cc    00000024     sysbios.aem4 : BIOS.obj (.text:ti_sysbios_knl_Clock_Module_startup__E)
                  200177f0    00000024     app_pem4.oem4 (.text:ti_sysbios_knl_Semaphore_Object__delete__S)
                  20017814    00000024     sysbios.aem4 : BIOS.obj (.text:ti_sysbios_knl_Swi_Module_startup__E)
                  20017838    00000024     ti.targets.arm.rtsarm.aem4 : System.oem4 (.text:xdc_runtime_System_vprintf__E)
                  2001785c    00000022     rtsv7M4_T_le_eabi.lib : memcmp.obj (.text)
                  2001787e    00000022     app_pem4.oem4 (.text:xdc_runtime_SysMin_output__I)
                  200178a0    00000020     app_pem4.oem4 (.text:ti_sysbios_family_arm_m3_Hwi_Object__delete__S)
                  200178c0    00000020     sysbios.aem4 : m3_Hwi_asm.obj (.text:ti_sysbios_family_arm_m3_Hwi_excHandlerAsm__I)
                  200178e0    00000020                  : BIOS.obj (.text:ti_sysbios_family_arm_m3_Hwi_excHandler__I)
                  20017900    00000020                  : BIOS.obj (.text:ti_sysbios_family_arm_m3_TimestampProvider_Module_startup__E)
                  20017920    00000020     app_pem4.oem4 (.text:ti_sysbios_gates_GateHwi_Object__delete__S)
                  20017940    00000020     app_pem4.oem4 (.text:ti_sysbios_heaps_HeapMem_Object__delete__S)
                  20017960    00000020     sysbios.aem4 : BIOS.obj (.text:ti_sysbios_knl_Idle_run__E)
                  20017980    00000020     app_pem4.oem4 (.text:ti_sysbios_knl_Mailbox_Object__delete__S)
                  200179a0    00000020     app_pem4.oem4 (.text:ti_sysbios_knl_Semaphore_Object__destruct__S)
                  200179c0    00000020     app_pem4.oem4 (.text:ti_sysbios_knl_Task_Object__delete__S)
                  200179e0    00000020     sysbios.aem4 : BIOS.obj (.text:ti_sysbios_knl_Task_enter__I)
                  20017a00    00000020     app_pem4.oem4 (.text:xdc_runtime_LoggerBuf_Object__delete__S)
                  20017a20    00000020     ti.targets.arm.rtsarm.aem4 : LoggerBuf.oem4 (.text:xdc_runtime_LoggerBuf_reset__E)
                  20017a40    00000020                                : Registry.oem4 (.text:xdc_runtime_Registry_findById__E)
                  20017a60    00000020                                : SysMin.oem4 (.text:xdc_runtime_SysMin_Module_startup__E)
                  20017a80    0000001e     rtsv7M4_T_le_eabi.lib : ll_lsr_t2.obj (.text)
                  20017a9e    0000001e     sysbios.aem4 : m3_Hwi_asm_switch.obj (.text:ti_sysbios_family_xxx_Hwi_switchAndRunFunc)
                  20017abc    0000001c     rtsv7M4_T_le_eabi.lib : memccpy.obj (.text)
                  20017ad8    0000001c     app_pem4.oem4 (.text:ti_sysbios_BIOS_rtsLock__I)
                  20017af4    0000001c     sysbios.aem4 : BIOS.obj (.text:ti_sysbios_family_arm_m3_Hwi_setPriority__E)
                  20017b10    0000001c                  : BIOS.obj (.text:ti_sysbios_gates_GateMutex_Instance_init__E)
                  20017b2c    0000001c     app_pem4.oem4 (.text:ti_sysbios_knl_Queue_Object__destruct__S)
                  20017b48    0000001c     ti.targets.arm.rtsarm.aem4 : Error.oem4 (.text:xdc_runtime_Error_raiseX__E)
                  20017b64    0000001c                                : Memory.oem4 (.text:xdc_runtime_Memory_valloc__E)
                  20017b80    0000001c                                : SysMin.oem4 (.text:xdc_runtime_SysMin_exit__E)
                  20017b9c    0000001c                                : System.oem4 (.text:xdc_runtime_System_abort__E)
                  20017bb8    0000001a     app_pem4.oem4 (.text:ti_sysbios_family_arm_m3_Hwi_Handle__label__S)
                  20017bd2    0000001a     sysbios.aem4 : m3_Hwi_asm.obj (.text:ti_sysbios_family_arm_m3_Hwi_pendSV__I)
                  20017bec    0000001a     app_pem4.oem4 (.text:ti_sysbios_gates_GateHwi_Handle__label__S)
                  20017c06    0000001a     app_pem4.oem4 (.text:ti_sysbios_gates_GateMutex_Handle__label__S)
                  20017c20    0000001a     app_pem4.oem4 (.text:ti_sysbios_heaps_HeapMem_Handle__label__S)
                  20017c3a    0000001a     app_pem4.oem4 (.text:ti_sysbios_knl_Swi_Handle__label__S)
                  20017c54    0000001a     app_pem4.oem4 (.text:ti_sysbios_knl_Task_Handle__label__S)
                  20017c6e    0000001a     sysbios.aem4 : BIOS.obj (.text:ti_sysbios_knl_Task_sleepTimeout__I)
                  20017c88    0000001a     app_pem4.oem4 (.text:xdc_runtime_LoggerBuf_Handle__label__S)
                  20017ca2    0000001a     app_pem4.oem4 (.text:xdc_runtime_System_aprintf__E)
                  20017cbc    0000001a     app_pem4.oem4 (.text:xdc_runtime_System_printf__E)
                  20017cd6    00000018     app_pem4.oem4 (.text:free)
                  20017cee    00000002     --HOLE-- [fill = 0]
                  20017cf0    00000018     rtsv7M4_T_le_eabi.lib : args_main.obj (.text)
                  20017d08    00000018                           : ll_mul_t2.obj (.text)
                  20017d20    00000018     app_pem4.oem4 (.text:ti_sysbios_BIOS_rtsUnlock__I)
                  20017d38    00000018     app_pem4.oem4 (.text:ti_sysbios_family_arm_m3_Hwi_Module__startupDone__F)
                  20017d50    00000018     app_pem4.oem4 (.text:ti_sysbios_family_arm_m3_Timer_Module__startupDone__F)
                  20017d68    00000018     sysbios.aem4 : BIOS.obj (.text:ti_sysbios_gates_GateMutex_leave__E)
                  20017d80    00000018     ti.targets.arm.rtsarm.aem4 : Error.oem4 (.text:xdc_runtime_Error_check__E)
                  20017d98    00000018                                : System.oem4 (.text:xdc_runtime_System_exit__E)
                  20017db0    00000018                                : Text.oem4 (.text:xdc_runtime_Text_ropeText__E)
                  20017dc8    00000016     app_pem4.oem4 (.text:ti_sysbios_BIOS_exitFunc__I)
                  20017dde    00000002     --HOLE-- [fill = 0]
                  20017de0    00000014     rtsv7M4_T_le_eabi.lib : _lock.obj (.text)
                  20017df4    00000014                           : strlen.obj (.text)
                  20017e08    00000014     app_pem4.oem4 (.text:ti_sysbios_family_arm_m3_Hwi_Object__get__S)
                  20017e1c    00000014     sysbios.aem4 : BIOS.obj (.text:ti_sysbios_family_arm_m3_Hwi_switchFromBootStack__E)
                  20017e30    00000014     app_pem4.oem4 (.text:ti_sysbios_heaps_HeapMem_Object__get__S)
                  20017e44    00000014     app_pem4.oem4 (.text:ti_sysbios_knl_Swi_Object__get__S)
                  20017e58    00000014     app_pem4.oem4 (.text:xdc_runtime_LoggerBuf_Object__get__S)
                  20017e6c    00000012     rtsv7M4_T_le_eabi.lib : copy_zero_init.obj (.text:decompress:ZI)
                  20017e7e    00000012     sysbios.aem4 : BIOS.obj (.text:ti_sysbios_hal_Hwi_Module_startup__E)
                  20017e90    00000012                  : BIOS.obj (.text:ti_sysbios_hal_Timer_Module_startup__E)
                  20017ea2    00000012     ti.targets.arm.rtsarm.aem4 : LoggerBuf.oem4 (.text:xdc_runtime_LoggerBuf_Instance_finalize__E)
                  20017eb4    00000012                                : LoggerBuf.oem4 (.text:xdc_runtime_LoggerBuf_write1__E)
                  20017ec6    00000012                                : LoggerBuf.oem4 (.text:xdc_runtime_LoggerBuf_write2__E)
                  20017ed8    00000012     app_pem4.oem4 (.text:xdc_runtime_Startup_exec__I)
                  20017eea    00000010     rtsv7M4_T_le_eabi.lib : strcpy.obj (.text)
                  20017efa    00000002     --HOLE-- [fill = 0]
                  20017efc    00000010     sysbios.aem4 : BIOS.obj (.text:ti_sysbios_BIOS_setThreadType__E)
                  20017f0c    00000010                  : BIOS.obj (.text:ti_sysbios_BIOS_start__E)
                  20017f1c    00000010                  : BIOS.obj (.text:ti_sysbios_family_arm_m3_Hwi_getHandle__E)
                  20017f2c    00000010                  : m3_TaskSupport_asm.obj (.text:ti_sysbios_family_arm_m3_TaskSupport_glue)
                  20017f3c    00000010                  : m3_TaskSupport_asm.obj (.text:ti_sysbios_family_arm_m3_TaskSupport_swap__E)
                  20017f4c    00000010                  : BIOS.obj (.text:ti_sysbios_gates_GateMutex_Instance_finalize__E)
                  20017f5c    00000010     app_pem4.oem4 (.text:ti_sysbios_knl_Mailbox_Object__get__S)
                  20017f6c    00000010     sysbios.aem4 : BIOS.obj (.text:ti_sysbios_knl_Semaphore_Instance_finalize__E)
                  20017f7c    00000010                  : BIOS.obj (.text:ti_sysbios_knl_Swi_disable__E)
                  20017f8c    00000010     app_pem4.oem4 (.text:ti_sysbios_knl_Task_Object__get__S)
                  20017f9c    00000010     sysbios.aem4 : BIOS.obj (.text:ti_sysbios_knl_Task_disable__E)
                  20017fac    00000010     ti.targets.arm.rtsarm.aem4 : Gate.oem4 (.text:xdc_runtime_Gate_leaveSystem__E)
                  20017fbc    00000010                                : LoggerBuf.oem4 (.text:xdc_runtime_LoggerBuf_write0__E)
                  20017fcc    00000010                                : Memory.oem4 (.text:xdc_runtime_Memory_free__E)
                  20017fdc    00000010                                : SysMin.oem4 (.text:xdc_runtime_SysMin_ready__E)
                  20017fec    00000010                                : System.oem4 (.text:xdc_runtime_System_vsnprintf__E)
                  20017ffc    00000010     app_pem4.oem4 (.text:xdc_runtime_Text_visitRope__I)
                  2001800c    0000000e     rtsv7M4_T_le_eabi.lib : copy_decompress_none.obj (.text:decompress:none)
                  2001801a    0000000e                           : xdclass.obj (.text)
                  20018028    0000000e     sysbios.aem4 : BIOS.obj (.text:ti_sysbios_knl_Queue_empty__E)
                  20018036    00000002     --HOLE-- [fill = 0]
                  20018038    0000000c     app_pem4.oem4 (.text:ti_sysbios_family_arm_m3_Hwi_Params__init__S)
                  20018044    0000000c     sysbios.aem4 : BIOS.obj (.text:ti_sysbios_family_arm_m3_Hwi_disableFxn__E)
                  20018050    0000000c                  : BIOS.obj (.text:ti_sysbios_family_arm_m3_TaskSupport_checkStack__E)
                  2001805c    0000000c                  : BIOS.obj (.text:ti_sysbios_family_arm_m3_TaskSupport_getStackAlignment__E)
                  20018068    0000000c                  : BIOS.obj (.text:ti_sysbios_gates_GateHwi_enter__E)
                  20018074    0000000c     app_pem4.oem4 (.text:ti_sysbios_knl_Queue_Object__get__S)
                  20018080    0000000c     app_pem4.oem4 (.text:ti_sysbios_knl_Semaphore_Params__init__S)
                  2001808c    0000000c     app_pem4.oem4 (.text:ti_sysbios_knl_Task_Params__init__S)
                  20018098    0000000c     ti.targets.arm.rtsarm.aem4 : Error.oem4 (.text:xdc_runtime_Error_init__E)
                  200180a4    0000000c                                : Gate.oem4 (.text:xdc_runtime_Gate_enterSystem__E)
                  200180b0    0000000c                                : Memory.oem4 (.text:xdc_runtime_Memory_calloc__E)
                  200180bc    0000000c                                : Memory.oem4 (.text:xdc_runtime_Memory_getMaxDefaultTypeAlign__E)
                  200180c8    0000000a     app_pem4.oem4 (.text:xdc_runtime_IHeap_alloc)
                  200180d2    0000000a     app_pem4.oem4 (.text:xdc_runtime_IHeap_free)
                  200180dc    0000000a     ti.targets.arm.rtsarm.aem4 : LoggerBuf.oem4 (.text:xdc_runtime_LoggerBuf_disable__E)
                  200180e6    0000000a                                : LoggerBuf.oem4 (.text:xdc_runtime_LoggerBuf_enable__E)
                  200180f0    00000008     sysbios.aem4 : BIOS.obj (.text:ti_sysbios_family_arm_m3_Hwi_doSwiRestore__I)
                  200180f8    00000008                  : BIOS.obj (.text:ti_sysbios_family_arm_m3_Hwi_startup__E)
                  20018100    00000008                  : BIOS.obj (.text:ti_sysbios_knl_Idle_loop__E)
                  20018108    00000006     driverlib.a : utils.obj (.text:UtilsDelay)
                  2001810e    00000006     ti.targets.arm.rtsarm.aem4 : xdc_noinit.oem4 (.text:__xdc__init)
                  20018114    00000006     rtsv7M4_T_le_eabi.lib : copy_decompress_rle.obj (.text:decompress:rle24)
                  2001811a    00000006                           : log.obj (.text)
                  20018120    00000006     sysbios.aem4 : BIOS.obj (.text:ti_sysbios_family_arm_m3_Hwi_restoreFxn__E)
                  20018126    00000006                  : BIOS.obj (.text:ti_sysbios_gates_GateHwi_leave__E)
                  2001812c    00000006                  : BIOS.obj (.text:ti_sysbios_heaps_HeapMem_isBlocking__E)
                  20018132    00000006                  : BIOS.obj (.text:ti_sysbios_knl_Queue_Instance_init__E)
                  20018138    00000006     ti.targets.arm.rtsarm.aem4 : System.oem4 (.text:xdc_runtime_System_Module_startup__E)
                  2001813e    00000004                                : LoggerBuf.oem4 (.text:LoggerBuf_instanceStartup)
                  20018142    00000004     app_pem4.oem4 (.text:ti_sysbios_BIOS_RtsGateProxy_enter__E)
                  20018146    00000004     app_pem4.oem4 (.text:ti_sysbios_BIOS_RtsGateProxy_leave__E)
                  2001814a    00000004     app_pem4.oem4 (.text:ti_sysbios_family_arm_m3_Hwi_delete)
                  2001814e    00000004     app_pem4.oem4 (.text:ti_sysbios_family_arm_m3_TaskSupport_Module__startupDone__S)
                  20018152    00000004     sysbios.aem4 : BIOS.obj (.text:ti_sysbios_family_arm_m3_Timer_getMaxTicks__E)
                  20018156    00000004                  : BIOS.obj (.text:ti_sysbios_gates_GateHwi_query__E)
                  2001815a    00000004                  : BIOS.obj (.text:ti_sysbios_gates_GateMutex_query__E)
                  2001815e    00000004     app_pem4.oem4 (.text:ti_sysbios_hal_Hwi_HwiProxy_Module__startupDone__S)
                  20018162    00000004     app_pem4.oem4 (.text:ti_sysbios_hal_Timer_TimerProxy_Module__startupDone__S)
                  20018166    00000004     app_pem4.oem4 (.text:ti_sysbios_heaps_HeapMem_Module_GateProxy_enter__E)
                  2001816a    00000004     app_pem4.oem4 (.text:ti_sysbios_heaps_HeapMem_Module_GateProxy_leave__E)
                  2001816e    00000004     app_pem4.oem4 (.text:ti_sysbios_knl_Clock_TimerProxy_Module__startupDone__S)
                  20018172    00000004     app_pem4.oem4 (.text:ti_sysbios_knl_Clock_TimerProxy_getMaxTicks__E)
                  20018176    00000004     app_pem4.oem4 (.text:ti_sysbios_knl_Mailbox_delete)
                  2001817a    00000004     app_pem4.oem4 (.text:ti_sysbios_knl_Queue_destruct)
                  2001817e    00000004     app_pem4.oem4 (.text:ti_sysbios_knl_Semaphore_delete)
                  20018182    00000004     app_pem4.oem4 (.text:ti_sysbios_knl_Semaphore_destruct)
                  20018186    00000004     app_pem4.oem4 (.text:ti_sysbios_knl_Task_SupportProxy_Module__startupDone__S)
                  2001818a    00000004     app_pem4.oem4 (.text:ti_sysbios_knl_Task_delete)
                  2001818e    00000004     sysbios.aem4 : BIOS.obj (.text:ti_sysbios_knl_Task_startup__E)
                  20018192    00000004     ti.targets.arm.rtsarm.aem4 : Error.oem4 (.text:xdc_runtime_Error_getSite__E)
                  20018196    00000004     app_pem4.oem4 (.text:xdc_runtime_LoggerBuf_Module_GateProxy_enter__E)
                  2001819a    00000004     app_pem4.oem4 (.text:xdc_runtime_LoggerBuf_Module_GateProxy_leave__E)
                  2001819e    00000004     app_pem4.oem4 (.text:xdc_runtime_Memory_HeapProxy_alloc__E)
                  200181a2    00000004     app_pem4.oem4 (.text:xdc_runtime_Memory_HeapProxy_free__E)
                  200181a6    00000004     app_pem4.oem4 (.text:xdc_runtime_System_Module_GateProxy_enter__E)
                  200181aa    00000004     app_pem4.oem4 (.text:xdc_runtime_System_Module_GateProxy_leave__E)
                  200181ae    00000004     ti.targets.arm.rtsarm.aem4 : System.oem4 (.text:xdc_runtime_System_aprintf_va__F)
                  200181b2    00000004                                : System.oem4 (.text:xdc_runtime_System_printf_va__F)

.const     0    200181b8    00002674     
                  200181b8    0000178e     app_pem4.oem4 (.const:xdc_runtime_Text_charTab__A)
                  20019946    00000102     rtsv7M4_T_le_eabi.lib : ctype.obj (.const:.string:_ctypes_)
                  20019a48    00000100     driverlib.a : pin.obj (.const:g_ulPinToPadMap)
                  20019b48    000000d4                 : interrupt.obj (.const:g_pulRegs)
                  20019c1c    000000b8     app_pem4.oem4 (.const:xdc_runtime_Text_nodeTab__A)
                  20019cd4    000000b0     simplelink.a : wlan.obj (.const:$P$T0$1)
                  20019d84    000000a0     driverlib.a : prcm.obj (.const:PRCM_PeriphRegsList)
                  20019e24    00000080                 : interrupt.obj (.const)
                  20019ea4    00000048     app_pem4.oem4 (.const:.string)
                  20019eec    00000004     app_pem4.oem4 (.const:ti_sysbios_family_arm_m3_Hwi_E_NMI__C)
                  20019ef0    00000048     rtsv7M4_T_le_eabi.lib : xexp.obj (.const)
                  20019f38    00000040     driverlib.a : flash.obj (.const:g_pulFMPPERegs)
                  20019f78    00000040                 : flash.obj (.const:g_pulFMPRERegs)
                  20019fb8    0000003c     simplelink.a : wlan.obj (.const)
                  20019ff4    0000003c     app_pem4.oem4 (.const:ti_sysbios_knl_Task_Object__PARAMS__C)
                  2001a030    0000003c     app_pem4.oem4 (.const:xdc_runtime_LoggerBuf_Module__FXNS__C)
                  2001a06c    00000038     simplelink.a : driver.obj (.const:_SlActionLookupTable)
                  2001a0a4    00000004     app_pem4.oem4 (.const:ti_sysbios_family_arm_m3_Hwi_E_alreadyDefined__C)
                  2001a0a8    00000038     rtsv7M4_T_le_eabi.lib : xlog.obj (.const:p)
                  2001a0e0    00000038     simplelink.a : fs.obj (.const)
                  2001a118    00000034                  : socket.obj (.const)
                  2001a14c    00000034     app_pem4.oem4 (.const:ti_sysbios_knl_Mailbox_Object__PARAMS__C)
                  2001a180    00000030     rtsv7M4_T_le_eabi.lib : xdint.obj (.const)
                  2001a1b0    00000030     app_pem4.oem4 (.const:ti_sysbios_family_arm_m3_Hwi_Object__PARAMS__C)
                  2001a1e0    00000030     app_pem4.oem4 (.const:xdc_runtime_Startup_sfxnTab__A)
                  2001a210    0000002c     main.obj (.const:$P$T0$1)
                  2001a23c    00000028     simplelink.a : netapp.obj (.const)
                  2001a264    00000028     app_pem4.oem4 (.const:ti_sysbios_heaps_HeapMem_Module__FXNS__C)
                  2001a28c    00000024     driverlib.a : spi.obj (.const:g_ppulSPIIntMap)
                  2001a2b0    00000024     app_pem4.oem4 (.const:ti_sysbios_gates_GateHwi_Module__FXNS__C)
                  2001a2d4    00000024     app_pem4.oem4 (.const:ti_sysbios_gates_GateMutex_Module__FXNS__C)
                  2001a2f8    00000024     app_pem4.oem4 (.const:ti_sysbios_heaps_HeapMem_Object__PARAMS__C)
                  2001a31c    00000024     app_pem4.oem4 (.const:ti_sysbios_knl_Semaphore_Object__PARAMS__C)
                  2001a340    00000024     app_pem4.oem4 (.const:xdc_runtime_LoggerBuf_Object__PARAMS__C)
                  2001a364    00000020     app_pem4.oem4 (.const:ti_sysbios_family_arm_m3_Hwi_Object__DESC__C)
                  2001a384    00000020     app_pem4.oem4 (.const:ti_sysbios_gates_GateHwi_Object__DESC__C)
                  2001a3a4    00000020     app_pem4.oem4 (.const:ti_sysbios_gates_GateMutex_Object__DESC__C)
                  2001a3c4    00000020     app_pem4.oem4 (.const:ti_sysbios_heaps_HeapMem_Object__DESC__C)
                  2001a3e4    00000020     app_pem4.oem4 (.const:ti_sysbios_knl_Mailbox_Object__DESC__C)
                  2001a404    00000020     app_pem4.oem4 (.const:ti_sysbios_knl_Queue_Object__DESC__C)
                  2001a424    00000020     app_pem4.oem4 (.const:ti_sysbios_knl_Semaphore_Object__DESC__C)
                  2001a444    00000020     app_pem4.oem4 (.const:ti_sysbios_knl_Task_Object__DESC__C)
                  2001a464    00000020     app_pem4.oem4 (.const:xdc_runtime_LoggerBuf_Object__DESC__C)
                  2001a484    00000018     driverlib.a : spi.obj (.const)
                  2001a49c    00000018     app_pem4.oem4 (.const:ti_sysbios_gates_GateHwi_Object__PARAMS__C)
                  2001a4b4    00000018     app_pem4.oem4 (.const:ti_sysbios_gates_GateMutex_Object__PARAMS__C)
                  2001a4cc    00000018     app_pem4.oem4 (.const:ti_sysbios_knl_Queue_Object__PARAMS__C)
                  2001a4e4    00000018     app_pem4.oem4 (.const:xdc_runtime_Startup_sfxnRts__A)
                  2001a4fc    00000014     simplelink.a : device.obj (.const)
                  2001a510    00000014                  : driver.obj (.const)
                  2001a524    00000011     ti.targets.arm.rtsarm.aem4 : System.oem4 (.const:.string)
                  2001a535    00000001     app_pem4.oem4 (.const:xdc_runtime_Error_policy__C)
                  2001a536    00000002     app_pem4.oem4 (.const:ti_sysbios_family_arm_m3_Hwi_Module__id__C)
                  2001a538    00000010     driverlib.a : uart.obj (.const)
                  2001a548    0000000c                 : i2c.obj (.const)
                  2001a554    0000000c     app_pem4.oem4 (.const:xdc_runtime_Startup_firstFxns__A)
                  2001a560    00000008     simplelink.a : netcfg.obj (.const)
                  2001a568    00000008     app_pem4.oem4 (.const:ti_sysbios_family_arm_m3_Hwi_excHookFuncs__A)
                  2001a570    00000008     app_pem4.oem4 (.const:ti_sysbios_knl_Idle_funcList__C)
                  2001a578    00000008     app_pem4.oem4 (.const:xdc_runtime_Startup_firstFxns__C)
                  2001a580    00000008     app_pem4.oem4 (.const:xdc_runtime_Startup_lastFxns__C)
                  2001a588    00000006     exosite_meta.obj (.const:.string)
                  2001a58e    00000002     app_pem4.oem4 (.const:ti_sysbios_family_arm_m3_Hwi_Module__loggerDefined__C)
                  2001a590    00000004     app_pem4.oem4 (.const:ti_sysbios_family_arm_m3_Hwi_E_busFault__C)
                  2001a594    00000004     app_pem4.oem4 (.const:ti_sysbios_family_arm_m3_Hwi_E_debugMon__C)
                  2001a598    00000004     app_pem4.oem4 (.const:ti_sysbios_family_arm_m3_Hwi_E_hardFault__C)
                  2001a59c    00000004     app_pem4.oem4 (.const:ti_sysbios_family_arm_m3_Hwi_E_memFault__C)
                  2001a5a0    00000004     app_pem4.oem4 (.const:ti_sysbios_family_arm_m3_Hwi_E_noIsr__C)
                  2001a5a4    00000004     app_pem4.oem4 (.const:ti_sysbios_family_arm_m3_Hwi_E_reserved__C)
                  2001a5a8    00000004     app_pem4.oem4 (.const:ti_sysbios_family_arm_m3_Hwi_E_svCall__C)
                  2001a5ac    00000004     app_pem4.oem4 (.const:ti_sysbios_family_arm_m3_Hwi_E_usageFault__C)
                  2001a5b0    00000004     app_pem4.oem4 (.const:ti_sysbios_family_arm_m3_Hwi_LD_end__C)
                  2001a5b4    00000004     app_pem4.oem4 (.const:ti_sysbios_family_arm_m3_Hwi_LM_begin__C)
                  2001a5b8    00000004     app_pem4.oem4 (.const:ti_sysbios_family_arm_m3_Hwi_Module__diagsEnabled__C)
                  2001a5bc    00000004     app_pem4.oem4 (.const:ti_sysbios_family_arm_m3_Hwi_Module__diagsIncluded__C)
                  2001a5c0    00000004     app_pem4.oem4 (.const:ti_sysbios_family_arm_m3_Hwi_Module__diagsMask__C)
                  2001a5c4    00000004     app_pem4.oem4 (.const:ti_sysbios_family_arm_m3_Hwi_Module__loggerFxn1__C)
                  2001a5c8    00000004     app_pem4.oem4 (.const:ti_sysbios_family_arm_m3_Hwi_Module__loggerFxn8__C)
                  2001a5cc    00000004     app_pem4.oem4 (.const:ti_sysbios_family_arm_m3_Hwi_Module__loggerObj__C)
                  2001a5d0    00000004     app_pem4.oem4 (.const:ti_sysbios_family_arm_m3_Hwi_NUM_INTERRUPTS__C)
                  2001a5d4    00000004     app_pem4.oem4 (.const:ti_sysbios_family_arm_m3_Hwi_Object__count__C)
                  2001a5d8    00000004     app_pem4.oem4 (.const:ti_sysbios_family_arm_m3_Hwi_ccr__C)
                  2001a5dc    00000004     app_pem4.oem4 (.const:ti_sysbios_family_arm_m3_Hwi_excHandlerFunc__C)
                  2001a5e0    00000004     app_pem4.oem4 (.const:ti_sysbios_family_arm_m3_Hwi_excHookFuncs__C)
                  2001a5e4    00000004     app_pem4.oem4 (.const:ti_sysbios_family_arm_m3_Hwi_nullIsrFunc__C)
                  2001a5e8    00000004     app_pem4.oem4 (.const:ti_sysbios_family_arm_m3_Hwi_priGroup__C)
                  2001a5ec    00000004     app_pem4.oem4 (.const:ti_sysbios_family_arm_m3_TaskSupport_stackAlignment__C)
                  2001a5f0    00000004     app_pem4.oem4 (.const:ti_sysbios_family_arm_m3_Timer_E_cannotSupport__C)
                  2001a5f4    00000004     app_pem4.oem4 (.const:ti_sysbios_family_arm_m3_Timer_startupNeeded__C)
                  2001a5f8    00000004     app_pem4.oem4 (.const:ti_sysbios_gates_GateMutex_A_badContext__C)
                  2001a5fc    00000004     app_pem4.oem4 (.const:ti_sysbios_gates_GateMutex_Instance_State_sem__O)
                  2001a600    00000004     app_pem4.oem4 (.const:ti_sysbios_gates_GateMutex_Module__diagsEnabled__C)
                  2001a604    00000004     app_pem4.oem4 (.const:ti_sysbios_gates_GateMutex_Module__diagsIncluded__C)
                  2001a608    00000004     app_pem4.oem4 (.const:ti_sysbios_gates_GateMutex_Module__diagsMask__C)
                  2001a60c    00000004     app_pem4.oem4 (.const:ti_sysbios_hal_Hwi_E_stackOverflow__C)
                  2001a610    00000004     app_pem4.oem4 (.const:ti_sysbios_heaps_HeapMem_A_align__C)
                  2001a614    00000004     app_pem4.oem4 (.const:ti_sysbios_heaps_HeapMem_A_heapSize__C)
                  2001a618    00000004     app_pem4.oem4 (.const:ti_sysbios_heaps_HeapMem_A_invalidFree__C)
                  2001a61c    00000004     app_pem4.oem4 (.const:ti_sysbios_heaps_HeapMem_A_zeroBlock__C)
                  2001a620    00000004     app_pem4.oem4 (.const:ti_sysbios_heaps_HeapMem_E_memory__C)
                  2001a624    00000004     app_pem4.oem4 (.const:ti_sysbios_heaps_HeapMem_Module__diagsEnabled__C)
                  2001a628    00000004     app_pem4.oem4 (.const:ti_sysbios_heaps_HeapMem_Module__diagsIncluded__C)
                  2001a62c    00000004     app_pem4.oem4 (.const:ti_sysbios_heaps_HeapMem_Module__diagsMask__C)
                  2001a630    00000004     app_pem4.oem4 (.const:ti_sysbios_heaps_HeapMem_Module__gateObj__C)
                  2001a634    00000004     app_pem4.oem4 (.const:ti_sysbios_heaps_HeapMem_Object__count__C)
                  2001a638    00000004     app_pem4.oem4 (.const:ti_sysbios_heaps_HeapMem_reqAlign__C)
                  2001a63c    00000004     app_pem4.oem4 (.const:ti_sysbios_knl_Clock_LM_begin__C)
                  2001a640    00000004     app_pem4.oem4 (.const:ti_sysbios_knl_Clock_LM_tick__C)
                  2001a644    00000004     app_pem4.oem4 (.const:ti_sysbios_knl_Clock_LW_delayed__C)
                  2001a648    00000004     app_pem4.oem4 (.const:ti_sysbios_knl_Clock_Module_State_clockQ__O)
                  2001a64c    00000004     app_pem4.oem4 (.const:ti_sysbios_knl_Clock_Module__diagsEnabled__C)
                  2001a650    00000004     app_pem4.oem4 (.const:ti_sysbios_knl_Clock_Module__diagsIncluded__C)
                  2001a654    00000004     app_pem4.oem4 (.const:ti_sysbios_knl_Clock_Module__diagsMask__C)
                  2001a658    00000004     app_pem4.oem4 (.const:ti_sysbios_knl_Clock_Module__loggerFxn1__C)
                  2001a65c    00000004     app_pem4.oem4 (.const:ti_sysbios_knl_Clock_Module__loggerFxn2__C)
                  2001a660    00000004     app_pem4.oem4 (.const:ti_sysbios_knl_Clock_Module__loggerObj__C)
                  2001a664    00000004     app_pem4.oem4 (.const:ti_sysbios_knl_Clock_tickPeriod__C)
                  2001a668    00000004     app_pem4.oem4 (.const:ti_sysbios_knl_Idle_funcList__A)
                  2001a66c    00000004     app_pem4.oem4 (.const:ti_sysbios_knl_Mailbox_A_invalidBufSize__C)
                  2001a670    00000004     app_pem4.oem4 (.const:ti_sysbios_knl_Mailbox_Instance_State_dataQue__O)
                  2001a674    00000004     app_pem4.oem4 (.const:ti_sysbios_knl_Mailbox_Instance_State_dataSem__O)
                  2001a678    00000004     app_pem4.oem4 (.const:ti_sysbios_knl_Mailbox_Instance_State_freeQue__O)
                  2001a67c    00000004     app_pem4.oem4 (.const:ti_sysbios_knl_Mailbox_Instance_State_freeSem__O)
                  2001a680    00000004     app_pem4.oem4 (.const:ti_sysbios_knl_Mailbox_Module__diagsEnabled__C)
                  2001a684    00000004     app_pem4.oem4 (.const:ti_sysbios_knl_Mailbox_Module__diagsIncluded__C)
                  2001a688    00000004     app_pem4.oem4 (.const:ti_sysbios_knl_Mailbox_Module__diagsMask__C)
                  2001a68c    00000004     app_pem4.oem4 (.const:ti_sysbios_knl_Mailbox_Object__count__C)
                  2001a690    00000004     app_pem4.oem4 (.const:ti_sysbios_knl_Mailbox_maxTypeAlign__C)
                  2001a694    00000004     app_pem4.oem4 (.const:ti_sysbios_knl_Semaphore_A_badContext__C)
                  2001a698    00000004     app_pem4.oem4 (.const:ti_sysbios_knl_Semaphore_A_noEvents__C)
                  2001a69c    00000004     app_pem4.oem4 (.const:ti_sysbios_knl_Semaphore_A_overflow__C)
                  2001a6a0    00000004     app_pem4.oem4 (.const:ti_sysbios_knl_Semaphore_A_pendTaskDisabled__C)
                  2001a6a4    00000004     app_pem4.oem4 (.const:ti_sysbios_knl_Semaphore_Instance_State_pendQ__O)
                  2001a6a8    00000004     app_pem4.oem4 (.const:ti_sysbios_knl_Semaphore_LM_pend__C)
                  2001a6ac    00000004     app_pem4.oem4 (.const:ti_sysbios_knl_Semaphore_LM_post__C)
                  2001a6b0    00000004     app_pem4.oem4 (.const:ti_sysbios_knl_Semaphore_Module__diagsEnabled__C)
                  2001a6b4    00000004     app_pem4.oem4 (.const:ti_sysbios_knl_Semaphore_Module__diagsIncluded__C)
                  2001a6b8    00000004     app_pem4.oem4 (.const:ti_sysbios_knl_Semaphore_Module__diagsMask__C)
                  2001a6bc    00000004     app_pem4.oem4 (.const:ti_sysbios_knl_Semaphore_Module__loggerFxn2__C)
                  2001a6c0    00000004     app_pem4.oem4 (.const:ti_sysbios_knl_Semaphore_Module__loggerFxn4__C)
                  2001a6c4    00000004     app_pem4.oem4 (.const:ti_sysbios_knl_Semaphore_Module__loggerObj__C)
                  2001a6c8    00000004     app_pem4.oem4 (.const:ti_sysbios_knl_Swi_LD_end__C)
                  2001a6cc    00000004     app_pem4.oem4 (.const:ti_sysbios_knl_Swi_LM_begin__C)
                  2001a6d0    00000004     app_pem4.oem4 (.const:ti_sysbios_knl_Swi_LM_post__C)
                  2001a6d4    00000004     app_pem4.oem4 (.const:ti_sysbios_knl_Swi_Module__diagsEnabled__C)
                  2001a6d8    00000004     app_pem4.oem4 (.const:ti_sysbios_knl_Swi_Module__diagsIncluded__C)
                  2001a6dc    00000004     app_pem4.oem4 (.const:ti_sysbios_knl_Swi_Module__diagsMask__C)
                  2001a6e0    00000004     app_pem4.oem4 (.const:ti_sysbios_knl_Swi_Module__loggerFxn1__C)
                  2001a6e4    00000004     app_pem4.oem4 (.const:ti_sysbios_knl_Swi_Module__loggerFxn4__C)
                  2001a6e8    00000004     app_pem4.oem4 (.const:ti_sysbios_knl_Swi_Module__loggerObj__C)
                  2001a6ec    00000004     app_pem4.oem4 (.const:ti_sysbios_knl_Swi_Object__count__C)
                  2001a6f0    00000004     app_pem4.oem4 (.const:ti_sysbios_knl_Task_A_badPriority__C)
                  2001a6f4    00000004     app_pem4.oem4 (.const:ti_sysbios_knl_Task_A_badTaskState__C)
                  2001a6f8    00000004     app_pem4.oem4 (.const:ti_sysbios_knl_Task_A_badThreadType__C)
                  2001a6fc    00000004     app_pem4.oem4 (.const:ti_sysbios_knl_Task_A_badTimeout__C)
                  2001a700    00000004     app_pem4.oem4 (.const:ti_sysbios_knl_Task_A_noPendElem__C)
                  2001a704    00000004     app_pem4.oem4 (.const:ti_sysbios_knl_Task_A_sleepTaskDisabled__C)
                  2001a708    00000004     app_pem4.oem4 (.const:ti_sysbios_knl_Task_E_spOutOfBounds__C)
                  2001a70c    00000004     app_pem4.oem4 (.const:ti_sysbios_knl_Task_E_stackOverflow__C)
                  2001a710    00000004     app_pem4.oem4 (.const:ti_sysbios_knl_Task_LD_block__C)
                  2001a714    00000004     app_pem4.oem4 (.const:ti_sysbios_knl_Task_LD_exit__C)
                  2001a718    00000004     app_pem4.oem4 (.const:ti_sysbios_knl_Task_LD_ready__C)
                  2001a71c    00000004     app_pem4.oem4 (.const:ti_sysbios_knl_Task_LM_sleep__C)
                  2001a720    00000004     app_pem4.oem4 (.const:ti_sysbios_knl_Task_LM_switch__C)
                  2001a724    00000004     app_pem4.oem4 (.const:ti_sysbios_knl_Task_Module_State_inactiveQ__O)
                  2001a728    00000004     app_pem4.oem4 (.const:ti_sysbios_knl_Task_Module__diagsEnabled__C)
                  2001a72c    00000004     app_pem4.oem4 (.const:ti_sysbios_knl_Task_Module__diagsIncluded__C)
                  2001a730    00000004     app_pem4.oem4 (.const:ti_sysbios_knl_Task_Module__diagsMask__C)
                  2001a734    00000004     app_pem4.oem4 (.const:ti_sysbios_knl_Task_Module__loggerFxn2__C)
                  2001a738    00000004     app_pem4.oem4 (.const:ti_sysbios_knl_Task_Module__loggerFxn4__C)
                  2001a73c    00000004     app_pem4.oem4 (.const:ti_sysbios_knl_Task_Module__loggerObj__C)
                  2001a740    00000004     app_pem4.oem4 (.const:ti_sysbios_knl_Task_Object__count__C)
                  2001a744    00000004     app_pem4.oem4 (.const:ti_sysbios_knl_Task_allBlockedFunc__C)
                  2001a748    00000004     app_pem4.oem4 (.const:ti_sysbios_knl_Task_defaultStackHeap__C)
                  2001a74c    00000004     app_pem4.oem4 (.const:ti_sysbios_knl_Task_defaultStackSize__C)
                  2001a750    00000004     app_pem4.oem4 (.const:ti_sysbios_knl_Task_numConstructedTasks__C)
                  2001a754    00000004     app_pem4.oem4 (.const:xdc_runtime_Assert_E_assertFailed__C)
                  2001a758    00000004     app_pem4.oem4 (.const:xdc_runtime_Core_A_initializedParams__C)
                  2001a75c    00000004     app_pem4.oem4 (.const:xdc_runtime_Core_Module__diagsEnabled__C)
                  2001a760    00000004     app_pem4.oem4 (.const:xdc_runtime_Core_Module__diagsIncluded__C)
                  2001a764    00000004     app_pem4.oem4 (.const:xdc_runtime_Core_Module__diagsMask__C)
                  2001a768    00000004     app_pem4.oem4 (.const:xdc_runtime_Error_E_memory__C)
                  2001a76c    00000004     app_pem4.oem4 (.const:xdc_runtime_Error_Module__diagsEnabled__C)
                  2001a770    00000004     app_pem4.oem4 (.const:xdc_runtime_Error_Module__diagsIncluded__C)
                  2001a774    00000004     app_pem4.oem4 (.const:xdc_runtime_Error_Module__diagsMask__C)
                  2001a778    00000004     app_pem4.oem4 (.const:xdc_runtime_Error_Module__loggerFxn8__C)
                  2001a77c    00000004     app_pem4.oem4 (.const:xdc_runtime_Error_Module__loggerObj__C)
                  2001a780    00000004     app_pem4.oem4 (.const:xdc_runtime_Error_policyFxn__C)
                  2001a784    00000004     app_pem4.oem4 (.const:xdc_runtime_Error_raiseHook__C)
                  2001a788    00000004     app_pem4.oem4 (.const:xdc_runtime_IFilterLogger_Interface__BASE__C)
                  2001a78c    00000004     app_pem4.oem4 (.const:xdc_runtime_IGateProvider_Interface__BASE__C)
                  2001a790    00000004     app_pem4.oem4 (.const:xdc_runtime_IHeap_Interface__BASE__C)
                  2001a794    00000004     app_pem4.oem4 (.const:xdc_runtime_ILogger_Interface__BASE__C)
                  2001a798    00000004     app_pem4.oem4 (.const:xdc_runtime_IModule_Interface__BASE__C)
                  2001a79c    00000004     app_pem4.oem4 (.const:xdc_runtime_Log_L_error__C)
                  2001a7a0    00000004     app_pem4.oem4 (.const:xdc_runtime_LoggerBuf_E_badLevel__C)
                  2001a7a4    00000004     app_pem4.oem4 (.const:xdc_runtime_LoggerBuf_Module__gateObj__C)
                  2001a7a8    00000004     app_pem4.oem4 (.const:xdc_runtime_LoggerBuf_Object__count__C)
                  2001a7ac    00000004     app_pem4.oem4 (.const:xdc_runtime_LoggerBuf_statusLogger__C)
                  2001a7b0    00000004     app_pem4.oem4 (.const:xdc_runtime_Memory_defaultHeapInstance__C)
                  2001a7b4    00000004     app_pem4.oem4 (.const:xdc_runtime_Startup_execImpl__C)
                  2001a7b8    00000004     app_pem4.oem4 (.const:xdc_runtime_Startup_maxPasses__C)
                  2001a7bc    00000004     app_pem4.oem4 (.const:xdc_runtime_Startup_sfxnRts__C)
                  2001a7c0    00000004     app_pem4.oem4 (.const:xdc_runtime_Startup_sfxnTab__C)
                  2001a7c4    00000004     app_pem4.oem4 (.const:xdc_runtime_SysMin_bufSize__C)
                  2001a7c8    00000004     app_pem4.oem4 (.const:xdc_runtime_SysMin_outputFunc__C)
                  2001a7cc    00000004     app_pem4.oem4 (.const:xdc_runtime_System_Module__gateObj__C)
                  2001a7d0    00000004     app_pem4.oem4 (.const:xdc_runtime_System_abortFxn__C)
                  2001a7d4    00000004     app_pem4.oem4 (.const:xdc_runtime_System_exitFxn__C)
                  2001a7d8    00000004     app_pem4.oem4 (.const:xdc_runtime_System_extendFxn__C)
                  2001a7dc    00000004     app_pem4.oem4 (.const:xdc_runtime_System_maxAtexitHandlers__C)
                  2001a7e0    00000004     app_pem4.oem4 (.const:xdc_runtime_Text_charTab__C)
                  2001a7e4    00000004     app_pem4.oem4 (.const:xdc_runtime_Text_nameEmpty__C)
                  2001a7e8    00000004     app_pem4.oem4 (.const:xdc_runtime_Text_nameStatic__C)
                  2001a7ec    00000004     app_pem4.oem4 (.const:xdc_runtime_Text_nameUnknown__C)
                  2001a7f0    00000004     app_pem4.oem4 (.const:xdc_runtime_Text_nodeTab__C)
                  2001a7f4    00000004     app_pem4.oem4 (.const:xdc_runtime_Text_visitRopeFxn__C)
                  2001a7f8    00000002     app_pem4.oem4 (.const:ti_sysbios_family_arm_m3_Timer_Module__id__C)
                  2001a7fa    00000002     app_pem4.oem4 (.const:ti_sysbios_family_arm_m3_TimestampProvider_configTimer__C)
                  2001a7fc    00000002     app_pem4.oem4 (.const:ti_sysbios_gates_GateMutex_Module__id__C)
                  2001a7fe    00000002     app_pem4.oem4 (.const:ti_sysbios_hal_Hwi_Module__id__C)
                  2001a800    00000002     app_pem4.oem4 (.const:ti_sysbios_heaps_HeapMem_Module__id__C)
                  2001a802    00000002     app_pem4.oem4 (.const:ti_sysbios_knl_Clock_Module__id__C)
                  2001a804    00000002     app_pem4.oem4 (.const:ti_sysbios_knl_Clock_Module__loggerDefined__C)
                  2001a806    00000002     app_pem4.oem4 (.const:ti_sysbios_knl_Mailbox_Module__id__C)
                  2001a808    00000002     app_pem4.oem4 (.const:ti_sysbios_knl_Semaphore_Module__id__C)
                  2001a80a    00000002     app_pem4.oem4 (.const:ti_sysbios_knl_Semaphore_Module__loggerDefined__C)
                  2001a80c    00000002     app_pem4.oem4 (.const:ti_sysbios_knl_Swi_Module__id__C)
                  2001a80e    00000002     app_pem4.oem4 (.const:ti_sysbios_knl_Swi_Module__loggerDefined__C)
                  2001a810    00000002     app_pem4.oem4 (.const:ti_sysbios_knl_Task_Module__id__C)
                  2001a812    00000002     app_pem4.oem4 (.const:ti_sysbios_knl_Task_Module__loggerDefined__C)
                  2001a814    00000002     app_pem4.oem4 (.const:ti_sysbios_knl_Task_initStackFlag__C)
                  2001a816    00000002     app_pem4.oem4 (.const:xdc_runtime_Core_Module__id__C)
                  2001a818    00000002     app_pem4.oem4 (.const:xdc_runtime_Error_Module__loggerDefined__C)
                  2001a81a    00000002     app_pem4.oem4 (.const:xdc_runtime_Error_maxDepth__C)
                  2001a81c    00000002     app_pem4.oem4 (.const:xdc_runtime_LoggerBuf_Module__id__C)
                  2001a81e    00000002     app_pem4.oem4 (.const:xdc_runtime_LoggerBuf_filterByLevel__C)
                  2001a820    00000002     app_pem4.oem4 (.const:xdc_runtime_Memory_Module__id__C)
                  2001a822    00000002     app_pem4.oem4 (.const:xdc_runtime_SysMin_flushAtExit__C)
                  2001a824    00000002     app_pem4.oem4 (.const:xdc_runtime_Text_charCnt__C)
                  2001a826    00000002     app_pem4.oem4 (.const:xdc_runtime_Text_isLoaded__C)
                  2001a828    00000002     app_pem4.oem4 (.const:xdc_runtime_Text_registryModsLastId__C)
                  2001a82a    00000002     app_pem4.oem4 (.const:xdc_runtime_Text_unnamedModsLastId__C)

.cinit     0    2001a830    00000480     
                  2001a830    00000455     (.cinit..data.load) [load image, compression = rle]
                  2001ac85    00000003     --HOLE-- [fill = 0]
                  2001ac88    0000000c     (__TI_handler_table)
                  2001ac94    00000004     --HOLE-- [fill = 0]
                  2001ac98    00000008     (.cinit..bss.load) [load image, compression = zero_init]
                  2001aca0    00000010     (__TI_cinit_table)

.bss       0    2001c000    00009a44     UNINITIALIZED
                  2001c000    00008000     app_pem4.oem4 (.bss:ti_sysbios_heaps_HeapMem_Instance_State_0_buf__A)
                  20024000    00000800     app_pem4.oem4 (.bss:taskStackSection)
                  20024800    00000400     app_pem4.oem4 (.bss:xdc_runtime_LoggerBuf_Instance_State_0_entryArr__A)
                  20024c00    00000400     app_pem4.oem4 (.bss:xdc_runtime_SysMin_Module_State_0_outbuf__A)
                  20025000    00000370     main.obj (.bss:g_NetEntries)
                  20025370    0000030c     app_pem4.oem4 (.bss:ti_sysbios_family_arm_m3_Hwi_dispatchTable)
                  2002567c    00000178     simplelink.a : driver.obj (.bss:g_StatMem)
                  200257f4    00000120     rtsv7M4_T_le_eabi.lib : trgmsg.obj (.bss:__CIOBUF_)
                  20025914    00000050     simplelink.a : cc_pal.obj (.bss:g_ucDinDout)
                  20025964    0000004c     exosite.obj (.bss:exosite_provision_info)
                  200259b0    00000034     main.obj (.bss:g_cWlanSecurityKey)
                  200259e4    00000024     main.obj (.bss:g_cWlanSSID)
                  20025a08    00000010     (.common:exo_SocketAddr)
                  20025a18    0000000c     (.common:g_SecParams)
                  20025a24    00000008     (.common:parmbuf)
                  20025a2c    00000004     (.common:DMAMsgQ)
                  20025a30    00000004     (.common:SimpleLinkSpawnTaskHndl)
                  20025a34    00000004     (.common:__Errorlog)
                  20025a38    00000004     (.common:g_cDummy)
                  20025a3c    00000004     (.common:simpleLink_mailbox)
                  20025a40    00000001     (.common:g_ucLED1Pin)
                  20025a41    00000001     (.common:g_ucLED2Pin)
                  20025a42    00000001     (.common:g_ucLED3Pin)
                  20025a43    00000001     (.common:g_ucPriority)

.data      0    20025a48    000006e8     UNINITIALIZED
                  20025a48    00000138     app_pem4.oem4 (.data)
                  20025b80    000000b0     rtsv7M4_T_le_eabi.lib : signal.obj (.data:sigtable)
                  20025c30    000000a0     main.obj (.data:g_token_get)
                  20025cd0    00000080     rtsv7M4_T_le_eabi.lib : xvalues.obj (.data)
                  20025d50    00000080     app_pem4.oem4 (.data:ti_sysbios_knl_Swi_Module_State_0_readyQ__A)
                  20025dd0    00000080     app_pem4.oem4 (.data:ti_sysbios_knl_Task_Module_State_0_readyQ__A)
                  20025e50    00000068     rtsv7M4_T_le_eabi.lib : xfvalues.obj (.data)
                  20025eb8    0000004c     app_pem4.oem4 (.data:ti_sysbios_knl_Task_Object__table__V)
                  20025f04    00000044     app_pem4.oem4 (.data:ti_sysbios_knl_Task_Module__state__V)
                  20025f48    00000038     app_pem4.oem4 (.data:ti_sysbios_gates_GateMutex_Object__table__V)
                  20025f80    00000034     cloud_demo.obj (.data)
                  20025fb4    00000034     app_pem4.oem4 (.data:ti_sysbios_family_arm_m3_Hwi_Module__state__V)
                  20025fe8    00000030     app_pem4.oem4 (.data:ti_sysbios_family_arm_m3_Timer_Object__table__V)
                  20026018    00000030     app_pem4.oem4 (.data:ti_sysbios_knl_Swi_Object__table__V)
                  20026048    0000002c     app_pem4.oem4 (.data:ti_sysbios_knl_Clock_Module__state__V)
                  20026074    00000024     app_pem4.oem4 (.data:ti_sysbios_BIOS_Module__state__V)
                  20026098    00000024     app_pem4.oem4 (.data:xdc_runtime_LoggerBuf_Object__table__V)
                  200260bc    0000001c     gpio_if.obj (.data)
                  200260d8    00000018     main.obj (.data)
                  200260f0    00000010     simplelink.a : cc_pal.obj (.data)
                  20026100    00000008     exosite.obj (.data)
                  20026108    00000008     rtsv7M4_T_le_eabi.lib : _lock.obj (.data)
                  20026110    00000008                           : exit.obj (.data)
                  20026118    00000008                           : feraiseexcept.obj (.data)
                  20026120    00000008     simplelink.a : driver.obj (.data)
                  20026128    00000004     rtsv7M4_T_le_eabi.lib : errno.obj (.data)
                  2002612c    00000004                           : stkdepth_vars.obj (.data)

.stack     0    2002e000    00002000     UNINITIALIZED
                  2002e000    00002000     --HOLE--


LINKER GENERATED COPY TABLES

__TI_cinit_table @ 2001aca0 records: 2, size/record: 8, table size: 16
	.data: load addr=2001a830, load size=00000455 bytes, run addr=20025a48, run size=000006e8 bytes, compression=rle
	.bss: load addr=2001ac98, load size=00000008 bytes, run addr=2001c000, run size=00009a44 bytes, compression=zero_init


LINKER GENERATED HANDLER TABLE

__TI_handler_table @ 2001ac88 records: 3, size/record: 4, table size: 12
	index: 0, handler: __TI_decompress_rle24
	index: 1, handler: __TI_decompress_none
	index: 2, handler: __TI_zero_init


GLOBAL SYMBOLS: SORTED ALPHABETICALLY BY Name 

address    name
--------   ----
20012655   BMA222Close
20012633   BMA222Open
20012659   BMA222Read
200126d5   BMA222ReadNew
200125fd   BlockRead
20016b05   C$$EXIT
200161d3   C$$IO$$
2001637d   CPUbasepriGet
20016367   CPUbasepriSet
20016329   CPUcpsid
20016347   CPUcpsie
2001633d   CPUprimask
2001635b   CPUwfi
2001451b   ClearTerm
2000ba63   Cloud_Read
20008e6d   CopyPingResultsToReport
20025a2c   DMAMsgQ
200097d5   DeInitDriver
200097e3   DeInitDriverAP
2000b9d3   Demo_Tick
2000c705   DmaSpiSwIntHandler
20014525   Error
20007e75   Exosite_Activate
200080f1   Exosite_GetCIK
200080a1   Exosite_GetMRF
20007dd7   Exosite_Init
20008259   Exosite_Read
200080b5   Exosite_SetCIK
2000808d   Exosite_SetMRF
20007dd1   Exosite_StatusCode
20008195   Exosite_Write
20010939   FlashDisable
2001096f   FlashErase
200109a9   FlashEraseNonBlocking
20010be5   FlashIntClear
20010bb5   FlashIntDisable
20010ba1   FlashIntEnable
20010b7d   FlashIntRegister
20010bc9   FlashIntStatus
20010b91   FlashIntUnregister
200109c7   FlashMassErase
200109f3   FlashMassEraseNonBlocking
20010a03   FlashProgram
20010a85   FlashProgramNonBlocking
20010b07   FlashProtectGet
200105cb   GPIODMATriggerDisable
20010573   GPIODMATriggerEnable
2001037f   GPIODirModeGet
20010349   GPIODirModeSet
200104ef   GPIOIntClear
200104b3   GPIOIntDisable
20010499   GPIOIntEnable
20010503   GPIOIntRegister
200104cd   GPIOIntStatus
20010433   GPIOIntTypeGet
200103b1   GPIOIntTypeSet
20010521   GPIOIntUnregister
2001053b   GPIOPinRead
20010553   GPIOPinWrite
2000fef5   GPIO_IF_ConfigureNIntEnable
2000ff6b   GPIO_IF_Get
2000feaf   GPIO_IF_GetPortNPin
2000fc71   GPIO_IF_LedConfigure
2000fd63   GPIO_IF_LedOff
2000fcaf   GPIO_IF_LedOn
2000fe17   GPIO_IF_LedStatus
2000fe81   GPIO_IF_LedToggle
2000ff31   GPIO_IF_Set
20014533   GetCmd
20012599   GetRegisterValue
2000d1c9   GetStartResponseConvert
200111a9   HOSTclock
20011171   HOSTclose
20011133   HOSTgetenv
200110d7   HOSTlseek
20011085   HOSTopen
20011039   HOSTread
20010fdb   HOSTrename
20010fa1   HOSTtime
20010f69   HOSTunlink
20010f1d   HOSTwrite
2000cab1   HostIntHanlder
2000c581   I2CFIFODataGet
2000c59b   I2CFIFODataGetNonBlocking
2000c537   I2CFIFODataPut
2000c559   I2CFIFODataPutNonBlocking
2000c527   I2CFIFOStatus
2000c129   I2CIntRegister
2000c147   I2CIntUnregister
2000c5d7   I2CMasterBurstCountGet
2000c5c1   I2CMasterBurstLengthSet
2000c37f   I2CMasterBusBusy
2000c367   I2CMasterBusy
2000c397   I2CMasterControl
2000c3eb   I2CMasterDataGet
2000c3d5   I2CMasterDataPut
2000c0f5   I2CMasterDisable
2000c0c1   I2CMasterEnable
2000c3a9   I2CMasterErr
2000c5e5   I2CMasterGlitchFilterConfigSet
2000bff7   I2CMasterInitExpClk
2000c2e1   I2CMasterIntClear
2000c2f7   I2CMasterIntClearEx
2000c1bb   I2CMasterIntDisable
2000c1cb   I2CMasterIntDisableEx
2000c161   I2CMasterIntEnable
2000c171   I2CMasterIntEnableEx
2000c215   I2CMasterIntStatus
2000c24f   I2CMasterIntStatusEx
2000c359   I2CMasterLineStateGet
2000c337   I2CMasterSlaveAddrSet
2000c3f9   I2CMasterTimeoutSet
2000c4e7   I2CRxFIFOConfigSet
2000c50f   I2CRxFIFOFlush
2000c40b   I2CSlaveACKOverride
2000c43d   I2CSlaveACKValueSet
2000c083   I2CSlaveAddressSet
2000c497   I2CSlaveDataGet
2000c47f   I2CSlaveDataPut
2000c10b   I2CSlaveDisable
2000c0d7   I2CSlaveEnable
2000c615   I2CSlaveFIFODisable
2000c5fd   I2CSlaveFIFOEnable
2000c069   I2CSlaveInit
2000c311   I2CSlaveIntClear
2000c323   I2CSlaveIntClearEx
2000c1e3   I2CSlaveIntDisable
2000c1fb   I2CSlaveIntDisableEx
2000c189   I2CSlaveIntEnable
2000c1a1   I2CSlaveIntEnableEx
2000c275   I2CSlaveIntStatus
2000c2b9   I2CSlaveIntStatusEx
2000c46f   I2CSlaveStatus
2000c4a7   I2CTxFIFOConfigSet
2000c4cf   I2CTxFIFOFlush
20011469   I2C_IF_Close
20011421   I2C_IF_Open
2001131b   I2C_IF_Read
200113d7   I2C_IF_ReadFrom
20011265   I2C_IF_Write
200097fd   InitDriver
20014509   InitTerm
2000fabd   IntDisable
2000fa23   IntEnable
2000f90d   IntMasterDisable
2000f903   IntMasterEnable
2000fbe5   IntPendClear
2000fb57   IntPendSet
2000f9ff   IntPriorityGet
2000f977   IntPriorityGroupingGet
2000f95d   IntPriorityGroupingSet
2000fc49   IntPriorityMaskGet
2000fc3d   IntPriorityMaskSet
2000f9af   IntPrioritySet
2000f927   IntRegister
2000f943   IntUnregister
2000f917   IntVTableBaseSet
2001813f   LoggerBuf_instanceStartup
20014511   Message
2000caf7   NwpMaskInterrupt
2000cbbd   NwpPowerOff
2000cb8d   NwpPowerOn
2000cb1d   NwpPowerOnPreamble
2000cac5   NwpRegisterInterruptHandler
2000cb05   NwpUnMaskInterrupt
2000b04d   PRCMCC3200MCUInit
2000aa85   PRCMDeepSleepEnter
2000ac4f   PRCMHibernateEnter
2000ab89   PRCMHibernateIntervalSet
2000abfd   PRCMHibernateWakeUpGPIOSelect
2000ab6d   PRCMHibernateWakeupCauseGet
2000ab47   PRCMHibernateWakeupSourceDisable
2000ab21   PRCMHibernateWakeupSourceEnable
2000a96b   PRCMI2SClockFreqSet
2000ad91   PRCMIntDisable
2000ad5d   PRCMIntEnable
2000ad35   PRCMIntRegister
2000adb5   PRCMIntStatus
2000ad49   PRCMIntUnregister
2000a9d3   PRCMLPDSEnter
2000aa3f   PRCMLPDSIntervalSet
2000a9bb   PRCMLPDSRestoreInfoSet
2000aa61   PRCMLPDSWakeUpGPIOSelect
2000aa39   PRCMLPDSWakeupCauseGet
2000aa25   PRCMLPDSWakeupSourceDisable
2000aa03   PRCMLPDSWakeupSourceEnable
2000a7e5   PRCMMCUReset
2000ad1b   PRCMOCRRegisterRead
2000ad01   PRCMOCRRegisterWrite
2000a855   PRCMPeripheralClkDisable
2000a829   PRCMPeripheralClkEnable
2000a875   PRCMPeripheralClockGet
2000a8f3   PRCMPeripheralReset
2000a941   PRCMPeripheralStatusGet
2000ae7d   PRCMRTCGet
2000adcd   PRCMRTCInUseGet
2000adbb   PRCMRTCInUseSet
2000afb1   PRCMRTCMatchGet
2000af15   PRCMRTCMatchSet
2000aded   PRCMRTCSet
2000a7d9   PRCMSOCReset
2000aaed   PRCMSRAMRetentionDisable
2000aab5   PRCMSRAMRetentionEnable
2000aa7d   PRCMSleepEnter
2000ac5f   PRCMSlowClkCtrGet
2000acc1   PRCMSlowClkCtrMatchGet
2000ac99   PRCMSlowClkCtrMatchSet
2000a805   PRCMSysResetCauseGet
20011541   PinConfigGet
2001157f   PinConfigSet
20011517   PinDirModeGet
200114e3   PinDirModeSet
200114b9   PinModeGet
20011481   PinModeSet
20014f05   PinMuxConfig
200116c9   PinTypeADC
2001167f   PinTypeCamera
20011699   PinTypeGPIO
20011615   PinTypeI2C
2001164b   PinTypeI2S
200116dd   PinTypeSDHost
20011631   PinTypeSPI
20011665   PinTypeTimer
200115fb   PinTypeUART
200098ed   ProvisioningAP
200145c5   Report
2000baed   Report_Sensors
UNDEFED    SHT$$INIT_ARRAY$$Base
UNDEFED    SHT$$INIT_ARRAY$$Limit
20007be9   SL_FD_CLR
20007c0d   SL_FD_ISSET
20007bcb   SL_FD_SET
20007c31   SL_FD_ZERO
2000b849   SPICSDisable
2000b831   SPICSEnable
2000b4c1   SPIConfigSetExpClk
2000b58f   SPIDataGet
2000b565   SPIDataGetNonBlocking
2000b5d7   SPIDataPut
2000b5af   SPIDataPutNonBlocking
2000b453   SPIDisable
2000b485   SPIDmaDisable
2000b46b   SPIDmaEnable
2000b43b   SPIEnable
2000b60f   SPIFIFODisable
2000b5f5   SPIFIFOEnable
2000b65d   SPIFIFOLevelGet
2000b629   SPIFIFOLevelSet
2000b7f3   SPIIntClear
2000b73b   SPIIntDisable
2000b6f7   SPIIntEnable
2000b6b9   SPIIntRegister
2000b785   SPIIntStatus
2000b6dd   SPIIntUnregister
2000b49f   SPIReset
2000b861   SPITransfer
2000b691   SPIWordCountSet
2000b9b7   SW2_Pressed
2000b9c9   SW3_Pressed
200125c3   SetRegisterValue
2000c723   SetupDMAReceive
2000c79d   SetupDMASend
2000956d   SimpleLinkGeneralEventHandler
20009399   SimpleLinkHttpServerCallback
20009363   SimpleLinkNetAppEventHandler
2000957d   SimpleLinkSockEventHandler
20025a30   SimpleLinkSpawnTaskHndl
20009319   SimpleLinkWlanEventHandler
2000ba21   Status_Idicate
2000ebbd   TMP006DrvGetTemp
[...]
200180f9   ti_sysbios_hal_Hwi_HwiProxy_startup__E
200180f9   ti_sysbios_hal_Hwi_startup__E
20018101   ti_sysbios_knl_Idle_loop__E
20018109   UtilsDelay
2001810f   __xdc__init
20018115   __TI_decompress_rle24
2001811b   log
20018121   ti_sysbios_family_arm_m3_Hwi_restoreFxn__E
20018121   ti_sysbios_hal_Hwi_HwiProxy_restore__E
20018121   ti_sysbios_hal_Hwi_restore__E
20018127   ti_sysbios_gates_GateHwi_leave__E
2001812d   ti_sysbios_heaps_HeapMem_isBlocking__E
20018133   ti_sysbios_knl_Queue_Instance_init__E
20018139   xdc_runtime_System_Module_startup__E
2001813f   LoggerBuf_instanceStartup
20018143   ti_sysbios_BIOS_RtsGateProxy_enter__E
20018147   ti_sysbios_BIOS_RtsGateProxy_leave__E
2001814b   ti_sysbios_family_arm_m3_Hwi_delete
2001814f   ti_sysbios_family_arm_m3_TaskSupport_Module__startupDone__S
20018153   ti_sysbios_family_arm_m3_Timer_getMaxTicks__E
20018157   ti_sysbios_gates_GateHwi_query__E
20018157   xdc_runtime_LoggerBuf_Module_GateProxy_query__E
20018157   xdc_runtime_Main_Module_GateProxy_query__E
20018157   xdc_runtime_System_Module_GateProxy_query__E
2001815b   ti_sysbios_BIOS_RtsGateProxy_query__E
2001815b   ti_sysbios_gates_GateMutex_query__E
2001815b   ti_sysbios_heaps_HeapMem_Module_GateProxy_query__E
2001815f   ti_sysbios_hal_Hwi_HwiProxy_Module__startupDone__S
20018163   ti_sysbios_hal_Timer_TimerProxy_Module__startupDone__S
20018167   ti_sysbios_heaps_HeapMem_Module_GateProxy_enter__E
2001816b   ti_sysbios_heaps_HeapMem_Module_GateProxy_leave__E
2001816f   ti_sysbios_knl_Clock_TimerProxy_Module__startupDone__S
20018173   ti_sysbios_knl_Clock_TimerProxy_getMaxTicks__E
20018177   ti_sysbios_knl_Mailbox_delete
2001817b   ti_sysbios_knl_Queue_destruct
2001817f   ti_sysbios_knl_Semaphore_delete
20018183   ti_sysbios_knl_Semaphore_destruct
20018187   ti_sysbios_knl_Task_SupportProxy_Module__startupDone__S
2001818b   ti_sysbios_knl_Task_delete
2001818f   ti_sysbios_knl_Task_startup__E
20018193   xdc_runtime_Error_getSite__E
20018197   xdc_runtime_LoggerBuf_Module_GateProxy_enter__E
2001819b   xdc_runtime_LoggerBuf_Module_GateProxy_leave__E
2001819f   xdc_runtime_Memory_HeapProxy_alloc__E
200181a3   xdc_runtime_Memory_HeapProxy_free__E
200181a7   xdc_runtime_System_Module_GateProxy_enter__E
200181ab   xdc_runtime_System_Module_GateProxy_leave__E
200181af   xdc_runtime_System_aprintf_va__F
200181b3   xdc_runtime_System_printf_va__F
200181b8   xdc_runtime_Text_charTab__A
20019946   _ctypes_
20019c1c   xdc_runtime_Text_nodeTab__A
20019eec   ti_sysbios_family_arm_m3_Hwi_E_NMI__C
20019fb8   _SlPolicySetCmdCtrl
20019fbc   _SlPolicyGetCmdCtrl
20019fc0   _SlProfileGetCmdCtrl
20019fc4   _SlProfileDelCmdCtrl
20019fc8   _SlWlanGetNetworkListCtrl
20019fcc   _SlRxFilterAddtCmdCtrl
20019fd0   _SlRxFilterSetCmdCtrl
20019fd4   _SlRxFilterGetCmdCtrl
20019fd8   _SlSmartConfigStartCmdCtrl
20019fdc   _SlWlanSetModeCmdCtrl
20019fe0   _SlWlanCfgSetCmdCtrl
20019fe4   _SlWlanCfgGetCmdCtrl
20019ff4   ti_sysbios_knl_Task_Object__PARAMS__C
2001a030   xdc_runtime_LoggerBuf_Module__FXNS__C
2001a06c   _SlActionLookupTable
2001a0a4   ti_sysbios_family_arm_m3_Hwi_E_alreadyDefined__C
2001a0e0   _SlFsOpenCmdCtrl
2001a0e4   _SlFsCloseCmdCtrl
2001a0e8   _SlFsReadCmdCtrl
2001a0ec   _SlFsWriteCmdCtrl
2001a0f0   _SlFsGetInfoCmdCtrl
2001a0f4   _SlFsDeleteCmdCtrl
2001a118   _SlSockSocketCmdCtrl
2001a11c   _SlSockCloseCmdCtrl
2001a120   _SlRecvfomCmdCtrl
2001a124   _SlSendCmdCtrl
2001a128   _SlListenCmdCtrl
2001a12c   _SlAcceptCmdCtrl
2001a130   _SlRecvCmdCtrl
2001a134   _SlSetSockOptCmdCtrl
2001a138   _SlGetSockOptCmdCtrl
2001a13c   _SlSelectCmdCtrl
2001a14c   ti_sysbios_knl_Mailbox_Object__PARAMS__C
2001a1b0   ti_sysbios_family_arm_m3_Hwi_Object__PARAMS__C
2001a1e0   xdc_runtime_Startup_sfxnTab__A
2001a23c   _SlNetAppStartCtrl
2001a240   _SlNetAppStopCtrl
2001a244   _SlGetServiceListeCtrl
2001a248   _SlRegisterServiceCtrl
2001a24c   _SlGetHostByServiceCtrl
2001a250   _SlGetHostByNameCtrl
2001a254   _SlNetAppSetCmdCtrl
2001a258   _SlNetAppSendTokenValueCmdCtrl
2001a25c   _SlNetAppGetCmdCtrl
2001a264   ti_sysbios_heaps_HeapMem_Module__FXNS__C
2001a2b0   ti_sysbios_gates_GateHwi_Module__FXNS__C
2001a2d4   ti_sysbios_gates_GateMutex_Module__FXNS__C
2001a2f8   ti_sysbios_heaps_HeapMem_Object__PARAMS__C
2001a31c   ti_sysbios_knl_Semaphore_Object__PARAMS__C
2001a340   xdc_runtime_LoggerBuf_Object__PARAMS__C
2001a364   ti_sysbios_family_arm_m3_Hwi_Object__DESC__C
2001a384   ti_sysbios_gates_GateHwi_Object__DESC__C
2001a3a4   ti_sysbios_gates_GateMutex_Object__DESC__C
2001a3c4   ti_sysbios_heaps_HeapMem_Object__DESC__C
2001a3e4   ti_sysbios_knl_Mailbox_Object__DESC__C
2001a404   ti_sysbios_knl_Queue_Object__DESC__C
2001a424   ti_sysbios_knl_Semaphore_Object__DESC__C
2001a444   ti_sysbios_knl_Task_Object__DESC__C
2001a464   xdc_runtime_LoggerBuf_Object__DESC__C
2001a49c   ti_sysbios_gates_GateHwi_Object__PARAMS__C
2001a4b4   ti_sysbios_gates_GateMutex_Object__PARAMS__C
2001a4cc   ti_sysbios_knl_Queue_Object__PARAMS__C
2001a4e4   xdc_runtime_Startup_sfxnRts__A
2001a4fc   _SlStopCmdCtrl
2001a500   _SlEventMaskSetCmdCtrl
2001a504   _SlEventMaskGetCmdCtrl
2001a508   _SlDeviceGetCmdCtrl
2001a50c   _SlDeviceSetCmdCtrl
2001a510   g_H2NSyncPattern
2001a518   g_H2NCnysPattern
2001a535   xdc_runtime_Error_policy__C
2001a536   ti_sysbios_family_arm_m3_Hwi_Module__id__C
2001a554   xdc_runtime_Startup_firstFxns__A
2001a560   _SlNetCfgSetCmdCtrl
2001a564   _SlNetCfgGetCmdCtrl
2001a568   ti_sysbios_family_arm_m3_Hwi_excHookFuncs__A
2001a570   ti_sysbios_knl_Idle_funcList__C
2001a578   xdc_runtime_Startup_firstFxns__C
2001a580   xdc_runtime_Startup_lastFxns__C
2001a58e   ti_sysbios_family_arm_m3_Hwi_Module__loggerDefined__C
2001a590   ti_sysbios_family_arm_m3_Hwi_E_busFault__C
2001a594   ti_sysbios_family_arm_m3_Hwi_E_debugMon__C
2001a598   ti_sysbios_family_arm_m3_Hwi_E_hardFault__C
2001a59c   ti_sysbios_family_arm_m3_Hwi_E_memFault__C
2001a5a0   ti_sysbios_family_arm_m3_Hwi_E_noIsr__C
2001a5a4   ti_sysbios_family_arm_m3_Hwi_E_reserved__C
2001a5a8   ti_sysbios_family_arm_m3_Hwi_E_svCall__C
2001a5ac   ti_sysbios_family_arm_m3_Hwi_E_usageFault__C
2001a5b0   ti_sysbios_family_arm_m3_Hwi_LD_end__C
2001a5b4   ti_sysbios_family_arm_m3_Hwi_LM_begin__C
2001a5b8   ti_sysbios_family_arm_m3_Hwi_Module__diagsEnabled__C
2001a5bc   ti_sysbios_family_arm_m3_Hwi_Module__diagsIncluded__C
2001a5c0   ti_sysbios_family_arm_m3_Hwi_Module__diagsMask__C
2001a5c4   ti_sysbios_family_arm_m3_Hwi_Module__loggerFxn1__C
2001a5c8   ti_sysbios_family_arm_m3_Hwi_Module__loggerFxn8__C
2001a5cc   ti_sysbios_family_arm_m3_Hwi_Module__loggerObj__C
2001a5d0   ti_sysbios_family_arm_m3_Hwi_NUM_INTERRUPTS__C
2001a5d4   ti_sysbios_family_arm_m3_Hwi_Object__count__C
2001a5d8   ti_sysbios_family_arm_m3_Hwi_ccr__C
2001a5dc   ti_sysbios_family_arm_m3_Hwi_excHandlerFunc__C
2001a5e0   ti_sysbios_family_arm_m3_Hwi_excHookFuncs__C
2001a5e4   ti_sysbios_family_arm_m3_Hwi_nullIsrFunc__C
2001a5e8   ti_sysbios_family_arm_m3_Hwi_priGroup__C
2001a5ec   ti_sysbios_family_arm_m3_TaskSupport_stackAlignment__C
2001a5f0   ti_sysbios_family_arm_m3_Timer_E_cannotSupport__C
2001a5f4   ti_sysbios_family_arm_m3_Timer_startupNeeded__C
2001a5f8   ti_sysbios_gates_GateMutex_A_badContext__C
2001a5fc   ti_sysbios_gates_GateMutex_Instance_State_sem__O
2001a600   ti_sysbios_gates_GateMutex_Module__diagsEnabled__C
2001a604   ti_sysbios_gates_GateMutex_Module__diagsIncluded__C
2001a608   ti_sysbios_gates_GateMutex_Module__diagsMask__C
2001a60c   ti_sysbios_hal_Hwi_E_stackOverflow__C
2001a610   ti_sysbios_heaps_HeapMem_A_align__C
2001a614   ti_sysbios_heaps_HeapMem_A_heapSize__C
2001a618   ti_sysbios_heaps_HeapMem_A_invalidFree__C
2001a61c   ti_sysbios_heaps_HeapMem_A_zeroBlock__C
2001a620   ti_sysbios_heaps_HeapMem_E_memory__C
2001a624   ti_sysbios_heaps_HeapMem_Module__diagsEnabled__C
2001a628   ti_sysbios_heaps_HeapMem_Module__diagsIncluded__C
2001a62c   ti_sysbios_heaps_HeapMem_Module__diagsMask__C
2001a630   ti_sysbios_heaps_HeapMem_Module__gateObj__C
2001a634   ti_sysbios_heaps_HeapMem_Object__count__C
2001a638   ti_sysbios_heaps_HeapMem_reqAlign__C
2001a63c   ti_sysbios_knl_Clock_LM_begin__C
2001a640   ti_sysbios_knl_Clock_LM_tick__C
2001a644   ti_sysbios_knl_Clock_LW_delayed__C
2001a648   ti_sysbios_knl_Clock_Module_State_clockQ__O
2001a64c   ti_sysbios_knl_Clock_Module__diagsEnabled__C
2001a650   ti_sysbios_knl_Clock_Module__diagsIncluded__C
2001a654   ti_sysbios_knl_Clock_Module__diagsMask__C
2001a658   ti_sysbios_knl_Clock_Module__loggerFxn1__C
2001a65c   ti_sysbios_knl_Clock_Module__loggerFxn2__C
2001a660   ti_sysbios_knl_Clock_Module__loggerObj__C
2001a664   ti_sysbios_knl_Clock_tickPeriod__C
2001a668   ti_sysbios_knl_Idle_funcList__A
2001a66c   ti_sysbios_knl_Mailbox_A_invalidBufSize__C
2001a670   ti_sysbios_knl_Mailbox_Instance_State_dataQue__O
2001a674   ti_sysbios_knl_Mailbox_Instance_State_dataSem__O
2001a678   ti_sysbios_knl_Mailbox_Instance_State_freeQue__O
2001a67c   ti_sysbios_knl_Mailbox_Instance_State_freeSem__O
2001a680   ti_sysbios_knl_Mailbox_Module__diagsEnabled__C
2001a684   ti_sysbios_knl_Mailbox_Module__diagsIncluded__C
2001a688   ti_sysbios_knl_Mailbox_Module__diagsMask__C
2001a68c   ti_sysbios_knl_Mailbox_Object__count__C
2001a690   ti_sysbios_knl_Mailbox_maxTypeAlign__C
2001a694   ti_sysbios_knl_Semaphore_A_badContext__C
2001a698   ti_sysbios_knl_Semaphore_A_noEvents__C
2001a69c   ti_sysbios_knl_Semaphore_A_overflow__C
2001a6a0   ti_sysbios_knl_Semaphore_A_pendTaskDisabled__C
2001a6a4   ti_sysbios_knl_Semaphore_Instance_State_pendQ__O
2001a6a8   ti_sysbios_knl_Semaphore_LM_pend__C
2001a6ac   ti_sysbios_knl_Semaphore_LM_post__C
2001a6b0   ti_sysbios_knl_Semaphore_Module__diagsEnabled__C
2001a6b4   ti_sysbios_knl_Semaphore_Module__diagsIncluded__C
2001a6b8   ti_sysbios_knl_Semaphore_Module__diagsMask__C
2001a6bc   ti_sysbios_knl_Semaphore_Module__loggerFxn2__C
2001a6c0   ti_sysbios_knl_Semaphore_Module__loggerFxn4__C
2001a6c4   ti_sysbios_knl_Semaphore_Module__loggerObj__C
2001a6c8   ti_sysbios_knl_Swi_LD_end__C
2001a6cc   ti_sysbios_knl_Swi_LM_begin__C
2001a6d0   ti_sysbios_knl_Swi_LM_post__C
2001a6d4   ti_sysbios_knl_Swi_Module__diagsEnabled__C
2001a6d8   ti_sysbios_knl_Swi_Module__diagsIncluded__C
2001a6dc   ti_sysbios_knl_Swi_Module__diagsMask__C
2001a6e0   ti_sysbios_knl_Swi_Module__loggerFxn1__C
2001a6e4   ti_sysbios_knl_Swi_Module__loggerFxn4__C
2001a6e8   ti_sysbios_knl_Swi_Module__loggerObj__C
2001a6ec   ti_sysbios_knl_Swi_Object__count__C
2001a6f0   ti_sysbios_knl_Task_A_badPriority__C
2001a6f4   ti_sysbios_knl_Task_A_badTaskState__C
2001a6f8   ti_sysbios_knl_Task_A_badThreadType__C
2001a6fc   ti_sysbios_knl_Task_A_badTimeout__C
2001a700   ti_sysbios_knl_Task_A_noPendElem__C
2001a704   ti_sysbios_knl_Task_A_sleepTaskDisabled__C
2001a708   ti_sysbios_knl_Task_E_spOutOfBounds__C
2001a70c   ti_sysbios_knl_Task_E_stackOverflow__C
2001a710   ti_sysbios_knl_Task_LD_block__C
2001a714   ti_sysbios_knl_Task_LD_exit__C
2001a718   ti_sysbios_knl_Task_LD_ready__C
2001a71c   ti_sysbios_knl_Task_LM_sleep__C
2001a720   ti_sysbios_knl_Task_LM_switch__C
2001a724   ti_sysbios_knl_Task_Module_State_inactiveQ__O
2001a728   ti_sysbios_knl_Task_Module__diagsEnabled__C
2001a72c   ti_sysbios_knl_Task_Module__diagsIncluded__C
2001a730   ti_sysbios_knl_Task_Module__diagsMask__C
2001a734   ti_sysbios_knl_Task_Module__loggerFxn2__C
2001a738   ti_sysbios_knl_Task_Module__loggerFxn4__C
2001a73c   ti_sysbios_knl_Task_Module__loggerObj__C
2001a740   ti_sysbios_knl_Task_Object__count__C
2001a744   ti_sysbios_knl_Task_allBlockedFunc__C
2001a748   ti_sysbios_knl_Task_defaultStackHeap__C
2001a74c   ti_sysbios_knl_Task_defaultStackSize__C
2001a750   ti_sysbios_knl_Task_numConstructedTasks__C
2001a754   xdc_runtime_Assert_E_assertFailed__C
2001a758   xdc_runtime_Core_A_initializedParams__C
2001a75c   xdc_runtime_Core_Module__diagsEnabled__C
2001a760   xdc_runtime_Core_Module__diagsIncluded__C
2001a764   xdc_runtime_Core_Module__diagsMask__C
2001a768   xdc_runtime_Error_E_memory__C
2001a76c   xdc_runtime_Error_Module__diagsEnabled__C
2001a770   xdc_runtime_Error_Module__diagsIncluded__C
2001a774   xdc_runtime_Error_Module__diagsMask__C
2001a778   xdc_runtime_Error_Module__loggerFxn8__C
2001a77c   xdc_runtime_Error_Module__loggerObj__C
2001a780   xdc_runtime_Error_policyFxn__C
2001a784   xdc_runtime_Error_raiseHook__C
2001a788   xdc_runtime_IFilterLogger_Interface__BASE__C
2001a78c   xdc_runtime_IGateProvider_Interface__BASE__C
2001a790   xdc_runtime_IHeap_Interface__BASE__C
2001a794   xdc_runtime_ILogger_Interface__BASE__C
2001a798   xdc_runtime_IModule_Interface__BASE__C
2001a79c   xdc_runtime_Log_L_error__C
2001a7a0   xdc_runtime_LoggerBuf_E_badLevel__C
2001a7a4   xdc_runtime_LoggerBuf_Module__gateObj__C
2001a7a8   xdc_runtime_LoggerBuf_Object__count__C
2001a7ac   xdc_runtime_LoggerBuf_statusLogger__C
2001a7b0   xdc_runtime_Memory_defaultHeapInstance__C
2001a7b4   xdc_runtime_Startup_execImpl__C
2001a7b8   xdc_runtime_Startup_maxPasses__C
2001a7bc   xdc_runtime_Startup_sfxnRts__C
2001a7c0   xdc_runtime_Startup_sfxnTab__C
2001a7c4   xdc_runtime_SysMin_bufSize__C
2001a7c8   xdc_runtime_SysMin_outputFunc__C
2001a7cc   xdc_runtime_System_Module__gateObj__C
2001a7d0   xdc_runtime_System_abortFxn__C
2001a7d4   xdc_runtime_System_exitFxn__C
2001a7d8   xdc_runtime_System_extendFxn__C
2001a7dc   xdc_runtime_System_maxAtexitHandlers__C
2001a7e0   xdc_runtime_Text_charTab__C
2001a7e4   xdc_runtime_Text_nameEmpty__C
2001a7e8   xdc_runtime_Text_nameStatic__C
2001a7ec   xdc_runtime_Text_nameUnknown__C
2001a7f0   xdc_runtime_Text_nodeTab__C
2001a7f4   xdc_runtime_Text_visitRopeFxn__C
2001a7f8   ti_sysbios_family_arm_m3_Timer_Module__id__C
2001a7fa   ti_sysbios_family_arm_m3_TimestampProvider_configTimer__C
2001a7fc   ti_sysbios_gates_GateMutex_Module__id__C
2001a7fe   ti_sysbios_hal_Hwi_Module__id__C
2001a800   ti_sysbios_heaps_HeapMem_Module__id__C
2001a802   ti_sysbios_knl_Clock_Module__id__C
2001a804   ti_sysbios_knl_Clock_Module__loggerDefined__C
2001a806   ti_sysbios_knl_Mailbox_Module__id__C
2001a808   ti_sysbios_knl_Semaphore_Module__id__C
2001a80a   ti_sysbios_knl_Semaphore_Module__loggerDefined__C
2001a80c   ti_sysbios_knl_Swi_Module__id__C
2001a80e   ti_sysbios_knl_Swi_Module__loggerDefined__C
2001a810   ti_sysbios_knl_Task_Module__id__C
2001a812   ti_sysbios_knl_Task_Module__loggerDefined__C
2001a814   ti_sysbios_knl_Task_initStackFlag__C
2001a816   xdc_runtime_Core_Module__id__C
2001a818   xdc_runtime_Error_Module__loggerDefined__C
2001a81a   xdc_runtime_Error_maxDepth__C
2001a81c   xdc_runtime_LoggerBuf_Module__id__C
2001a81e   xdc_runtime_LoggerBuf_filterByLevel__C
2001a820   xdc_runtime_Memory_Module__id__C
2001a822   xdc_runtime_SysMin_flushAtExit__C
2001a824   xdc_runtime_Text_charCnt__C
2001a826   xdc_runtime_Text_isLoaded__C
2001a828   xdc_runtime_Text_registryModsLastId__C
2001a82a   xdc_runtime_Text_unnamedModsLastId__C
2001a830   __TI_static_base__
2001ac88   __TI_Handler_Table_Base
2001ac94   __TI_Handler_Table_Limit
2001aca0   __TI_CINIT_Base
2001acb0   __TI_CINIT_Limit
2001c000   ti_sysbios_heaps_HeapMem_Instance_State_0_buf__A
20024000   ti_sysbios_knl_Task_Instance_State_0_stack__A
20024800   xdc_runtime_LoggerBuf_Instance_State_0_entryArr__A
20024c00   xdc_runtime_SysMin_Module_State_0_outbuf__A
20025000   g_NetEntries
20025370   ti_sysbios_family_arm_m3_Hwi_dispatchTable
2002567c   g_StatMem
200257f4   __CIOBUF_
20025914   g_ucDinDout
20025964   exosite_provision_info
200259b0   g_cWlanSecurityKey
200259e4   g_cWlanSSID
20025a18   g_SecParams
20025a2c   DMAMsgQ
20025a30   SimpleLinkSpawnTaskHndl
20025a38   g_cDummy
20025a3c   simpleLink_mailbox
20025a40   g_ucLED1Pin
20025a41   g_ucLED2Pin
20025a42   g_ucLED3Pin
20025a43   g_ucPriority
20025a48   ti_sysbios_family_arm_m3_Hwi_Module__root__V
20025a50   ti_sysbios_family_arm_m3_Hwi_Object__table__V
20025a68   ti_sysbios_family_arm_m3_Hwi_Module_State_0_excActive__A
20025a6c   ti_sysbios_family_arm_m3_Hwi_Module_State_0_excContext__A
20025a70   ti_sysbios_family_arm_m3_Hwi_Module_State_0_excStack__A
20025a74   ti_sysbios_family_arm_m3_Timer_Module__root__V
20025a7c   ti_sysbios_family_arm_m3_Timer_Module__state__V
20025a88   ti_sysbios_family_arm_m3_TimestampProvider_Module__state__V
20025a8c   ti_sysbios_gates_GateHwi_Module__root__V
20025a94   ti_sysbios_gates_GateHwi_Object__table__V
20025a98   ti_sysbios_gates_GateMutex_Module__root__V
20025aa0   ti_sysbios_hal_Hwi_Module__root__V
20025aa8   ti_sysbios_hal_Timer_Module__root__V
20025ab0   ti_sysbios_heaps_HeapMem_Module__root__V
20025ab8   ti_sysbios_heaps_HeapMem_Object__table__V
20025ad0   ti_sysbios_knl_Clock_Module__root__V
20025ad8   ti_sysbios_knl_Event_Module__root__V
20025ae0   ti_sysbios_knl_Mailbox_Module__root__V
20025ae8   ti_sysbios_knl_Queue_Module__root__V
20025af0   ti_sysbios_knl_Semaphore_Module__root__V
20025af8   ti_sysbios_knl_Swi_Module__root__V
20025b00   ti_sysbios_knl_Swi_Module__state__V
20025b1c   ti_sysbios_knl_Task_Module__root__V
20025b24   ti_sysbios_knl_Task_Module_State_0_idleTask__A
20025b28   xdc_runtime_Error_Module__state__V
20025b2c   xdc_runtime_LoggerBuf_Module__root__V
20025b34   xdc_runtime_LoggerBuf_Module__state__V
20025b3c   xdc_runtime_Memory_Module__state__V
20025b40   xdc_runtime_Registry_Module__state__V
20025b48   xdc_runtime_Startup_Module__state__V
20025b50   xdc_runtime_SysMin_Module__state__V
20025b5c   xdc_runtime_System_Module_State_0_atexitHandlers__A
20025b6c   xdc_runtime_System_Module__state__V
20025b74   xdc_runtime_Text_Module__state__V
20025b7c   __xdc__init__addr
20025c30   g_token_get
20025cd0   _Denorm
20025ce0   _Eps
20025cf0   _Hugeval
20025d00   _Inf
20025d10   _Nan
20025d20   _Snan
20025d30   _Rteps
20025d40   _Xbig
20025d48   _Zero
20025d50   ti_sysbios_knl_Swi_Module_State_0_readyQ__A
20025dd0   ti_sysbios_knl_Task_Module_State_0_readyQ__A
20025e50   _FDenorm
20025e60   _FEps
20025e70   _FInf
20025e80   _FNan
20025e90   _FSnan
20025ea0   _FRteps
20025eb0   _FXbig
20025eb4   _FZero
20025eb8   TSK_idle
20025eb8   ti_sysbios_knl_Task_Object__table__V
20025f04   ti_sysbios_knl_Task_Module__state__V
20025f48   ti_sysbios_gates_GateMutex_Object__table__V
20025f81   led_onoff
20025f84   max_accel
20025f88   tickcnt
20025f8c   uptime
20025f90   sw2_button_on
20025f94   g_ipV4
20025fa4   threshold
20025fa8   holdoff
20025fb4   ti_sysbios_family_arm_m3_Hwi_Module__state__V
20025fe8   ti_sysbios_family_arm_m3_Timer_Object__table__V
20026018   ti_sysbios_knl_Swi_Object__table__V
20026048   ti_sysbios_knl_Clock_Module__state__V
20026074   ti_sysbios_BIOS_Module__state__V
20026098   xdc_runtime_LoggerBuf_Object__table__V
200260cc   g_uiLED1Port
200260d0   g_uiLED2Port
200260d4   g_uiLED3Port
200260d8   g_ucIpObtained
200260d9   g_ucProfileAdded
200260da   g_ucConnectionStatus
200260db   g_ucConnectedToConfAP
200260dc   g_ucProvisioningDone
200260e0   g_uiConnectTimeoutCnt
200260e4   g_uiIpAddress
200260e8   g_ucIpLeased
200260ec   g_ulStaIp
200260f0   g_pHostIntHdl
200260f4   g_SpiFd
200260f8   g_ucDMAEnabled
200260fc   g_len
20026108   _lock
2002610c   _unlock
20026110   __TI_cleanup_ptr
20026114   __TI_dtors_ptr
20026118   _Fenv
2002611c   _Tls_setup__Fenv
20026120   g_pCB
20026124   pPingCallBackFunc
20026128   _Errno
2002612c   main_func_sp
2002e000   __stack
20030000   __STACK_END
e000e000   ti_sysbios_family_arm_m3_Hwi_nvic
ffffffff   __binit__
ffffffff   __c_args__
ffffffff   binit
UNDEFED    SHT$$INIT_ARRAY$$Base
UNDEFED    SHT$$INIT_ARRAY$$Limit

[1308 symbols]
