******************************************************************************
                  TI ARM Linker PC v5.1.5                      
******************************************************************************
>> Linked Thu Aug 07 16:25:16 2014

OUTPUT FILE NAME:   <provisioning_ap.out>
ENTRY POINT SYMBOL: "_c_int00"  address: 2000a569


MEMORY CONFIGURATION

         name            origin    length      used     unused   attr    fill
----------------------  --------  ---------  --------  --------  ----  --------
  SRAM_CODE             20004000   00017fff  00006a83  0001157c  RW X
  SRAM_DATA             2001c000   00014000  000086b0  0000b950  RW X


SEGMENT ALLOCATION MAP

run origin  load origin   length   init length attrs members
----------  ----------- ---------- ----------- ----- -------
20004000    20004000    00006a90   00006a90    r-x
  20004000    20004000    00006782   00006782    r-x .text
  2000a788    2000a788    00000209   00000209    r-- .const
  2000a998    2000a998    000000f8   000000f8    r-- .cinit
2001c000    2001c000    000046b0   00000000    rw-
  2001c000    2001c000    00004000   00000000    rw- .sysmem
  20020000    20020000    00000440   00000000    rw- .bss
  20020440    20020440    00000270   00000000    rw- .data
2002c000    2002c000    00004000   00000000    rw-
  2002c000    2002c000    00004000   00000000    rw- .stack


SECTION ALLOCATION MAP

 output                                  attributes/
section   page    origin      length       input sections
--------  ----  ----------  ----------   ----------------
.init_array 
*          0    20004000    00000000     UNINITIALIZED

.text      0    20004000    00006782     
                  20004000    00000ec0     rtsv7M4_T_le_eabi.lib : _printfi.obj (.text)
                  20004ec0    00000b8c     exosite.obj (.text)
                  20005a4c    00000a60     main.obj (.text)
                  200064ac    000006a8     cloud_demo.obj (.text)
                  20006b54    00000538     ti_rtos.a : osi_tirtos.obj (.text)
                  2000708c    00000490     rtsv7M4_T_le_eabi.lib : pow.obj (.text)
                  2000751c    00000434     tmp006drv.obj (.text)
                  20007950    00000424     exosite_hal.obj (.text)
                  20007d74    000003cc     rtsv7M4_T_le_eabi.lib : memory.obj (.text)
                  20008140    00000354     gpio_if.obj (.text)
                  20008494    000002e4     rtsv7M4_T_le_eabi.lib : xlog.obj (.text)
                  20008778    00000290     i2c_if.obj (.text)
                  20008a08    000001fc     rtsv7M4_T_le_eabi.lib : xexp.obj (.text)
                  20008c04    000001f4                           : ull_div_t2.obj (.text)
                  20008df8    000001ec     bma222drv.obj (.text)
                  20008fe4    000001c0     strlib.obj (.text)
                  200091a4    000001b6     rtsv7M4_T_le_eabi.lib : fd_add_t2.obj (.text)
                  2000935a    00000002     --HOLE-- [fill = 0]
                  2000935c    000001a4     exosite_meta.obj (.text)
                  20009500    00000136     rtsv7M4_T_le_eabi.lib : fd_div_t2.obj (.text)
                  20009636    00000002     --HOLE-- [fill = 0]
                  20009638    00000110                           : xdscale.obj (.text)
                  20009748    000000fc                           : fd_mul_t2.obj (.text)
                  20009844    000000fa                           : fs_add_t2.obj (.text)
                  2000993e    000000fa     timer_if.obj (.text)
                  20009a38    000000e0     uart_if.obj (.text)
                  20009b18    000000c4     rtsv7M4_T_le_eabi.lib : xdint.obj (.text)
                  20009bdc    000000c4                           : xdnorm.obj (.text)
                  20009ca0    0000009c                           : memcpy_t2.obj (.text)
                  20009d3c    00000098                           : snprintf.obj (.text)
                  20009dd4    00000094                           : auto_init.obj (.text)
                  20009e68    00000092                           : fs_div_t2.obj (.text)
                  20009efa    00000086                           : fd_cmp_t2.obj (.text:__aeabi_cdcmple)
                  20009f80    00000086                           : fd_cmp_t2.obj (.text:__aeabi_cdrcmple)
                  2000a006    0000007a                           : fs_mul_t2.obj (.text)
                  2000a080    00000078                           : memset_t2.obj (.text)
                  2000a0f8    00000064                           : xdunscal.obj (.text)
                  2000a15c    00000060                           : fs_cmp_t2.obj (.text:__aeabi_cfcmple)
                  2000a1bc    00000060                           : fs_cmp_t2.obj (.text:__aeabi_cfrcmple)
                  2000a21c    0000005e                           : copy_decompress_rle.obj (.text)
                  2000a27a    0000005a                           : ltoa.obj (.text)
                  2000a2d4    0000004c                           : atoi.obj (.text)
                  2000a320    0000004a                           : fd_tos_t2.obj (.text)
                  2000a36a    00000048                           : fd_toi_t2.obj (.text)
                  2000a3b2    00000002     --HOLE-- [fill = 0]
                  2000a3b4    00000044                           : cpy_tbl.obj (.text)
                  2000a3f8    00000044                           : exit.obj (.text)
                  2000a43c    00000044                           : xdtest.obj (.text)
                  2000a480    00000040                           : signal.obj (.text)
                  2000a4c0    00000038                           : fs_tod_t2.obj (.text)
                  2000a4f8    00000038                           : fs_toi_t2.obj (.text)
                  2000a530    00000038                           : i_tofs_t2.obj (.text)
                  2000a568    00000034                           : boot.obj (.text)
                  2000a59c    00000034                           : feraiseexcept.obj (.text)
                  2000a5d0    00000030                           : strncpy.obj (.text)
                  2000a600    00000030                           : xferaise.obj (.text)
                  2000a630    0000002e                           : i_tofd_t2.obj (.text)
                  2000a65e    0000002e                           : raise.obj (.text)
                  2000a68c    00000026                           : strncmp.obj (.text)
                  2000a6b2    00000022                           : memcmp.obj (.text)
                  2000a6d4    0000001c                           : memccpy.obj (.text)
                  2000a6f0    00000018                           : args_main.obj (.text)
                  2000a708    00000018                           : ll_mul_t2.obj (.text)
                  2000a720    00000014                           : _lock.obj (.text)
                  2000a734    00000014                           : strlen.obj (.text)
                  2000a748    00000012                           : copy_zero_init.obj (.text:decompress:ZI)
                  2000a75a    0000000e                           : copy_decompress_none.obj (.text:decompress:none)
                  2000a768    0000000e                           : xdclass.obj (.text)
                  2000a776    00000006                           : copy_decompress_rle.obj (.text:decompress:rle24)
                  2000a77c    00000006                           : log.obj (.text)

.const     0    2000a788    00000209     
                  2000a788    00000102     rtsv7M4_T_le_eabi.lib : ctype.obj (.const:.string:_ctypes_)
                  2000a88a    00000006     exosite_meta.obj (.const:.string)
                  2000a890    00000048     rtsv7M4_T_le_eabi.lib : xexp.obj (.const)
                  2000a8d8    00000038                           : xlog.obj (.const:p)
                  2000a910    00000030                           : xdint.obj (.const)
                  2000a940    0000002c     main.obj (.const:$P$T0$1)
                  2000a96c    00000025     strlib.obj (.const:.string:$P$T0$1)

.cinit     0    2000a998    000000f8     
                  2000a998    000000d0     (.cinit..data.load) [load image, compression = rle]
                  2000aa68    0000000c     (__TI_handler_table)
                  2000aa74    00000004     --HOLE-- [fill = 0]
                  2000aa78    00000008     (.cinit..bss.load) [load image, compression = zero_init]
                  2000aa80    00000010     (__TI_cinit_table)

.sysmem    0    2001c000    00004000     UNINITIALIZED
                  2001c000    00000008     rtsv7M4_T_le_eabi.lib : memory.obj (.sysmem)
                  2001c008    00003ff8     --HOLE--

.bss       0    20020000    00000440     UNINITIALIZED
                  20020000    00000370     main.obj (.bss:g_NetEntries)
                  20020370    0000004c     exosite.obj (.bss:exosite_provision_info)
                  200203bc    00000034     main.obj (.bss:g_cWlanSecurityKey)
                  200203f0    00000024     main.obj (.bss:g_cWlanSSID)
                  20020414    00000010     (.common:exo_SocketAddr)
                  20020424    0000000c     (.common:g_SecParams)
                  20020430    00000004     (.common:SimpleLinkSpawnTaskHndl)
                  20020434    00000004     (.common:__Errorlog)
                  20020438    00000004     (.common:simpleLink_mailbox)
                  2002043c    00000001     (.common:g_ucLED1Pin)
                  2002043d    00000001     (.common:g_ucLED2Pin)
                  2002043e    00000001     (.common:g_ucLED3Pin)
                  2002043f    00000001     (.common:g_ucPriority)

.data      0    20020440    00000270     UNINITIALIZED
                  20020440    000000b0     rtsv7M4_T_le_eabi.lib : signal.obj (.data:sigtable)
                  200204f0    00000080                           : xvalues.obj (.data)
                  20020570    00000068                           : xfvalues.obj (.data)
                  200205d8    0000003c     main.obj (.data:g_token_get)
                  20020614    00000034     cloud_demo.obj (.data)
                  20020648    0000001c     gpio_if.obj (.data)
                  20020664    00000018     main.obj (.data)
                  2002067c    0000000c     rtsv7M4_T_le_eabi.lib : memory.obj (.data)
                  20020688    00000008     exosite.obj (.data)
                  20020690    00000008     rtsv7M4_T_le_eabi.lib : _lock.obj (.data)
                  20020698    00000008                           : exit.obj (.data)
                  200206a0    00000008                           : feraiseexcept.obj (.data)
                  200206a8    00000004                           : errno.obj (.data)
                  200206ac    00000004                           : stkdepth_vars.obj (.data)

.stack     0    2002c000    00004000     UNINITIALIZED
                  2002c000    00004000     --HOLE--


LINKER GENERATED COPY TABLES

__TI_cinit_table @ 2000aa80 records: 2, size/record: 8, table size: 16
	.data: load addr=2000a998, load size=000000d0 bytes, run addr=20020440, run size=00000270 bytes, compression=rle
	.bss: load addr=2000aa78, load size=00000008 bytes, run addr=20020000, run size=00000440 bytes, compression=zero_init


LINKER GENERATED HANDLER TABLE

__TI_handler_table @ 2000aa68 records: 3, size/record: 4, table size: 12
	index: 0, handler: __TI_decompress_rle24
	index: 1, handler: __TI_decompress_none
	index: 2, handler: __TI_zero_init


GLOBAL SYMBOLS: SORTED ALPHABETICALLY BY Name 

address    name
--------   ----
20008eb5   BMA222Close
20008e93   BMA222Open
20008eb9   BMA222Read
20008f35   BMA222ReadNew
20008e5d   BlockRead
2000a3f9   C$$EXIT
20009a4b   ClearTerm
2000660f   Cloud_Read
20005f09   DeInitDriver
20005f17   DeInitDriverAP
2000657f   Demo_Tick
20009a55   Error
20005065   Exosite_Activate
200052e1   Exosite_GetCIK
20005291   Exosite_GetMRF
20004fc7   Exosite_Init
20005445   Exosite_Read
200052a5   Exosite_SetCIK
2000527d   Exosite_SetMRF
20004fc1   Exosite_StatusCode
20005381   Exosite_Write
UNDEFED    GPIOIntClear
UNDEFED    GPIOIntEnable
UNDEFED    GPIOIntRegister
UNDEFED    GPIOIntTypeSet
UNDEFED    GPIOPinRead
UNDEFED    GPIOPinWrite
200083c5   GPIO_IF_ConfigureNIntEnable
2000843b   GPIO_IF_Get
2000837f   GPIO_IF_GetPortNPin
20008141   GPIO_IF_LedConfigure
20008233   GPIO_IF_LedOff
2000817f   GPIO_IF_LedOn
200082e7   GPIO_IF_LedStatus
20008351   GPIO_IF_LedToggle
20008401   GPIO_IF_Set
20009a63   GetCmd
20008df9   GetRegisterValue
UNDEFED    I2CMasterControl
UNDEFED    I2CMasterDataGet
UNDEFED    I2CMasterDataPut
UNDEFED    I2CMasterErr
UNDEFED    I2CMasterInitExpClk
UNDEFED    I2CMasterIntClearEx
UNDEFED    I2CMasterIntStatusEx
UNDEFED    I2CMasterSlaveAddrSet
UNDEFED    I2CMasterTimeoutSet
200089f1   I2C_IF_Close
200089a9   I2C_IF_Open
200088a3   I2C_IF_Read
2000895f   I2C_IF_ReadFrom
200087ed   I2C_IF_Write
20005f31   InitDriver
20009a39   InitTerm
UNDEFED    IntEnable
UNDEFED    IntMasterEnable
20009a41   Message
UNDEFED    PRCMCC3200MCUInit
UNDEFED    PRCMPeripheralClkDisable
UNDEFED    PRCMPeripheralClkEnable
UNDEFED    PRCMPeripheralReset
20006021   ProvisioningAP
20009af5   Report
20006699   Report_Sensors
UNDEFED    SHT$$INIT_ARRAY$$Base
UNDEFED    SHT$$INIT_ARRAY$$Limit
20006563   SW2_Pressed
20006575   SW3_Pressed
20008e23   SetRegisterValue
20005ca1   SimpleLinkGeneralEventHandler
20005acd   SimpleLinkHttpServerCallback
20005a97   SimpleLinkNetAppEventHandler
20005cb1   SimpleLinkSockEventHandler
20020430   SimpleLinkSpawnTaskHndl
20005a4d   SimpleLinkWlanEventHandler
200065cd   Status_Idicate
200077f5   TMP006DrvGetTemp
2000755d   TMP006DrvOpen
20005fdd   TimerA1IntHandler
20005fcf   TimerBaseIntHandler
UNDEFED    TimerConfigure
UNDEFED    TimerDisable
UNDEFED    TimerEnable
UNDEFED    TimerIntClear
UNDEFED    TimerIntDisable
UNDEFED    TimerIntEnable
UNDEFED    TimerIntRegister
UNDEFED    TimerIntStatus
UNDEFED    TimerIntUnregister
UNDEFED    TimerLoadSet
UNDEFED    TimerPrescaleSet
UNDEFED    TimerValueGet
200099f3   Timer_IF_DeInit
20009a21   Timer_IF_GetCount
2000993f   Timer_IF_Init
20009971   Timer_IF_IntSetup
200099af   Timer_IF_InterruptClear
20009a0d   Timer_IF_ReLoad
200099c7   Timer_IF_Start
200099e3   Timer_IF_Stop
UNDEFED    UARTCharGet
UNDEFED    UARTCharPut
UNDEFED    UtilsDelay
20006ebd   VDeleteSimpleLinkSpawnTask
20006e65   VStartSimpleLinkSpawnTask
2000a769   _Dclass
200204f0   _Denorm
20009b19   _Dint
20009bdd   _Dnorm
20009639   _Dscale
2000a43d   _Dtest
2000a0f9   _Dunscale
20020500   _Eps
200206a8   _Errno
20008a09   _Exp
20020570   _FDenorm
20020580   _FEps
20020590   _FInf
200205a0   _FNan
200205c0   _FRteps
200205b0   _FSnan
200205d0   _FXbig
200205d4   _FZero
200206a0   _Fenv
2000a601   _Feraise
UNDEFED    _GetCreateFsMode
20020510   _Hugeval
20020520   _Inf
20008495   _Log
20020530   _Nan
20020550   _Rteps
20020540   _Snan
200206a4   _Tls_setup__Fenv
20020560   _Xbig
20020568   _Zero
20030000   __STACK_END
00004000   __STACK_SIZE
00004000   __SYSMEM_SIZE
2000aa80   __TI_CINIT_Base
2000aa90   __TI_CINIT_Limit
2000aa68   __TI_Handler_Table_Base
2000aa74   __TI_Handler_Table_Limit
00000001   __TI_args_main
20009dd5   __TI_auto_init
20020698   __TI_cleanup_ptr
2000a75b   __TI_decompress_none
2000a777   __TI_decompress_rle24
2002069c   __TI_dtors_ptr
20004bb7   __TI_printfi
2000a998   __TI_static_base__
2000a749   __TI_zero_init
20009efb   __aeabi_cdcmpeq
20009efb   __aeabi_cdcmple
20009f81   __aeabi_cdrcmple
2000a15d   __aeabi_cfcmpeq
2000a15d   __aeabi_cfcmple
2000a1bd   __aeabi_cfrcmple
2000a321   __aeabi_d2f
2000a36b   __aeabi_d2iz
200091af   __aeabi_dadd
20009501   __aeabi_ddiv
20009749   __aeabi_dmul
200091a5   __aeabi_dsub
2000a4c1   __aeabi_f2d
2000a4f9   __aeabi_f2iz
20009849   __aeabi_fadd
20009e69   __aeabi_fdiv
2000a007   __aeabi_fmul
20009845   __aeabi_fsub
2000a631   __aeabi_i2d
2000a531   __aeabi_i2f
2000a709   __aeabi_lmul
2000a081   __aeabi_memclr
2000a081   __aeabi_memclr4
2000a081   __aeabi_memclr8
20009ca1   __aeabi_memcpy
20009ca1   __aeabi_memcpy4
20009ca1   __aeabi_memcpy8
2000a083   __aeabi_memset
2000a083   __aeabi_memset4
2000a083   __aeabi_memset8
20008c05   __aeabi_uldivmod
ffffffff   __binit__
ffffffff   __c_args__
2002c000   __stack
2000a6f1   _args_main
2000a569   _c_int00
2000a788   _ctypes_
20020690   _lock
2000a72f   _nop
2000a727   _register_lock
2000a721   _register_unlock
2001c000   _sys_memory
20020694   _unlock
2000a3fd   abort
20009175   ascii_to_char
200090c1   atoc
2000a2d5   atoi
2000914b   atoshort
ffffffff   binit
2000652b   blinky_led7
20008109   calloc
20006981   cloud_demo
20005645   connect_to_exosite
2000a3b5   copy_in
2000a405   exit
20007a1f   exoHAL_EnableMeta
20007a21   exoHAL_EraseMeta
20007bab   exoHAL_ReadMetaItem
20007951   exoHAL_ReadUUID
20007cdb   exoHAL_ServerConnect
20007c57   exoHAL_SocketClose
20007c8b   exoHAL_SocketOpenTCP
20007d2d   exoHAL_SocketRecv
20007d03   exoHAL_SocketSend
20007b7d   exoHAL_WriteMetaItem
20007bd3   exoHAL_dns
20009385   exosite_meta_defaults
2000935d   exosite_meta_init
20009453   exosite_meta_read
200093ad   exosite_meta_write
20020370   exosite_provision_info
2000a59d   feraiseexcept
20007e63   free
20020000   g_NetEntries
20020424   g_SecParams
200203f0   g_cWlanSSID
200203bc   g_cWlanSecurityKey
20020628   g_ipV4
200205d8   g_token_get
20020667   g_ucConnectedToConfAP
20020666   g_ucConnectionStatus
20020674   g_ucIpLeased
20020664   g_ucIpObtained
2002043c   g_ucLED1Pin
2002043d   g_ucLED2Pin
2002043e   g_ucLED3Pin
2002043f   g_ucPriority
20020665   g_ucProfileAdded
20020668   g_ucProvisioningDone
2002066c   g_uiConnectTimeoutCnt
20020670   g_uiIpAddress
20020658   g_uiLED1Port
2002065c   g_uiLED2Port
20020660   g_uiLED3Port
20020678   g_ulStaIp
200064ad   get_acc_movement
200056b7   get_http_status
2002063c   holdoff
20004ec1   info_assemble
20008fe5   itoa
20020615   led_onoff
2000a77d   log
2000a27b   ltoa
200062e9   main
200206ac   main_func_sp
20007e01   malloc
20020618   max_accel
20006ed9   mem_Free
20006ecd   mem_Malloc
20006ef9   mem_copy
20006ee5   mem_set
20008029   memalign
2000a6d5   memccpy
2000a6b3   memcmp
20009ca1   memcpy
2000a089   memset
20007d75   minit
20007069   osi_ContextRestore
20007067   osi_ContextSave
20006f0d   osi_EnterCritical
20006f1d   osi_ExitCritical
20006bef   osi_InterruptDeRegister
20006b97   osi_InterruptRegister
20006cf1   osi_LockObjCreate
20006d99   osi_LockObjDelete
20006da7   osi_LockObjLock
20006dff   osi_LockObjUnlock
20006f29   osi_MsgQCreate
20006f5d   osi_MsgQDelete
20006fcb   osi_MsgQRead
20006f6b   osi_MsgQWrite
2000702b   osi_Sleep
20006e0f   osi_Spawn
20006cd9   osi_SyncObjClear
20006c0b   osi_SyncObjCreate
20006c53   osi_SyncObjDelete
20006c61   osi_SyncObjSignal
20006c71   osi_SyncObjSignalFromISR
20006c81   osi_SyncObjWait
20006d33   osi_TaskCreate
20006d8d   osi_TaskDelete
2000704b   osi_TaskDisable
20007053   osi_TaskEnable
2000705f   osi_start
2000708d   pow
2000a65f   raise
20007f23   realloc
20005709   sendLine
2000a481   signal
20020438   simpleLink_mailbox
UNDEFED    sl_Close
UNDEFED    sl_Connect
UNDEFED    sl_DevGet
UNDEFED    sl_FsClose
UNDEFED    sl_FsOpen
UNDEFED    sl_FsRead
UNDEFED    sl_FsWrite
UNDEFED    sl_NetAppDnsGetHostByName
UNDEFED    sl_NetCfgGet
UNDEFED    sl_NetCfgSet
UNDEFED    sl_Recv
UNDEFED    sl_Send
UNDEFED    sl_Socket
UNDEFED    sl_Start
UNDEFED    sl_Stop
UNDEFED    sl_WlanConnect
UNDEFED    sl_WlanDisconnect
UNDEFED    sl_WlanGetNetworkList
UNDEFED    sl_WlanPolicySet
UNDEFED    sl_WlanProfileAdd
UNDEFED    sl_WlanProfileDel
UNDEFED    sl_WlanProfileGet
UNDEFED    sl_WlanSet
UNDEFED    sl_WlanSetMode
20007b15   sl_read
20007ab1   sl_write
20009d3d   snprintf
2000a735   strlen
2000a68d   strncmp
2000a5d1   strncpy
20009059   strrev
20020624   sw2_button_on
20020638   threshold
UNDEFED    ti_sysbios_BIOS_start__E
UNDEFED    ti_sysbios_family_arm_m3_Hwi_Params__init__S
UNDEFED    ti_sysbios_family_arm_m3_Hwi_create
UNDEFED    ti_sysbios_family_arm_m3_Hwi_delete
UNDEFED    ti_sysbios_family_arm_m3_Hwi_disableFxn__E
UNDEFED    ti_sysbios_family_arm_m3_Hwi_getHandle__E
UNDEFED    ti_sysbios_family_arm_m3_Hwi_restoreFxn__E
UNDEFED    ti_sysbios_family_arm_m3_Hwi_setPriority__E
UNDEFED    ti_sysbios_knl_Clock_tickPeriod__C
UNDEFED    ti_sysbios_knl_Mailbox_create
UNDEFED    ti_sysbios_knl_Mailbox_delete
UNDEFED    ti_sysbios_knl_Mailbox_pend__E
UNDEFED    ti_sysbios_knl_Mailbox_post__E
UNDEFED    ti_sysbios_knl_Semaphore_Params__init__S
UNDEFED    ti_sysbios_knl_Semaphore_create
UNDEFED    ti_sysbios_knl_Semaphore_delete
UNDEFED    ti_sysbios_knl_Semaphore_pend__E
UNDEFED    ti_sysbios_knl_Semaphore_post__E
UNDEFED    ti_sysbios_knl_Task_Params__init__S
UNDEFED    ti_sysbios_knl_Task_create
UNDEFED    ti_sysbios_knl_Task_delete
UNDEFED    ti_sysbios_knl_Task_disable__E
UNDEFED    ti_sysbios_knl_Task_restore__E
UNDEFED    ti_sysbios_knl_Task_sleep__E
2002061c   tickcnt
2000562d   update_m2ip
20020620   uptime
UNDEFED    xdc_runtime_Error_init__E


GLOBAL SYMBOLS: SORTED BY Symbol Address 

address    name
--------   ----
00000001   __TI_args_main
00004000   __STACK_SIZE
00004000   __SYSMEM_SIZE
20004bb7   __TI_printfi
20004ec1   info_assemble
20004fc1   Exosite_StatusCode
20004fc7   Exosite_Init
20005065   Exosite_Activate
2000527d   Exosite_SetMRF
20005291   Exosite_GetMRF
200052a5   Exosite_SetCIK
200052e1   Exosite_GetCIK
20005381   Exosite_Write
20005445   Exosite_Read
2000562d   update_m2ip
20005645   connect_to_exosite
200056b7   get_http_status
20005709   sendLine
20005a4d   SimpleLinkWlanEventHandler
20005a97   SimpleLinkNetAppEventHandler
20005acd   SimpleLinkHttpServerCallback
20005ca1   SimpleLinkGeneralEventHandler
20005cb1   SimpleLinkSockEventHandler
20005f09   DeInitDriver
20005f17   DeInitDriverAP
20005f31   InitDriver
20005fcf   TimerBaseIntHandler
20005fdd   TimerA1IntHandler
20006021   ProvisioningAP
200062e9   main
200064ad   get_acc_movement
2000652b   blinky_led7
20006563   SW2_Pressed
20006575   SW3_Pressed
2000657f   Demo_Tick
200065cd   Status_Idicate
2000660f   Cloud_Read
20006699   Report_Sensors
20006981   cloud_demo
20006b97   osi_InterruptRegister
20006bef   osi_InterruptDeRegister
20006c0b   osi_SyncObjCreate
20006c53   osi_SyncObjDelete
20006c61   osi_SyncObjSignal
20006c71   osi_SyncObjSignalFromISR
20006c81   osi_SyncObjWait
20006cd9   osi_SyncObjClear
20006cf1   osi_LockObjCreate
20006d33   osi_TaskCreate
20006d8d   osi_TaskDelete
20006d99   osi_LockObjDelete
20006da7   osi_LockObjLock
20006dff   osi_LockObjUnlock
20006e0f   osi_Spawn
20006e65   VStartSimpleLinkSpawnTask
20006ebd   VDeleteSimpleLinkSpawnTask
20006ecd   mem_Malloc
20006ed9   mem_Free
20006ee5   mem_set
20006ef9   mem_copy
20006f0d   osi_EnterCritical
20006f1d   osi_ExitCritical
20006f29   osi_MsgQCreate
20006f5d   osi_MsgQDelete
20006f6b   osi_MsgQWrite
20006fcb   osi_MsgQRead
2000702b   osi_Sleep
2000704b   osi_TaskDisable
20007053   osi_TaskEnable
2000705f   osi_start
20007067   osi_ContextSave
20007069   osi_ContextRestore
2000708d   pow
2000755d   TMP006DrvOpen
200077f5   TMP006DrvGetTemp
20007951   exoHAL_ReadUUID
20007a1f   exoHAL_EnableMeta
20007a21   exoHAL_EraseMeta
20007ab1   sl_write
20007b15   sl_read
20007b7d   exoHAL_WriteMetaItem
20007bab   exoHAL_ReadMetaItem
20007bd3   exoHAL_dns
20007c57   exoHAL_SocketClose
20007c8b   exoHAL_SocketOpenTCP
20007cdb   exoHAL_ServerConnect
20007d03   exoHAL_SocketSend
20007d2d   exoHAL_SocketRecv
20007d75   minit
20007e01   malloc
20007e63   free
20007f23   realloc
20008029   memalign
20008109   calloc
20008141   GPIO_IF_LedConfigure
2000817f   GPIO_IF_LedOn
20008233   GPIO_IF_LedOff
200082e7   GPIO_IF_LedStatus
20008351   GPIO_IF_LedToggle
2000837f   GPIO_IF_GetPortNPin
200083c5   GPIO_IF_ConfigureNIntEnable
20008401   GPIO_IF_Set
2000843b   GPIO_IF_Get
20008495   _Log
200087ed   I2C_IF_Write
200088a3   I2C_IF_Read
2000895f   I2C_IF_ReadFrom
200089a9   I2C_IF_Open
200089f1   I2C_IF_Close
20008a09   _Exp
20008c05   __aeabi_uldivmod
20008df9   GetRegisterValue
20008e23   SetRegisterValue
20008e5d   BlockRead
20008e93   BMA222Open
20008eb5   BMA222Close
20008eb9   BMA222Read
20008f35   BMA222ReadNew
20008fe5   itoa
20009059   strrev
200090c1   atoc
2000914b   atoshort
20009175   ascii_to_char
200091a5   __aeabi_dsub
200091af   __aeabi_dadd
2000935d   exosite_meta_init
20009385   exosite_meta_defaults
200093ad   exosite_meta_write
20009453   exosite_meta_read
20009501   __aeabi_ddiv
20009639   _Dscale
20009749   __aeabi_dmul
20009845   __aeabi_fsub
20009849   __aeabi_fadd
2000993f   Timer_IF_Init
20009971   Timer_IF_IntSetup
200099af   Timer_IF_InterruptClear
200099c7   Timer_IF_Start
200099e3   Timer_IF_Stop
200099f3   Timer_IF_DeInit
20009a0d   Timer_IF_ReLoad
20009a21   Timer_IF_GetCount
20009a39   InitTerm
20009a41   Message
20009a4b   ClearTerm
20009a55   Error
20009a63   GetCmd
20009af5   Report
20009b19   _Dint
20009bdd   _Dnorm
20009ca1   __aeabi_memcpy
20009ca1   __aeabi_memcpy4
20009ca1   __aeabi_memcpy8
20009ca1   memcpy
20009d3d   snprintf
20009dd5   __TI_auto_init
20009e69   __aeabi_fdiv
20009efb   __aeabi_cdcmpeq
20009efb   __aeabi_cdcmple
20009f81   __aeabi_cdrcmple
2000a007   __aeabi_fmul
2000a081   __aeabi_memclr
2000a081   __aeabi_memclr4
2000a081   __aeabi_memclr8
2000a083   __aeabi_memset
2000a083   __aeabi_memset4
2000a083   __aeabi_memset8
2000a089   memset
2000a0f9   _Dunscale
2000a15d   __aeabi_cfcmpeq
2000a15d   __aeabi_cfcmple
2000a1bd   __aeabi_cfrcmple
2000a27b   ltoa
2000a2d5   atoi
2000a321   __aeabi_d2f
2000a36b   __aeabi_d2iz
2000a3b5   copy_in
2000a3f9   C$$EXIT
2000a3fd   abort
2000a405   exit
2000a43d   _Dtest
2000a481   signal
2000a4c1   __aeabi_f2d
2000a4f9   __aeabi_f2iz
2000a531   __aeabi_i2f
2000a569   _c_int00
2000a59d   feraiseexcept
2000a5d1   strncpy
2000a601   _Feraise
2000a631   __aeabi_i2d
2000a65f   raise
2000a68d   strncmp
2000a6b3   memcmp
2000a6d5   memccpy
2000a6f1   _args_main
2000a709   __aeabi_lmul
2000a721   _register_unlock
2000a727   _register_lock
2000a72f   _nop
2000a735   strlen
2000a749   __TI_zero_init
2000a75b   __TI_decompress_none
2000a769   _Dclass
2000a777   __TI_decompress_rle24
2000a77d   log
2000a788   _ctypes_
2000a998   __TI_static_base__
2000aa68   __TI_Handler_Table_Base
2000aa74   __TI_Handler_Table_Limit
2000aa80   __TI_CINIT_Base
2000aa90   __TI_CINIT_Limit
2001c000   _sys_memory
20020000   g_NetEntries
20020370   exosite_provision_info
200203bc   g_cWlanSecurityKey
200203f0   g_cWlanSSID
20020424   g_SecParams
20020430   SimpleLinkSpawnTaskHndl
20020438   simpleLink_mailbox
2002043c   g_ucLED1Pin
2002043d   g_ucLED2Pin
2002043e   g_ucLED3Pin
2002043f   g_ucPriority
200204f0   _Denorm
20020500   _Eps
20020510   _Hugeval
20020520   _Inf
20020530   _Nan
20020540   _Snan
20020550   _Rteps
20020560   _Xbig
20020568   _Zero
20020570   _FDenorm
20020580   _FEps
20020590   _FInf
200205a0   _FNan
200205b0   _FSnan
200205c0   _FRteps
200205d0   _FXbig
200205d4   _FZero
200205d8   g_token_get
20020615   led_onoff
20020618   max_accel
2002061c   tickcnt
20020620   uptime
20020624   sw2_button_on
20020628   g_ipV4
20020638   threshold
2002063c   holdoff
20020658   g_uiLED1Port
2002065c   g_uiLED2Port
20020660   g_uiLED3Port
20020664   g_ucIpObtained
20020665   g_ucProfileAdded
20020666   g_ucConnectionStatus
20020667   g_ucConnectedToConfAP
20020668   g_ucProvisioningDone
2002066c   g_uiConnectTimeoutCnt
20020670   g_uiIpAddress
20020674   g_ucIpLeased
20020678   g_ulStaIp
20020690   _lock
20020694   _unlock
20020698   __TI_cleanup_ptr
2002069c   __TI_dtors_ptr
200206a0   _Fenv
200206a4   _Tls_setup__Fenv
200206a8   _Errno
200206ac   main_func_sp
2002c000   __stack
20030000   __STACK_END
ffffffff   __binit__
ffffffff   __c_args__
ffffffff   binit
UNDEFED    GPIOIntClear
UNDEFED    GPIOIntEnable
UNDEFED    GPIOIntRegister
UNDEFED    GPIOIntTypeSet
UNDEFED    GPIOPinRead
UNDEFED    GPIOPinWrite
UNDEFED    I2CMasterControl
UNDEFED    I2CMasterDataGet
UNDEFED    I2CMasterDataPut
UNDEFED    I2CMasterErr
UNDEFED    I2CMasterInitExpClk
UNDEFED    I2CMasterIntClearEx
UNDEFED    I2CMasterIntStatusEx
UNDEFED    I2CMasterSlaveAddrSet
UNDEFED    I2CMasterTimeoutSet
UNDEFED    IntEnable
UNDEFED    IntMasterEnable
UNDEFED    PRCMCC3200MCUInit
UNDEFED    PRCMPeripheralClkDisable
UNDEFED    PRCMPeripheralClkEnable
UNDEFED    PRCMPeripheralReset
UNDEFED    SHT$$INIT_ARRAY$$Base
UNDEFED    SHT$$INIT_ARRAY$$Limit
UNDEFED    TimerConfigure
UNDEFED    TimerDisable
UNDEFED    TimerEnable
UNDEFED    TimerIntClear
UNDEFED    TimerIntDisable
UNDEFED    TimerIntEnable
UNDEFED    TimerIntRegister
UNDEFED    TimerIntStatus
UNDEFED    TimerIntUnregister
UNDEFED    TimerLoadSet
UNDEFED    TimerPrescaleSet
UNDEFED    TimerValueGet
UNDEFED    UARTCharGet
UNDEFED    UARTCharPut
UNDEFED    UtilsDelay
UNDEFED    _GetCreateFsMode
UNDEFED    sl_Close
UNDEFED    sl_Connect
UNDEFED    sl_DevGet
UNDEFED    sl_FsClose
UNDEFED    sl_FsOpen
UNDEFED    sl_FsRead
UNDEFED    sl_FsWrite
UNDEFED    sl_NetAppDnsGetHostByName
UNDEFED    sl_NetCfgGet
UNDEFED    sl_NetCfgSet
UNDEFED    sl_Recv
UNDEFED    sl_Send
UNDEFED    sl_Socket
UNDEFED    sl_Start
UNDEFED    sl_Stop
UNDEFED    sl_WlanConnect
UNDEFED    sl_WlanDisconnect
UNDEFED    sl_WlanGetNetworkList
UNDEFED    sl_WlanPolicySet
UNDEFED    sl_WlanProfileAdd
UNDEFED    sl_WlanProfileDel
UNDEFED    sl_WlanProfileGet
UNDEFED    sl_WlanSet
UNDEFED    sl_WlanSetMode
UNDEFED    ti_sysbios_BIOS_start__E
UNDEFED    ti_sysbios_family_arm_m3_Hwi_Params__init__S
UNDEFED    ti_sysbios_family_arm_m3_Hwi_create
UNDEFED    ti_sysbios_family_arm_m3_Hwi_delete
UNDEFED    ti_sysbios_family_arm_m3_Hwi_disableFxn__E
UNDEFED    ti_sysbios_family_arm_m3_Hwi_getHandle__E
UNDEFED    ti_sysbios_family_arm_m3_Hwi_restoreFxn__E
UNDEFED    ti_sysbios_family_arm_m3_Hwi_setPriority__E
UNDEFED    ti_sysbios_knl_Clock_tickPeriod__C
UNDEFED    ti_sysbios_knl_Mailbox_create
UNDEFED    ti_sysbios_knl_Mailbox_delete
UNDEFED    ti_sysbios_knl_Mailbox_pend__E
UNDEFED    ti_sysbios_knl_Mailbox_post__E
UNDEFED    ti_sysbios_knl_Semaphore_Params__init__S
UNDEFED    ti_sysbios_knl_Semaphore_create
UNDEFED    ti_sysbios_knl_Semaphore_delete
UNDEFED    ti_sysbios_knl_Semaphore_pend__E
UNDEFED    ti_sysbios_knl_Semaphore_post__E
UNDEFED    ti_sysbios_knl_Task_Params__init__S
UNDEFED    ti_sysbios_knl_Task_create
UNDEFED    ti_sysbios_knl_Task_delete
UNDEFED    ti_sysbios_knl_Task_disable__E
UNDEFED    ti_sysbios_knl_Task_restore__E
UNDEFED    ti_sysbios_knl_Task_sleep__E
UNDEFED    xdc_runtime_Error_init__E

[362 symbols]
