<?xml version="1.0"?>
<link_info>
   <banner>TI ARM Linker PC v5.1.5</banner>
   <copyright>Copyright (c) 1996-2014 Texas Instruments Incorporated</copyright>
   <link_time>0x53e3eebc</link_time>
   <link_errors>0x3</link_errors>
   <output_file>provisioning_ap.out</output_file>
   <entry_point>
      <name>_c_int00</name>
      <address>0x2000a569</address>
   </entry_point>
   <input_file_list>
      <input_file id="fl-2">
         <path>.\exosite\</path>
         <kind>object</kind>
         <file>exosite_meta.obj</file>
         <name>exosite_meta.obj</name>
      </input_file>
      <input_file id="fl-3">
         <path>.\exosite\</path>
         <kind>object</kind>
         <file>exosite_hal.obj</file>
         <name>exosite_hal.obj</name>
      </input_file>
      <input_file id="fl-4">
         <path>.\exosite\</path>
         <kind>object</kind>
         <file>exosite.obj</file>
         <name>exosite.obj</name>
      </input_file>
      <input_file id="fl-5">
         <path>.\utilities\</path>
         <kind>object</kind>
         <file>strlib.obj</file>
         <name>strlib.obj</name>
      </input_file>
      <input_file id="fl-6">
         <path>.\</path>
         <kind>object</kind>
         <file>uart_if.obj</file>
         <name>uart_if.obj</name>
      </input_file>
      <input_file id="fl-7">
         <path>.\</path>
         <kind>object</kind>
         <file>tmp006drv.obj</file>
         <name>tmp006drv.obj</name>
      </input_file>
      <input_file id="fl-8">
         <path>.\</path>
         <kind>object</kind>
         <file>timer_if.obj</file>
         <name>timer_if.obj</name>
      </input_file>
      <input_file id="fl-9">
         <path>.\</path>
         <kind>object</kind>
         <file>main.obj</file>
         <name>main.obj</name>
      </input_file>
      <input_file id="fl-a">
         <path>.\</path>
         <kind>object</kind>
         <file>i2c_if.obj</file>
         <name>i2c_if.obj</name>
      </input_file>
      <input_file id="fl-b">
         <path>.\</path>
         <kind>object</kind>
         <file>gpio_if.obj</file>
         <name>gpio_if.obj</name>
      </input_file>
      <input_file id="fl-c">
         <path>.\</path>
         <kind>object</kind>
         <file>cloud_demo.obj</file>
         <name>cloud_demo.obj</name>
      </input_file>
      <input_file id="fl-d">
         <path>.\</path>
         <kind>object</kind>
         <file>button_if.obj</file>
         <name>button_if.obj</name>
      </input_file>
      <input_file id="fl-e">
         <path>.\</path>
         <kind>object</kind>
         <file>bma222drv.obj</file>
         <name>bma222drv.obj</name>
      </input_file>
      <input_file id="fl-13c">
         <path>c:\ti\ccsv6\tools\compiler\arm_5.1.5\lib\</path>
         <kind>archive</kind>
         <file>rtsv7M4_T_le_eabi.lib</file>
         <name>boot.obj</name>
      </input_file>
      <input_file id="fl-13d">
         <path>c:\ti\ccsv6\tools\compiler\arm_5.1.5\lib\</path>
         <kind>archive</kind>
         <file>rtsv7M4_T_le_eabi.lib</file>
         <name>copy_decompress_none.obj</name>
      </input_file>
      <input_file id="fl-13e">
         <path>c:\ti\ccsv6\tools\compiler\arm_5.1.5\lib\</path>
         <kind>archive</kind>
         <file>rtsv7M4_T_le_eabi.lib</file>
         <name>copy_decompress_rle.obj</name>
      </input_file>
      <input_file id="fl-13f">
         <path>c:\ti\ccsv6\tools\compiler\arm_5.1.5\lib\</path>
         <kind>archive</kind>
         <file>rtsv7M4_T_le_eabi.lib</file>
         <name>copy_zero_init.obj</name>
      </input_file>
      <input_file id="fl-140">
         <path>c:\ti\ccsv6\tools\compiler\arm_5.1.5\lib\</path>
         <kind>archive</kind>
         <file>rtsv7M4_T_le_eabi.lib</file>
         <name>exit.obj</name>
      </input_file>
      <input_file id="fl-141">
         <path>c:\ti\ccsv6\tools\compiler\arm_5.1.5\lib\</path>
         <kind>archive</kind>
         <file>rtsv7M4_T_le_eabi.lib</file>
         <name>fd_add_t2.obj</name>
      </input_file>
      <input_file id="fl-142">
         <path>c:\ti\ccsv6\tools\compiler\arm_5.1.5\lib\</path>
         <kind>archive</kind>
         <file>rtsv7M4_T_le_eabi.lib</file>
         <name>fd_div_t2.obj</name>
      </input_file>
      <input_file id="fl-143">
         <path>c:\ti\ccsv6\tools\compiler\arm_5.1.5\lib\</path>
         <kind>archive</kind>
         <file>rtsv7M4_T_le_eabi.lib</file>
         <name>fd_mul_t2.obj</name>
      </input_file>
      <input_file id="fl-144">
         <path>c:\ti\ccsv6\tools\compiler\arm_5.1.5\lib\</path>
         <kind>archive</kind>
         <file>rtsv7M4_T_le_eabi.lib</file>
         <name>fd_tos_t2.obj</name>
      </input_file>
      <input_file id="fl-145">
         <path>c:\ti\ccsv6\tools\compiler\arm_5.1.5\lib\</path>
         <kind>archive</kind>
         <file>rtsv7M4_T_le_eabi.lib</file>
         <name>fs_add_t2.obj</name>
      </input_file>
      <input_file id="fl-146">
         <path>c:\ti\ccsv6\tools\compiler\arm_5.1.5\lib\</path>
         <kind>archive</kind>
         <file>rtsv7M4_T_le_eabi.lib</file>
         <name>fs_cmp_t2.obj</name>
      </input_file>
      <input_file id="fl-147">
         <path>c:\ti\ccsv6\tools\compiler\arm_5.1.5\lib\</path>
         <kind>archive</kind>
         <file>rtsv7M4_T_le_eabi.lib</file>
         <name>fs_div_t2.obj</name>
      </input_file>
      <input_file id="fl-148">
         <path>c:\ti\ccsv6\tools\compiler\arm_5.1.5\lib\</path>
         <kind>archive</kind>
         <file>rtsv7M4_T_le_eabi.lib</file>
         <name>fs_mul_t2.obj</name>
      </input_file>
      <input_file id="fl-149">
         <path>c:\ti\ccsv6\tools\compiler\arm_5.1.5\lib\</path>
         <kind>archive</kind>
         <file>rtsv7M4_T_le_eabi.lib</file>
         <name>fs_tod_t2.obj</name>
      </input_file>
      <input_file id="fl-14a">
         <path>c:\ti\ccsv6\tools\compiler\arm_5.1.5\lib\</path>
         <kind>archive</kind>
         <file>rtsv7M4_T_le_eabi.lib</file>
         <name>fs_toi_t2.obj</name>
      </input_file>
      <input_file id="fl-14b">
         <path>c:\ti\ccsv6\tools\compiler\arm_5.1.5\lib\</path>
         <kind>archive</kind>
         <file>rtsv7M4_T_le_eabi.lib</file>
         <name>i_tofd_t2.obj</name>
      </input_file>
      <input_file id="fl-14c">
         <path>c:\ti\ccsv6\tools\compiler\arm_5.1.5\lib\</path>
         <kind>archive</kind>
         <file>rtsv7M4_T_le_eabi.lib</file>
         <name>i_tofs_t2.obj</name>
      </input_file>
      <input_file id="fl-14d">
         <path>c:\ti\ccsv6\tools\compiler\arm_5.1.5\lib\</path>
         <kind>archive</kind>
         <file>rtsv7M4_T_le_eabi.lib</file>
         <name>memcmp.obj</name>
      </input_file>
      <input_file id="fl-14e">
         <path>c:\ti\ccsv6\tools\compiler\arm_5.1.5\lib\</path>
         <kind>archive</kind>
         <file>rtsv7M4_T_le_eabi.lib</file>
         <name>memcpy_t2.obj</name>
      </input_file>
      <input_file id="fl-14f">
         <path>c:\ti\ccsv6\tools\compiler\arm_5.1.5\lib\</path>
         <kind>archive</kind>
         <file>rtsv7M4_T_le_eabi.lib</file>
         <name>memset_t2.obj</name>
      </input_file>
      <input_file id="fl-150">
         <path>c:\ti\ccsv6\tools\compiler\arm_5.1.5\lib\</path>
         <kind>archive</kind>
         <file>rtsv7M4_T_le_eabi.lib</file>
         <name>pow.obj</name>
      </input_file>
      <input_file id="fl-151">
         <path>c:\ti\ccsv6\tools\compiler\arm_5.1.5\lib\</path>
         <kind>archive</kind>
         <file>rtsv7M4_T_le_eabi.lib</file>
         <name>snprintf.obj</name>
      </input_file>
      <input_file id="fl-152">
         <path>c:\ti\ccsv6\tools\compiler\arm_5.1.5\lib\</path>
         <kind>archive</kind>
         <file>rtsv7M4_T_le_eabi.lib</file>
         <name>stkdepth_vars.obj</name>
      </input_file>
      <input_file id="fl-153">
         <path>c:\ti\ccsv6\tools\compiler\arm_5.1.5\lib\</path>
         <kind>archive</kind>
         <file>rtsv7M4_T_le_eabi.lib</file>
         <name>strlen.obj</name>
      </input_file>
      <input_file id="fl-154">
         <path>c:\ti\ccsv6\tools\compiler\arm_5.1.5\lib\</path>
         <kind>archive</kind>
         <file>rtsv7M4_T_le_eabi.lib</file>
         <name>strncmp.obj</name>
      </input_file>
      <input_file id="fl-155">
         <path>c:\ti\ccsv6\tools\compiler\arm_5.1.5\lib\</path>
         <kind>archive</kind>
         <file>rtsv7M4_T_le_eabi.lib</file>
         <name>strncpy.obj</name>
      </input_file>
      <input_file id="fl-156">
         <path>c:\ti\ccsv6\tools\compiler\arm_5.1.5\lib\</path>
         <kind>archive</kind>
         <file>rtsv7M4_T_le_eabi.lib</file>
         <name>xdint.obj</name>
      </input_file>
      <input_file id="fl-157">
         <path>c:\ti\ccsv6\tools\compiler\arm_5.1.5\lib\</path>
         <kind>archive</kind>
         <file>rtsv7M4_T_le_eabi.lib</file>
         <name>xdunscal.obj</name>
      </input_file>
      <input_file id="fl-158">
         <path>c:\ti\ccsv6\tools\compiler\arm_5.1.5\lib\</path>
         <kind>archive</kind>
         <file>rtsv7M4_T_le_eabi.lib</file>
         <name>xexp.obj</name>
      </input_file>
      <input_file id="fl-159">
         <path>c:\ti\ccsv6\tools\compiler\arm_5.1.5\lib\</path>
         <kind>archive</kind>
         <file>rtsv7M4_T_le_eabi.lib</file>
         <name>xferaise.obj</name>
      </input_file>
      <input_file id="fl-15a">
         <path>c:\ti\ccsv6\tools\compiler\arm_5.1.5\lib\</path>
         <kind>archive</kind>
         <file>rtsv7M4_T_le_eabi.lib</file>
         <name>xvalues.obj</name>
      </input_file>
      <input_file id="fl-15b">
         <path>c:\ti\ccsv6\tools\compiler\arm_5.1.5\lib\</path>
         <kind>archive</kind>
         <file>rtsv7M4_T_le_eabi.lib</file>
         <name>_lock.obj</name>
      </input_file>
      <input_file id="fl-15c">
         <path>c:\ti\ccsv6\tools\compiler\arm_5.1.5\lib\</path>
         <kind>archive</kind>
         <file>rtsv7M4_T_le_eabi.lib</file>
         <name>_printfi.obj</name>
      </input_file>
      <input_file id="fl-15d">
         <path>c:\ti\ccsv6\tools\compiler\arm_5.1.5\lib\</path>
         <kind>archive</kind>
         <file>rtsv7M4_T_le_eabi.lib</file>
         <name>args_main.obj</name>
      </input_file>
      <input_file id="fl-15e">
         <path>c:\ti\ccsv6\tools\compiler\arm_5.1.5\lib\</path>
         <kind>archive</kind>
         <file>rtsv7M4_T_le_eabi.lib</file>
         <name>atoi.obj</name>
      </input_file>
      <input_file id="fl-15f">
         <path>c:\ti\ccsv6\tools\compiler\arm_5.1.5\lib\</path>
         <kind>archive</kind>
         <file>rtsv7M4_T_le_eabi.lib</file>
         <name>auto_init.obj</name>
      </input_file>
      <input_file id="fl-160">
         <path>c:\ti\ccsv6\tools\compiler\arm_5.1.5\lib\</path>
         <kind>archive</kind>
         <file>rtsv7M4_T_le_eabi.lib</file>
         <name>cpy_tbl.obj</name>
      </input_file>
      <input_file id="fl-161">
         <path>c:\ti\ccsv6\tools\compiler\arm_5.1.5\lib\</path>
         <kind>archive</kind>
         <file>rtsv7M4_T_le_eabi.lib</file>
         <name>ctype.obj</name>
      </input_file>
      <input_file id="fl-162">
         <path>c:\ti\ccsv6\tools\compiler\arm_5.1.5\lib\</path>
         <kind>archive</kind>
         <file>rtsv7M4_T_le_eabi.lib</file>
         <name>errno.obj</name>
      </input_file>
      <input_file id="fl-163">
         <path>c:\ti\ccsv6\tools\compiler\arm_5.1.5\lib\</path>
         <kind>archive</kind>
         <file>rtsv7M4_T_le_eabi.lib</file>
         <name>fd_cmp_t2.obj</name>
      </input_file>
      <input_file id="fl-164">
         <path>c:\ti\ccsv6\tools\compiler\arm_5.1.5\lib\</path>
         <kind>archive</kind>
         <file>rtsv7M4_T_le_eabi.lib</file>
         <name>fd_toi_t2.obj</name>
      </input_file>
      <input_file id="fl-165">
         <path>c:\ti\ccsv6\tools\compiler\arm_5.1.5\lib\</path>
         <kind>archive</kind>
         <file>rtsv7M4_T_le_eabi.lib</file>
         <name>feraiseexcept.obj</name>
      </input_file>
      <input_file id="fl-166">
         <path>c:\ti\ccsv6\tools\compiler\arm_5.1.5\lib\</path>
         <kind>archive</kind>
         <file>rtsv7M4_T_le_eabi.lib</file>
         <name>ll_mul_t2.obj</name>
      </input_file>
      <input_file id="fl-167">
         <path>c:\ti\ccsv6\tools\compiler\arm_5.1.5\lib\</path>
         <kind>archive</kind>
         <file>rtsv7M4_T_le_eabi.lib</file>
         <name>log.obj</name>
      </input_file>
      <input_file id="fl-168">
         <path>c:\ti\ccsv6\tools\compiler\arm_5.1.5\lib\</path>
         <kind>archive</kind>
         <file>rtsv7M4_T_le_eabi.lib</file>
         <name>ltoa.obj</name>
      </input_file>
      <input_file id="fl-169">
         <path>c:\ti\ccsv6\tools\compiler\arm_5.1.5\lib\</path>
         <kind>archive</kind>
         <file>rtsv7M4_T_le_eabi.lib</file>
         <name>memccpy.obj</name>
      </input_file>
      <input_file id="fl-16a">
         <path>c:\ti\ccsv6\tools\compiler\arm_5.1.5\lib\</path>
         <kind>archive</kind>
         <file>rtsv7M4_T_le_eabi.lib</file>
         <name>raise.obj</name>
      </input_file>
      <input_file id="fl-16b">
         <path>c:\ti\ccsv6\tools\compiler\arm_5.1.5\lib\</path>
         <kind>archive</kind>
         <file>rtsv7M4_T_le_eabi.lib</file>
         <name>signal.obj</name>
      </input_file>
      <input_file id="fl-16c">
         <path>c:\ti\ccsv6\tools\compiler\arm_5.1.5\lib\</path>
         <kind>archive</kind>
         <file>rtsv7M4_T_le_eabi.lib</file>
         <name>ull_div_t2.obj</name>
      </input_file>
      <input_file id="fl-16d">
         <path>c:\ti\ccsv6\tools\compiler\arm_5.1.5\lib\</path>
         <kind>archive</kind>
         <file>rtsv7M4_T_le_eabi.lib</file>
         <name>xdclass.obj</name>
      </input_file>
      <input_file id="fl-16e">
         <path>c:\ti\ccsv6\tools\compiler\arm_5.1.5\lib\</path>
         <kind>archive</kind>
         <file>rtsv7M4_T_le_eabi.lib</file>
         <name>xdnorm.obj</name>
      </input_file>
      <input_file id="fl-16f">
         <path>c:\ti\ccsv6\tools\compiler\arm_5.1.5\lib\</path>
         <kind>archive</kind>
         <file>rtsv7M4_T_le_eabi.lib</file>
         <name>xdscale.obj</name>
      </input_file>
      <input_file id="fl-170">
         <path>c:\ti\ccsv6\tools\compiler\arm_5.1.5\lib\</path>
         <kind>archive</kind>
         <file>rtsv7M4_T_le_eabi.lib</file>
         <name>xdtest.obj</name>
      </input_file>
      <input_file id="fl-171">
         <path>c:\ti\ccsv6\tools\compiler\arm_5.1.5\lib\</path>
         <kind>archive</kind>
         <file>rtsv7M4_T_le_eabi.lib</file>
         <name>xlog.obj</name>
      </input_file>
      <input_file id="fl-172">
         <path>c:\ti\ccsv6\tools\compiler\arm_5.1.5\lib\</path>
         <kind>archive</kind>
         <file>rtsv7M4_T_le_eabi.lib</file>
         <name>xfvalues.obj</name>
      </input_file>
      <input_file id="fl-173">
         <path>V:\TI\cc3200_cloud\provisioning_ap\ccs\..\..\oslib\ccs\ti_rtos\</path>
         <kind>archive</kind>
         <file>ti_rtos.a</file>
         <name>osi_tirtos.obj</name>
      </input_file>
      <input_file id="fl-174">
         <path>c:\ti\ccsv6\tools\compiler\arm_5.1.5\lib\</path>
         <kind>archive</kind>
         <file>rtsv7M4_T_le_eabi.lib</file>
         <name>memory.obj</name>
      </input_file>
   </input_file_list>
   <object_component_list>
      <object_component id="oc-18d">
         <name>.text</name>
         <load_address>0x20004000</load_address>
         <run_address>0x20004000</run_address>
         <size>0xec0</size>
         <input_file_ref idref="fl-15c"/>
      </object_component>
      <object_component id="oc-16e">
         <name>.text</name>
         <load_address>0x20004ec0</load_address>
         <run_address>0x20004ec0</run_address>
         <size>0xb8c</size>
         <input_file_ref idref="fl-4"/>
      </object_component>
      <object_component id="oc-5c">
         <name>.text</name>
         <load_address>0x20005a4c</load_address>
         <run_address>0x20005a4c</run_address>
         <size>0xa60</size>
         <input_file_ref idref="fl-9"/>
      </object_component>
      <object_component id="oc-b3">
         <name>.text</name>
         <load_address>0x200064ac</load_address>
         <run_address>0x200064ac</run_address>
         <size>0x6a8</size>
         <input_file_ref idref="fl-c"/>
      </object_component>
      <object_component id="oc-a9">
         <name>.text</name>
         <load_address>0x20006b54</load_address>
         <run_address>0x20006b54</run_address>
         <size>0x538</size>
         <input_file_ref idref="fl-173"/>
      </object_component>
      <object_component id="oc-1b9">
         <name>.text</name>
         <load_address>0x2000708c</load_address>
         <run_address>0x2000708c</run_address>
         <size>0x490</size>
         <input_file_ref idref="fl-150"/>
      </object_component>
      <object_component id="oc-d0">
         <name>.text</name>
         <load_address>0x2000751c</load_address>
         <run_address>0x2000751c</run_address>
         <size>0x434</size>
         <input_file_ref idref="fl-7"/>
      </object_component>
      <object_component id="oc-297">
         <name>.text</name>
         <load_address>0x20007950</load_address>
         <run_address>0x20007950</run_address>
         <size>0x424</size>
         <input_file_ref idref="fl-3"/>
      </object_component>
      <object_component id="oc-132">
         <name>.text</name>
         <load_address>0x20007d74</load_address>
         <run_address>0x20007d74</run_address>
         <size>0x3cc</size>
         <input_file_ref idref="fl-174"/>
      </object_component>
      <object_component id="oc-c6">
         <name>.text</name>
         <load_address>0x20008140</load_address>
         <run_address>0x20008140</run_address>
         <size>0x354</size>
         <input_file_ref idref="fl-b"/>
      </object_component>
      <object_component id="oc-377">
         <name>.text</name>
         <load_address>0x20008494</load_address>
         <run_address>0x20008494</run_address>
         <size>0x2e4</size>
         <input_file_ref idref="fl-171"/>
      </object_component>
      <object_component id="oc-cb">
         <name>.text</name>
         <load_address>0x20008778</load_address>
         <run_address>0x20008778</run_address>
         <size>0x290</size>
         <input_file_ref idref="fl-a"/>
      </object_component>
      <object_component id="oc-310">
         <name>.text</name>
         <load_address>0x20008a08</load_address>
         <run_address>0x20008a08</run_address>
         <size>0x1fc</size>
         <input_file_ref idref="fl-158"/>
      </object_component>
      <object_component id="oc-2b9">
         <name>.text</name>
         <load_address>0x20008c04</load_address>
         <run_address>0x20008c04</run_address>
         <size>0x1f4</size>
         <input_file_ref idref="fl-16c"/>
      </object_component>
      <object_component id="oc-d5">
         <name>.text</name>
         <load_address>0x20008df8</load_address>
         <run_address>0x20008df8</run_address>
         <size>0x1ec</size>
         <input_file_ref idref="fl-e"/>
      </object_component>
      <object_component id="oc-173">
         <name>.text</name>
         <load_address>0x20008fe4</load_address>
         <run_address>0x20008fe4</run_address>
         <size>0x1c0</size>
         <input_file_ref idref="fl-5"/>
      </object_component>
      <object_component id="oc-1b1">
         <name>.text</name>
         <load_address>0x200091a4</load_address>
         <run_address>0x200091a4</run_address>
         <size>0x1b6</size>
         <input_file_ref idref="fl-141"/>
      </object_component>
      <object_component id="oc-292">
         <name>.text</name>
         <load_address>0x2000935c</load_address>
         <run_address>0x2000935c</run_address>
         <size>0x1a4</size>
         <input_file_ref idref="fl-2"/>
      </object_component>
      <object_component id="oc-1be">
         <name>.text</name>
         <load_address>0x20009500</load_address>
         <run_address>0x20009500</run_address>
         <size>0x136</size>
         <input_file_ref idref="fl-142"/>
      </object_component>
      <object_component id="oc-37e">
         <name>.text</name>
         <load_address>0x20009638</load_address>
         <run_address>0x20009638</run_address>
         <size>0x110</size>
         <input_file_ref idref="fl-16f"/>
      </object_component>
      <object_component id="oc-1b5">
         <name>.text</name>
         <load_address>0x20009748</load_address>
         <run_address>0x20009748</run_address>
         <size>0xfc</size>
         <input_file_ref idref="fl-143"/>
      </object_component>
      <object_component id="oc-15e">
         <name>.text</name>
         <load_address>0x20009844</load_address>
         <run_address>0x20009844</run_address>
         <size>0xfa</size>
         <input_file_ref idref="fl-145"/>
      </object_component>
      <object_component id="oc-ae">
         <name>.text</name>
         <load_address>0x2000993e</load_address>
         <run_address>0x2000993e</run_address>
         <size>0xfa</size>
         <input_file_ref idref="fl-8"/>
      </object_component>
      <object_component id="oc-bb">
         <name>.text</name>
         <load_address>0x20009a38</load_address>
         <run_address>0x20009a38</run_address>
         <size>0xe0</size>
         <input_file_ref idref="fl-6"/>
      </object_component>
      <object_component id="oc-301">
         <name>.text</name>
         <load_address>0x20009b18</load_address>
         <run_address>0x20009b18</run_address>
         <size>0xc4</size>
         <input_file_ref idref="fl-156"/>
      </object_component>
      <object_component id="oc-365">
         <name>.text</name>
         <load_address>0x20009bdc</load_address>
         <run_address>0x20009bdc</run_address>
         <size>0xc4</size>
         <input_file_ref idref="fl-16e"/>
      </object_component>
      <object_component id="oc-35">
         <name>.text</name>
         <load_address>0x20009ca0</load_address>
         <run_address>0x20009ca0</run_address>
         <size>0x9c</size>
         <input_file_ref idref="fl-14e"/>
      </object_component>
      <object_component id="oc-c0">
         <name>.text</name>
         <load_address>0x20009d3c</load_address>
         <run_address>0x20009d3c</run_address>
         <size>0x98</size>
         <input_file_ref idref="fl-151"/>
      </object_component>
      <object_component id="oc-24">
         <name>.text</name>
         <load_address>0x20009dd4</load_address>
         <run_address>0x20009dd4</run_address>
         <size>0x94</size>
         <input_file_ref idref="fl-15f"/>
      </object_component>
      <object_component id="oc-17e">
         <name>.text</name>
         <load_address>0x20009e68</load_address>
         <run_address>0x20009e68</run_address>
         <size>0x92</size>
         <input_file_ref idref="fl-147"/>
      </object_component>
      <object_component id="oc-2c1">
         <name>.text:__aeabi_cdcmple</name>
         <load_address>0x20009efa</load_address>
         <run_address>0x20009efa</run_address>
         <size>0x86</size>
         <input_file_ref idref="fl-163"/>
      </object_component>
      <object_component id="oc-2c5">
         <name>.text:__aeabi_cdrcmple</name>
         <load_address>0x20009f80</load_address>
         <run_address>0x20009f80</run_address>
         <size>0x86</size>
         <input_file_ref idref="fl-163"/>
      </object_component>
      <object_component id="oc-17a">
         <name>.text</name>
         <load_address>0x2000a006</load_address>
         <run_address>0x2000a006</run_address>
         <size>0x7a</size>
         <input_file_ref idref="fl-148"/>
      </object_component>
      <object_component id="oc-137">
         <name>.text</name>
         <load_address>0x2000a080</load_address>
         <run_address>0x2000a080</run_address>
         <size>0x78</size>
         <input_file_ref idref="fl-14f"/>
      </object_component>
      <object_component id="oc-2fc">
         <name>.text</name>
         <load_address>0x2000a0f8</load_address>
         <run_address>0x2000a0f8</run_address>
         <size>0x64</size>
         <input_file_ref idref="fl-157"/>
      </object_component>
      <object_component id="oc-166">
         <name>.text:__aeabi_cfcmple</name>
         <load_address>0x2000a15c</load_address>
         <run_address>0x2000a15c</run_address>
         <size>0x60</size>
         <input_file_ref idref="fl-146"/>
      </object_component>
      <object_component id="oc-16a">
         <name>.text:__aeabi_cfrcmple</name>
         <load_address>0x2000a1bc</load_address>
         <run_address>0x2000a1bc</run_address>
         <size>0x60</size>
         <input_file_ref idref="fl-146"/>
      </object_component>
      <object_component id="oc-47">
         <name>.text</name>
         <load_address>0x2000a21c</load_address>
         <run_address>0x2000a21c</run_address>
         <size>0x5e</size>
         <input_file_ref idref="fl-13e"/>
      </object_component>
      <object_component id="oc-2cd">
         <name>.text</name>
         <load_address>0x2000a27a</load_address>
         <run_address>0x2000a27a</run_address>
         <size>0x5a</size>
         <input_file_ref idref="fl-168"/>
      </object_component>
      <object_component id="oc-2dc">
         <name>.text</name>
         <load_address>0x2000a2d4</load_address>
         <run_address>0x2000a2d4</run_address>
         <size>0x4c</size>
         <input_file_ref idref="fl-15e"/>
      </object_component>
      <object_component id="oc-1c6">
         <name>.text</name>
         <load_address>0x2000a320</load_address>
         <run_address>0x2000a320</run_address>
         <size>0x4a</size>
         <input_file_ref idref="fl-144"/>
      </object_component>
      <object_component id="oc-2c9">
         <name>.text</name>
         <load_address>0x2000a36a</load_address>
         <run_address>0x2000a36a</run_address>
         <size>0x48</size>
         <input_file_ref idref="fl-164"/>
      </object_component>
      <object_component id="oc-56">
         <name>.text</name>
         <load_address>0x2000a3b4</load_address>
         <run_address>0x2000a3b4</run_address>
         <size>0x44</size>
         <input_file_ref idref="fl-160"/>
      </object_component>
      <object_component id="oc-2d">
         <name>.text</name>
         <load_address>0x2000a3f8</load_address>
         <run_address>0x2000a3f8</run_address>
         <size>0x44</size>
         <input_file_ref idref="fl-140"/>
      </object_component>
      <object_component id="oc-352">
         <name>.text</name>
         <load_address>0x2000a43c</load_address>
         <run_address>0x2000a43c</run_address>
         <size>0x44</size>
         <input_file_ref idref="fl-170"/>
      </object_component>
      <object_component id="oc-3ce">
         <name>.text</name>
         <load_address>0x2000a480</load_address>
         <run_address>0x2000a480</run_address>
         <size>0x40</size>
         <input_file_ref idref="fl-16b"/>
      </object_component>
      <object_component id="oc-182">
         <name>.text</name>
         <load_address>0x2000a4c0</load_address>
         <run_address>0x2000a4c0</run_address>
         <size>0x38</size>
         <input_file_ref idref="fl-149"/>
      </object_component>
      <object_component id="oc-162">
         <name>.text</name>
         <load_address>0x2000a4f8</load_address>
         <run_address>0x2000a4f8</run_address>
         <size>0x38</size>
         <input_file_ref idref="fl-14a"/>
      </object_component>
      <object_component id="oc-15a">
         <name>.text</name>
         <load_address>0x2000a530</load_address>
         <run_address>0x2000a530</run_address>
         <size>0x38</size>
         <input_file_ref idref="fl-14c"/>
      </object_component>
      <object_component id="oc-e">
         <name>.text</name>
         <load_address>0x2000a568</load_address>
         <run_address>0x2000a568</run_address>
         <size>0x34</size>
         <input_file_ref idref="fl-13c"/>
      </object_component>
      <object_component id="oc-36f">
         <name>.text</name>
         <load_address>0x2000a59c</load_address>
         <run_address>0x2000a59c</run_address>
         <size>0x34</size>
         <input_file_ref idref="fl-165"/>
      </object_component>
      <object_component id="oc-29e">
         <name>.text</name>
         <load_address>0x2000a5d0</load_address>
         <run_address>0x2000a5d0</run_address>
         <size>0x30</size>
         <input_file_ref idref="fl-155"/>
      </object_component>
      <object_component id="oc-306">
         <name>.text</name>
         <load_address>0x2000a600</load_address>
         <run_address>0x2000a600</run_address>
         <size>0x30</size>
         <input_file_ref idref="fl-159"/>
      </object_component>
      <object_component id="oc-1c2">
         <name>.text</name>
         <load_address>0x2000a630</load_address>
         <run_address>0x2000a630</run_address>
         <size>0x2e</size>
         <input_file_ref idref="fl-14b"/>
      </object_component>
      <object_component id="oc-3ae">
         <name>.text</name>
         <load_address>0x2000a65e</load_address>
         <run_address>0x2000a65e</run_address>
         <size>0x2e</size>
         <input_file_ref idref="fl-16a"/>
      </object_component>
      <object_component id="oc-329">
         <name>.text</name>
         <load_address>0x2000a68c</load_address>
         <run_address>0x2000a68c</run_address>
         <size>0x26</size>
         <input_file_ref idref="fl-154"/>
      </object_component>
      <object_component id="oc-90">
         <name>.text</name>
         <load_address>0x2000a6b2</load_address>
         <run_address>0x2000a6b2</run_address>
         <size>0x22</size>
         <input_file_ref idref="fl-14d"/>
      </object_component>
      <object_component id="oc-2d7">
         <name>.text</name>
         <load_address>0x2000a6d4</load_address>
         <run_address>0x2000a6d4</run_address>
         <size>0x1c</size>
         <input_file_ref idref="fl-169"/>
      </object_component>
      <object_component id="oc-28">
         <name>.text</name>
         <load_address>0x2000a6f0</load_address>
         <run_address>0x2000a6f0</run_address>
         <size>0x18</size>
         <input_file_ref idref="fl-15d"/>
      </object_component>
      <object_component id="oc-2bd">
         <name>.text</name>
         <load_address>0x2000a708</load_address>
         <run_address>0x2000a708</run_address>
         <size>0x18</size>
         <input_file_ref idref="fl-166"/>
      </object_component>
      <object_component id="oc-ec">
         <name>.text</name>
         <load_address>0x2000a720</load_address>
         <run_address>0x2000a720</run_address>
         <size>0x14</size>
         <input_file_ref idref="fl-15b"/>
      </object_component>
      <object_component id="oc-a4">
         <name>.text</name>
         <load_address>0x2000a734</load_address>
         <run_address>0x2000a734</run_address>
         <size>0x14</size>
         <input_file_ref idref="fl-153"/>
      </object_component>
      <object_component id="oc-17">
         <name>.text:decompress:ZI</name>
         <load_address>0x2000a748</load_address>
         <run_address>0x2000a748</run_address>
         <size>0x12</size>
         <input_file_ref idref="fl-13f"/>
      </object_component>
      <object_component id="oc-12">
         <name>.text:decompress:none</name>
         <load_address>0x2000a75a</load_address>
         <run_address>0x2000a75a</run_address>
         <size>0xe</size>
         <input_file_ref idref="fl-13d"/>
      </object_component>
      <object_component id="oc-2d2">
         <name>.text</name>
         <load_address>0x2000a768</load_address>
         <run_address>0x2000a768</run_address>
         <size>0xe</size>
         <input_file_ref idref="fl-16d"/>
      </object_component>
      <object_component id="oc-1c">
         <name>.text:decompress:rle24</name>
         <load_address>0x2000a776</load_address>
         <run_address>0x2000a776</run_address>
         <size>0x6</size>
         <input_file_ref idref="fl-13e"/>
      </object_component>
      <object_component id="oc-30b">
         <name>.text</name>
         <load_address>0x2000a77c</load_address>
         <run_address>0x2000a77c</run_address>
         <size>0x6</size>
         <input_file_ref idref="fl-167"/>
      </object_component>
      <object_component id="oc-35a">
         <name>.const:.string:_ctypes_</name>
         <load_address>0x2000a788</load_address>
         <run_address>0x2000a788</run_address>
         <size>0x102</size>
         <input_file_ref idref="fl-161"/>
      </object_component>
      <object_component id="oc-32e">
         <name>.const:.string</name>
         <load_address>0x2000a88a</load_address>
         <run_address>0x2000a88a</run_address>
         <size>0x6</size>
         <input_file_ref idref="fl-2"/>
      </object_component>
      <object_component id="oc-383">
         <name>.const</name>
         <load_address>0x2000a890</load_address>
         <run_address>0x2000a890</run_address>
         <size>0x48</size>
         <input_file_ref idref="fl-158"/>
      </object_component>
      <object_component id="oc-3ba">
         <name>.const:p</name>
         <load_address>0x2000a8d8</load_address>
         <run_address>0x2000a8d8</run_address>
         <size>0x38</size>
         <input_file_ref idref="fl-171"/>
      </object_component>
      <object_component id="oc-36c">
         <name>.const</name>
         <load_address>0x2000a910</load_address>
         <run_address>0x2000a910</run_address>
         <size>0x30</size>
         <input_file_ref idref="fl-156"/>
      </object_component>
      <object_component id="oc-b8">
         <name>.const:$P$T0$1</name>
         <load_address>0x2000a940</load_address>
         <run_address>0x2000a940</run_address>
         <size>0x2c</size>
         <input_file_ref idref="fl-9"/>
      </object_component>
      <object_component id="oc-2a7">
         <name>.const:.string:$P$T0$1</name>
         <load_address>0x2000a96c</load_address>
         <run_address>0x2000a96c</run_address>
         <size>0x25</size>
         <input_file_ref idref="fl-5"/>
      </object_component>
      <object_component id="oc-412">
         <name>.cinit..data.load</name>
         <load_address>0x2000a998</load_address>
         <run_address>0x2000a998</run_address>
         <size>0xd0</size>
      </object_component>
      <object_component id="oc-410">
         <name>__TI_handler_table</name>
         <load_address>0x2000aa68</load_address>
         <run_address>0x2000aa68</run_address>
         <size>0xc</size>
      </object_component>
      <object_component id="oc-413">
         <name>.cinit..bss.load</name>
         <load_address>0x2000aa78</load_address>
         <run_address>0x2000aa78</run_address>
         <size>0x8</size>
      </object_component>
      <object_component id="oc-411">
         <name>__TI_cinit_table</name>
         <load_address>0x2000aa80</load_address>
         <run_address>0x2000aa80</run_address>
         <size>0x10</size>
      </object_component>
      <object_component id="oc-32">
         <name>.data</name>
         <load_address>0x200206ac</load_address>
         <run_address>0x200206ac</run_address>
         <size>0x4</size>
         <input_file_ref idref="fl-152"/>
      </object_component>
      <object_component id="oc-68">
         <name>.data</name>
         <load_address>0x20020690</load_address>
         <run_address>0x20020690</run_address>
         <size>0x8</size>
         <input_file_ref idref="fl-15b"/>
      </object_component>
      <object_component id="oc-6a">
         <name>.data</name>
         <load_address>0x20020698</load_address>
         <run_address>0x20020698</run_address>
         <size>0x8</size>
         <input_file_ref idref="fl-140"/>
      </object_component>
      <object_component id="oc-95">
         <name>.data</name>
         <load_address>0x20020664</load_address>
         <run_address>0x20020664</run_address>
         <size>0x18</size>
         <input_file_ref idref="fl-9"/>
      </object_component>
      <object_component id="oc-97">
         <name>.data:g_token_get</name>
         <load_address>0x200205d8</load_address>
         <run_address>0x200205d8</run_address>
         <size>0x3c</size>
         <input_file_ref idref="fl-9"/>
      </object_component>
      <object_component id="oc-178">
         <name>.data</name>
         <load_address>0x20020614</load_address>
         <run_address>0x20020614</run_address>
         <size>0x34</size>
         <input_file_ref idref="fl-c"/>
      </object_component>
      <object_component id="oc-1a3">
         <name>.data</name>
         <load_address>0x20020648</load_address>
         <run_address>0x20020648</run_address>
         <size>0x1c</size>
         <input_file_ref idref="fl-b"/>
      </object_component>
      <object_component id="oc-1d6">
         <name>.data</name>
         <load_address>0x2002067c</load_address>
         <run_address>0x2002067c</run_address>
         <size>0xc</size>
         <input_file_ref idref="fl-174"/>
      </object_component>
      <object_component id="oc-2a3">
         <name>.data</name>
         <load_address>0x20020688</load_address>
         <run_address>0x20020688</run_address>
         <size>0x8</size>
         <input_file_ref idref="fl-4"/>
      </object_component>
      <object_component id="oc-315">
         <name>.data</name>
         <load_address>0x200204f0</load_address>
         <run_address>0x200204f0</run_address>
         <size>0x80</size>
         <input_file_ref idref="fl-15a"/>
      </object_component>
      <object_component id="oc-374">
         <name>.data</name>
         <load_address>0x200206a8</load_address>
         <run_address>0x200206a8</run_address>
         <size>0x4</size>
         <input_file_ref idref="fl-162"/>
      </object_component>
      <object_component id="oc-3b3">
         <name>.data</name>
         <load_address>0x200206a0</load_address>
         <run_address>0x200206a0</run_address>
         <size>0x8</size>
         <input_file_ref idref="fl-165"/>
      </object_component>
      <object_component id="oc-3b8">
         <name>.data</name>
         <load_address>0x20020570</load_address>
         <run_address>0x20020570</run_address>
         <size>0x68</size>
         <input_file_ref idref="fl-172"/>
      </object_component>
      <object_component id="oc-3e5">
         <name>.data:sigtable</name>
         <load_address>0x20020440</load_address>
         <run_address>0x20020440</run_address>
         <size>0xb0</size>
         <input_file_ref idref="fl-16b"/>
      </object_component>
      <object_component id="oc-99">
         <name>.bss:g_NetEntries</name>
         <uninitialized>true</uninitialized>
         <run_address>0x20020000</run_address>
         <size>0x370</size>
         <input_file_ref idref="fl-9"/>
      </object_component>
      <object_component id="oc-9b">
         <name>.bss:g_cWlanSSID</name>
         <uninitialized>true</uninitialized>
         <run_address>0x200203f0</run_address>
         <size>0x24</size>
         <input_file_ref idref="fl-9"/>
      </object_component>
      <object_component id="oc-9f">
         <name>.bss:g_cWlanSecurityKey</name>
         <uninitialized>true</uninitialized>
         <run_address>0x200203bc</run_address>
         <size>0x34</size>
         <input_file_ref idref="fl-9"/>
      </object_component>
      <object_component id="oc-29c">
         <name>.bss:exosite_provision_info</name>
         <uninitialized>true</uninitialized>
         <run_address>0x20020370</run_address>
         <size>0x4c</size>
         <input_file_ref idref="fl-4"/>
      </object_component>
      <object_component id="oc-338">
         <name>.common:exo_SocketAddr</name>
         <uninitialized>true</uninitialized>
         <run_address>0x20020414</run_address>
         <size>0x10</size>
      </object_component>
      <object_component id="oc-18a">
         <name>.common:__Errorlog</name>
         <uninitialized>true</uninitialized>
         <run_address>0x20020434</run_address>
         <size>0x4</size>
      </object_component>
      <object_component id="oc-ba">
         <name>.common:g_ucPriority</name>
         <uninitialized>true</uninitialized>
         <run_address>0x2002043f</run_address>
         <size>0x1</size>
      </object_component>
      <object_component id="oc-c5">
         <name>.common:g_SecParams</name>
         <uninitialized>true</uninitialized>
         <run_address>0x20020424</run_address>
         <size>0xc</size>
      </object_component>
      <object_component id="oc-1a5">
         <name>.common:g_ucLED1Pin</name>
         <uninitialized>true</uninitialized>
         <run_address>0x2002043c</run_address>
         <size>0x1</size>
      </object_component>
      <object_component id="oc-1a7">
         <name>.common:g_ucLED2Pin</name>
         <uninitialized>true</uninitialized>
         <run_address>0x2002043d</run_address>
         <size>0x1</size>
      </object_component>
      <object_component id="oc-1a8">
         <name>.common:g_ucLED3Pin</name>
         <uninitialized>true</uninitialized>
         <run_address>0x2002043e</run_address>
         <size>0x1</size>
      </object_component>
      <object_component id="oc-13b">
         <name>.common:simpleLink_mailbox</name>
         <uninitialized>true</uninitialized>
         <run_address>0x20020438</run_address>
         <size>0x4</size>
      </object_component>
      <object_component id="oc-13d">
         <name>.common:SimpleLinkSpawnTaskHndl</name>
         <uninitialized>true</uninitialized>
         <run_address>0x20020430</run_address>
         <size>0x4</size>
      </object_component>
      <object_component id="oc-22">
         <name>.sysmem</name>
         <uninitialized>true</uninitialized>
         <run_address>0x2001c000</run_address>
         <size>0x8</size>
         <input_file_ref idref="fl-174"/>
      </object_component>
      <object_component id="oc-415">
         <name>.sysmem</name>
         <uninitialized>true</uninitialized>
         <run_address>0x2001c000</run_address>
         <size>0x0</size>
      </object_component>
      <object_component id="oc-21">
         <name>.stack</name>
         <uninitialized>true</uninitialized>
         <run_address>0x2002c000</run_address>
         <size>0x0</size>
         <input_file_ref idref="fl-13c"/>
      </object_component>
      <object_component id="oc-414">
         <name>.stack</name>
         <uninitialized>true</uninitialized>
         <run_address>0x2002c000</run_address>
         <size>0x0</size>
      </object_component>
      <object_component id="oc-f">
         <name>.debug_line</name>
         <load_address>0x0</load_address>
         <run_address>0x0</run_address>
         <size>0x49</size>
         <input_file_ref idref="fl-13c"/>
      </object_component>
      <object_component id="oc-14">
         <name>.debug_line</name>
         <load_address>0x49</load_address>
         <run_address>0x49</run_address>
         <size>0x55</size>
         <input_file_ref idref="fl-13d"/>
      </object_component>
      <object_component id="oc-19">
         <name>.debug_line</name>
         <load_address>0x9e</load_address>
         <run_address>0x9e</run_address>
         <size>0x4c</size>
         <input_file_ref idref="fl-13f"/>
      </object_component>
      <object_component id="oc-20">
         <name>.debug_line</name>
         <load_address>0xea</load_address>
         <run_address>0xea</run_address>
         <size>0x4b</size>
         <input_file_ref idref="fl-13e"/>
      </object_component>
      <object_component id="oc-25">
         <name>.debug_line</name>
         <load_address>0x135</load_address>
         <run_address>0x135</run_address>
         <size>0x87</size>
         <input_file_ref idref="fl-15f"/>
      </object_component>
      <object_component id="oc-2b">
         <name>.debug_line</name>
         <load_address>0x1bc</load_address>
         <run_address>0x1bc</run_address>
         <size>0x50</size>
         <input_file_ref idref="fl-15d"/>
      </object_component>
      <object_component id="oc-30">
         <name>.debug_line</name>
         <load_address>0x20c</load_address>
         <run_address>0x20c</run_address>
         <size>0x7a</size>
         <input_file_ref idref="fl-140"/>
      </object_component>
      <object_component id="oc-37">
         <name>.debug_line</name>
         <load_address>0x286</load_address>
         <run_address>0x286</run_address>
         <size>0x88</size>
         <input_file_ref idref="fl-14e"/>
      </object_component>
      <object_component id="oc-3c">
         <name>.debug_line</name>
         <load_address>0x30e</load_address>
         <run_address>0x30e</run_address>
         <size>0x3a</size>
         <input_file_ref idref="fl-13d"/>
      </object_component>
      <object_component id="oc-43">
         <name>.debug_line</name>
         <load_address>0x348</load_address>
         <run_address>0x348</run_address>
         <size>0x34</size>
         <input_file_ref idref="fl-13f"/>
      </object_component>
      <object_component id="oc-49">
         <name>.debug_line</name>
         <load_address>0x37c</load_address>
         <run_address>0x37c</run_address>
         <size>0x8c</size>
         <input_file_ref idref="fl-13e"/>
      </object_component>
      <object_component id="oc-50">
         <name>.debug_line</name>
         <load_address>0x408</load_address>
         <run_address>0x408</run_address>
         <size>0x39</size>
         <input_file_ref idref="fl-13e"/>
      </object_component>
      <object_component id="oc-54">
         <name>.debug_line</name>
         <load_address>0x441</load_address>
         <run_address>0x441</run_address>
         <size>0x2c</size>
         <input_file_ref idref="fl-174"/>
      </object_component>
      <object_component id="oc-58">
         <name>.debug_line</name>
         <load_address>0x46d</load_address>
         <run_address>0x46d</run_address>
         <size>0x6d</size>
         <input_file_ref idref="fl-160"/>
      </object_component>
      <object_component id="oc-5e">
         <name>.debug_line</name>
         <load_address>0x4da</load_address>
         <run_address>0x4da</run_address>
         <size>0x59c</size>
         <input_file_ref idref="fl-9"/>
      </object_component>
      <object_component id="oc-64">
         <name>.debug_line</name>
         <load_address>0xa76</load_address>
         <run_address>0xa76</run_address>
         <size>0x20</size>
         <input_file_ref idref="fl-2"/>
      </object_component>
      <object_component id="oc-6f">
         <name>.debug_line</name>
         <load_address>0xa96</load_address>
         <run_address>0xa96</run_address>
         <size>0x33</size>
         <input_file_ref idref="fl-152"/>
      </object_component>
      <object_component id="oc-73">
         <name>.debug_line</name>
         <load_address>0xac9</load_address>
         <run_address>0xac9</run_address>
         <size>0x5e</size>
         <input_file_ref idref="fl-13d"/>
      </object_component>
      <object_component id="oc-77">
         <name>.debug_line</name>
         <load_address>0xb27</load_address>
         <run_address>0xb27</run_address>
         <size>0x20</size>
         <input_file_ref idref="fl-13d"/>
      </object_component>
      <object_component id="oc-7a">
         <name>.debug_line</name>
         <load_address>0xb47</load_address>
         <run_address>0xb47</run_address>
         <size>0x59</size>
         <input_file_ref idref="fl-2"/>
      </object_component>
      <object_component id="oc-7e">
         <name>.debug_line</name>
         <load_address>0xba0</load_address>
         <run_address>0xba0</run_address>
         <size>0x20</size>
         <input_file_ref idref="fl-13f"/>
      </object_component>
      <object_component id="oc-81">
         <name>.debug_line</name>
         <load_address>0xbc0</load_address>
         <run_address>0xbc0</run_address>
         <size>0x20</size>
         <input_file_ref idref="fl-13e"/>
      </object_component>
      <object_component id="oc-83">
         <name>.debug_line</name>
         <load_address>0xbe0</load_address>
         <run_address>0xbe0</run_address>
         <size>0xa7</size>
         <input_file_ref idref="fl-174"/>
      </object_component>
      <object_component id="oc-86">
         <name>.debug_line</name>
         <load_address>0xc87</load_address>
         <run_address>0xc87</run_address>
         <size>0x5e</size>
         <input_file_ref idref="fl-174"/>
      </object_component>
      <object_component id="oc-8b">
         <name>.debug_line</name>
         <load_address>0xce5</load_address>
         <run_address>0xce5</run_address>
         <size>0x2c</size>
         <input_file_ref idref="fl-174"/>
      </object_component>
      <object_component id="oc-93">
         <name>.debug_line</name>
         <load_address>0xd11</load_address>
         <run_address>0xd11</run_address>
         <size>0x7e</size>
         <input_file_ref idref="fl-14d"/>
      </object_component>
      <object_component id="oc-a6">
         <name>.debug_line</name>
         <load_address>0xd8f</load_address>
         <run_address>0xd8f</run_address>
         <size>0x7a</size>
         <input_file_ref idref="fl-153"/>
      </object_component>
      <object_component id="oc-ab">
         <name>.debug_line</name>
         <load_address>0xe09</load_address>
         <run_address>0xe09</run_address>
         <size>0x6b3</size>
         <input_file_ref idref="fl-173"/>
      </object_component>
      <object_component id="oc-b0">
         <name>.debug_line</name>
         <load_address>0x14bc</load_address>
         <run_address>0x14bc</run_address>
         <size>0x130</size>
         <input_file_ref idref="fl-8"/>
      </object_component>
      <object_component id="oc-b5">
         <name>.debug_line</name>
         <load_address>0x15ec</load_address>
         <run_address>0x15ec</run_address>
         <size>0x21e</size>
         <input_file_ref idref="fl-c"/>
      </object_component>
      <object_component id="oc-bd">
         <name>.debug_line</name>
         <load_address>0x180a</load_address>
         <run_address>0x180a</run_address>
         <size>0x11c</size>
         <input_file_ref idref="fl-6"/>
      </object_component>
      <object_component id="oc-c4">
         <name>.debug_line</name>
         <load_address>0x1926</load_address>
         <run_address>0x1926</run_address>
         <size>0xa8</size>
         <input_file_ref idref="fl-151"/>
      </object_component>
      <object_component id="oc-c8">
         <name>.debug_line</name>
         <load_address>0x19ce</load_address>
         <run_address>0x19ce</run_address>
         <size>0x1ba</size>
         <input_file_ref idref="fl-b"/>
      </object_component>
      <object_component id="oc-cd">
         <name>.debug_line</name>
         <load_address>0x1b88</load_address>
         <run_address>0x1b88</run_address>
         <size>0x16a</size>
         <input_file_ref idref="fl-a"/>
      </object_component>
      <object_component id="oc-d2">
         <name>.debug_line</name>
         <load_address>0x1cf2</load_address>
         <run_address>0x1cf2</run_address>
         <size>0x105</size>
         <input_file_ref idref="fl-7"/>
      </object_component>
      <object_component id="oc-d7">
         <name>.debug_line</name>
         <load_address>0x1df7</load_address>
         <run_address>0x1df7</run_address>
         <size>0x13a</size>
         <input_file_ref idref="fl-e"/>
      </object_component>
      <object_component id="oc-dd">
         <name>.debug_line</name>
         <load_address>0x1f31</load_address>
         <run_address>0x1f31</run_address>
         <size>0x52</size>
         <input_file_ref idref="fl-3"/>
      </object_component>
      <object_component id="oc-e2">
         <name>.debug_line</name>
         <load_address>0x1f83</load_address>
         <run_address>0x1f83</run_address>
         <size>0x50</size>
         <input_file_ref idref="fl-3"/>
      </object_component>
      <object_component id="oc-e6">
         <name>.debug_line</name>
         <load_address>0x1fd3</load_address>
         <run_address>0x1fd3</run_address>
         <size>0x2b</size>
         <input_file_ref idref="fl-15d"/>
      </object_component>
      <object_component id="oc-e9">
         <name>.debug_line</name>
         <load_address>0x1ffe</load_address>
         <run_address>0x1ffe</run_address>
         <size>0x2b</size>
         <input_file_ref idref="fl-15d"/>
      </object_component>
      <object_component id="oc-ef">
         <name>.debug_line</name>
         <load_address>0x2029</load_address>
         <run_address>0x2029</run_address>
         <size>0x66</size>
         <input_file_ref idref="fl-15b"/>
      </object_component>
      <object_component id="oc-f2">
         <name>.debug_line</name>
         <load_address>0x208f</load_address>
         <run_address>0x208f</run_address>
         <size>0x2b</size>
         <input_file_ref idref="fl-15b"/>
      </object_component>
      <object_component id="oc-f5">
         <name>.debug_line</name>
         <load_address>0x20ba</load_address>
         <run_address>0x20ba</run_address>
         <size>0x2a</size>
         <input_file_ref idref="fl-140"/>
      </object_component>
      <object_component id="oc-f7">
         <name>.debug_line</name>
         <load_address>0x20e4</load_address>
         <run_address>0x20e4</run_address>
         <size>0x5d</size>
         <input_file_ref idref="fl-140"/>
      </object_component>
      <object_component id="oc-f9">
         <name>.debug_line</name>
         <load_address>0x2141</load_address>
         <run_address>0x2141</run_address>
         <size>0x6b</size>
         <input_file_ref idref="fl-160"/>
      </object_component>
      <object_component id="oc-fc">
         <name>.debug_line</name>
         <load_address>0x21ac</load_address>
         <run_address>0x21ac</run_address>
         <size>0x5f</size>
         <input_file_ref idref="fl-160"/>
      </object_component>
      <object_component id="oc-102">
         <name>.debug_line</name>
         <load_address>0x220b</load_address>
         <run_address>0x220b</run_address>
         <size>0x4d</size>
         <input_file_ref idref="fl-9"/>
      </object_component>
      <object_component id="oc-104">
         <name>.debug_line</name>
         <load_address>0x2258</load_address>
         <run_address>0x2258</run_address>
         <size>0x4d</size>
         <input_file_ref idref="fl-9"/>
      </object_component>
      <object_component id="oc-106">
         <name>.debug_line</name>
         <load_address>0x22a5</load_address>
         <run_address>0x22a5</run_address>
         <size>0x4d</size>
         <input_file_ref idref="fl-9"/>
      </object_component>
      <object_component id="oc-108">
         <name>.debug_line</name>
         <load_address>0x22f2</load_address>
         <run_address>0x22f2</run_address>
         <size>0x4d</size>
         <input_file_ref idref="fl-9"/>
      </object_component>
      <object_component id="oc-10a">
         <name>.debug_line</name>
         <load_address>0x233f</load_address>
         <run_address>0x233f</run_address>
         <size>0x316</size>
         <input_file_ref idref="fl-9"/>
      </object_component>
      <object_component id="oc-10d">
         <name>.debug_line</name>
         <load_address>0x2655</load_address>
         <run_address>0x2655</run_address>
         <size>0x45</size>
         <input_file_ref idref="fl-6"/>
      </object_component>
      <object_component id="oc-112">
         <name>.debug_line</name>
         <load_address>0x269a</load_address>
         <run_address>0x269a</run_address>
         <size>0x42</size>
         <input_file_ref idref="fl-3"/>
      </object_component>
      <object_component id="oc-117">
         <name>.debug_line</name>
         <load_address>0x26dc</load_address>
         <run_address>0x26dc</run_address>
         <size>0x52</size>
         <input_file_ref idref="fl-3"/>
      </object_component>
      <object_component id="oc-11c">
         <name>.debug_line</name>
         <load_address>0x272e</load_address>
         <run_address>0x272e</run_address>
         <size>0x52</size>
         <input_file_ref idref="fl-3"/>
      </object_component>
      <object_component id="oc-121">
         <name>.debug_line</name>
         <load_address>0x2780</load_address>
         <run_address>0x2780</run_address>
         <size>0x5b</size>
         <input_file_ref idref="fl-3"/>
      </object_component>
      <object_component id="oc-126">
         <name>.debug_line</name>
         <load_address>0x27db</load_address>
         <run_address>0x27db</run_address>
         <size>0x5f</size>
         <input_file_ref idref="fl-3"/>
      </object_component>
      <object_component id="oc-12b">
         <name>.debug_line</name>
         <load_address>0x283a</load_address>
         <run_address>0x283a</run_address>
         <size>0x58</size>
         <input_file_ref idref="fl-7"/>
      </object_component>
      <object_component id="oc-12f">
         <name>.debug_line</name>
         <load_address>0x2892</load_address>
         <run_address>0x2892</run_address>
         <size>0x4d</size>
         <input_file_ref idref="fl-9"/>
      </object_component>
      <object_component id="oc-136">
         <name>.debug_line</name>
         <load_address>0x28df</load_address>
         <run_address>0x28df</run_address>
         <size>0x2f6</size>
         <input_file_ref idref="fl-174"/>
      </object_component>
      <object_component id="oc-139">
         <name>.debug_line</name>
         <load_address>0x2bd5</load_address>
         <run_address>0x2bd5</run_address>
         <size>0x79</size>
         <input_file_ref idref="fl-14f"/>
      </object_component>
      <object_component id="oc-141">
         <name>.debug_line</name>
         <load_address>0x2c4e</load_address>
         <run_address>0x2c4e</run_address>
         <size>0x6e</size>
         <input_file_ref idref="fl-173"/>
      </object_component>
      <object_component id="oc-146">
         <name>.debug_line</name>
         <load_address>0x2cbc</load_address>
         <run_address>0x2cbc</run_address>
         <size>0x9c</size>
         <input_file_ref idref="fl-173"/>
      </object_component>
      <object_component id="oc-14b">
         <name>.debug_line</name>
         <load_address>0x2d58</load_address>
         <run_address>0x2d58</run_address>
         <size>0x8b</size>
         <input_file_ref idref="fl-173"/>
      </object_component>
      <object_component id="oc-150">
         <name>.debug_line</name>
         <load_address>0x2de3</load_address>
         <run_address>0x2de3</run_address>
         <size>0x92</size>
         <input_file_ref idref="fl-173"/>
      </object_component>
      <object_component id="oc-155">
         <name>.debug_line</name>
         <load_address>0x2e75</load_address>
         <run_address>0x2e75</run_address>
         <size>0x55</size>
         <input_file_ref idref="fl-173"/>
      </object_component>
      <object_component id="oc-15c">
         <name>.debug_line</name>
         <load_address>0x2eca</load_address>
         <run_address>0x2eca</run_address>
         <size>0x55</size>
         <input_file_ref idref="fl-14c"/>
      </object_component>
      <object_component id="oc-160">
         <name>.debug_line</name>
         <load_address>0x2f1f</load_address>
         <run_address>0x2f1f</run_address>
         <size>0x98</size>
         <input_file_ref idref="fl-145"/>
      </object_component>
      <object_component id="oc-164">
         <name>.debug_line</name>
         <load_address>0x2fb7</load_address>
         <run_address>0x2fb7</run_address>
         <size>0x54</size>
         <input_file_ref idref="fl-14a"/>
      </object_component>
      <object_component id="oc-168">
         <name>.debug_line</name>
         <load_address>0x300b</load_address>
         <run_address>0x300b</run_address>
         <size>0x66</size>
         <input_file_ref idref="fl-146"/>
      </object_component>
      <object_component id="oc-16c">
         <name>.debug_line</name>
         <load_address>0x3071</load_address>
         <run_address>0x3071</run_address>
         <size>0x66</size>
         <input_file_ref idref="fl-146"/>
      </object_component>
      <object_component id="oc-170">
         <name>.debug_line</name>
         <load_address>0x30d7</load_address>
         <run_address>0x30d7</run_address>
         <size>0x4d2</size>
         <input_file_ref idref="fl-4"/>
      </object_component>
      <object_component id="oc-175">
         <name>.debug_line</name>
         <load_address>0x35a9</load_address>
         <run_address>0x35a9</run_address>
         <size>0x148</size>
         <input_file_ref idref="fl-5"/>
      </object_component>
      <object_component id="oc-17d">
         <name>.debug_line</name>
         <load_address>0x36f1</load_address>
         <run_address>0x36f1</run_address>
         <size>0x6e</size>
         <input_file_ref idref="fl-148"/>
      </object_component>
      <object_component id="oc-180">
         <name>.debug_line</name>
         <load_address>0x375f</load_address>
         <run_address>0x375f</run_address>
         <size>0x7b</size>
         <input_file_ref idref="fl-147"/>
      </object_component>
      <object_component id="oc-185">
         <name>.debug_line</name>
         <load_address>0x37da</load_address>
         <run_address>0x37da</run_address>
         <size>0x56</size>
         <input_file_ref idref="fl-149"/>
      </object_component>
      <object_component id="oc-189">
         <name>.debug_line</name>
         <load_address>0x3830</load_address>
         <run_address>0x3830</run_address>
         <size>0x4d</size>
         <input_file_ref idref="fl-9"/>
      </object_component>
      <object_component id="oc-18f">
         <name>.debug_line</name>
         <load_address>0x387d</load_address>
         <run_address>0x387d</run_address>
         <size>0x9fe</size>
         <input_file_ref idref="fl-15c"/>
      </object_component>
      <object_component id="oc-196">
         <name>.debug_line</name>
         <load_address>0x427b</load_address>
         <run_address>0x427b</run_address>
         <size>0x5d</size>
         <input_file_ref idref="fl-151"/>
      </object_component>
      <object_component id="oc-19b">
         <name>.debug_line</name>
         <load_address>0x42d8</load_address>
         <run_address>0x42d8</run_address>
         <size>0x59</size>
         <input_file_ref idref="fl-5"/>
      </object_component>
      <object_component id="oc-1a0">
         <name>.debug_line</name>
         <load_address>0x4331</load_address>
         <run_address>0x4331</run_address>
         <size>0x2e</size>
         <input_file_ref idref="fl-151"/>
      </object_component>
      <object_component id="oc-1ad">
         <name>.debug_line</name>
         <load_address>0x435f</load_address>
         <run_address>0x435f</run_address>
         <size>0x20</size>
         <input_file_ref idref="fl-a"/>
      </object_component>
      <object_component id="oc-1b2">
         <name>.debug_line</name>
         <load_address>0x437f</load_address>
         <run_address>0x437f</run_address>
         <size>0xd2</size>
         <input_file_ref idref="fl-141"/>
      </object_component>
      <object_component id="oc-1b7">
         <name>.debug_line</name>
         <load_address>0x4451</load_address>
         <run_address>0x4451</run_address>
         <size>0x8e</size>
         <input_file_ref idref="fl-143"/>
      </object_component>
      <object_component id="oc-1bb">
         <name>.debug_line</name>
         <load_address>0x44df</load_address>
         <run_address>0x44df</run_address>
         <size>0x18b</size>
         <input_file_ref idref="fl-150"/>
      </object_component>
      <object_component id="oc-1c0">
         <name>.debug_line</name>
         <load_address>0x466a</load_address>
         <run_address>0x466a</run_address>
         <size>0xa8</size>
         <input_file_ref idref="fl-142"/>
      </object_component>
      <object_component id="oc-1c3">
         <name>.debug_line</name>
         <load_address>0x4712</load_address>
         <run_address>0x4712</run_address>
         <size>0x50</size>
         <input_file_ref idref="fl-14b"/>
      </object_component>
      <object_component id="oc-1c8">
         <name>.debug_line</name>
         <load_address>0x4762</load_address>
         <run_address>0x4762</run_address>
         <size>0x58</size>
         <input_file_ref idref="fl-144"/>
      </object_component>
      <object_component id="oc-1d1">
         <name>.debug_line</name>
         <load_address>0x47ba</load_address>
         <run_address>0x47ba</run_address>
         <size>0x20</size>
         <input_file_ref idref="fl-15b"/>
      </object_component>
      <object_component id="oc-1d3">
         <name>.debug_line</name>
         <load_address>0x47da</load_address>
         <run_address>0x47da</run_address>
         <size>0x20</size>
         <input_file_ref idref="fl-14d"/>
      </object_component>
      <object_component id="oc-1d5">
         <name>.debug_line</name>
         <load_address>0x47fa</load_address>
         <run_address>0x47fa</run_address>
         <size>0x20</size>
         <input_file_ref idref="fl-153"/>
      </object_component>
      <object_component id="oc-1db">
         <name>.debug_line</name>
         <load_address>0x481a</load_address>
         <run_address>0x481a</run_address>
         <size>0x36a</size>
         <input_file_ref idref="fl-173"/>
      </object_component>
      <object_component id="oc-1de">
         <name>.debug_line</name>
         <load_address>0x4b84</load_address>
         <run_address>0x4b84</run_address>
         <size>0x91</size>
         <input_file_ref idref="fl-173"/>
      </object_component>
      <object_component id="oc-1e3">
         <name>.debug_line</name>
         <load_address>0x4c15</load_address>
         <run_address>0x4c15</run_address>
         <size>0x8e</size>
         <input_file_ref idref="fl-173"/>
      </object_component>
      <object_component id="oc-1e8">
         <name>.debug_line</name>
         <load_address>0x4ca3</load_address>
         <run_address>0x4ca3</run_address>
         <size>0x7d</size>
         <input_file_ref idref="fl-173"/>
      </object_component>
      <object_component id="oc-1ed">
         <name>.debug_line</name>
         <load_address>0x4d20</load_address>
         <run_address>0x4d20</run_address>
         <size>0x89</size>
         <input_file_ref idref="fl-173"/>
      </object_component>
      <object_component id="oc-1f2">
         <name>.debug_line</name>
         <load_address>0x4da9</load_address>
         <run_address>0x4da9</run_address>
         <size>0x8b</size>
         <input_file_ref idref="fl-173"/>
      </object_component>
      <object_component id="oc-1f7">
         <name>.debug_line</name>
         <load_address>0x4e34</load_address>
         <run_address>0x4e34</run_address>
         <size>0x60</size>
         <input_file_ref idref="fl-173"/>
      </object_component>
      <object_component id="oc-1fc">
         <name>.debug_line</name>
         <load_address>0x4e94</load_address>
         <run_address>0x4e94</run_address>
         <size>0x99</size>
         <input_file_ref idref="fl-173"/>
      </object_component>
      <object_component id="oc-201">
         <name>.debug_line</name>
         <load_address>0x4f2d</load_address>
         <run_address>0x4f2d</run_address>
         <size>0x5f</size>
         <input_file_ref idref="fl-173"/>
      </object_component>
      <object_component id="oc-206">
         <name>.debug_line</name>
         <load_address>0x4f8c</load_address>
         <run_address>0x4f8c</run_address>
         <size>0x69</size>
         <input_file_ref idref="fl-173"/>
      </object_component>
      <object_component id="oc-20b">
         <name>.debug_line</name>
         <load_address>0x4ff5</load_address>
         <run_address>0x4ff5</run_address>
         <size>0x5e</size>
         <input_file_ref idref="fl-173"/>
      </object_component>
      <object_component id="oc-210">
         <name>.debug_line</name>
         <load_address>0x5053</load_address>
         <run_address>0x5053</run_address>
         <size>0x5f</size>
         <input_file_ref idref="fl-173"/>
      </object_component>
      <object_component id="oc-215">
         <name>.debug_line</name>
         <load_address>0x50b2</load_address>
         <run_address>0x50b2</run_address>
         <size>0x83</size>
         <input_file_ref idref="fl-173"/>
      </object_component>
      <object_component id="oc-21a">
         <name>.debug_line</name>
         <load_address>0x5135</load_address>
         <run_address>0x5135</run_address>
         <size>0x7e</size>
         <input_file_ref idref="fl-173"/>
      </object_component>
      <object_component id="oc-21f">
         <name>.debug_line</name>
         <load_address>0x51b3</load_address>
         <run_address>0x51b3</run_address>
         <size>0x82</size>
         <input_file_ref idref="fl-173"/>
      </object_component>
      <object_component id="oc-224">
         <name>.debug_line</name>
         <load_address>0x5235</load_address>
         <run_address>0x5235</run_address>
         <size>0x61</size>
         <input_file_ref idref="fl-173"/>
      </object_component>
      <object_component id="oc-229">
         <name>.debug_line</name>
         <load_address>0x5296</load_address>
         <run_address>0x5296</run_address>
         <size>0x5f</size>
         <input_file_ref idref="fl-173"/>
      </object_component>
      <object_component id="oc-22e">
         <name>.debug_line</name>
         <load_address>0x52f5</load_address>
         <run_address>0x52f5</run_address>
         <size>0x67</size>
         <input_file_ref idref="fl-173"/>
      </object_component>
      <object_component id="oc-233">
         <name>.debug_line</name>
         <load_address>0x535c</load_address>
         <run_address>0x535c</run_address>
         <size>0x5d</size>
         <input_file_ref idref="fl-173"/>
      </object_component>
      <object_component id="oc-238">
         <name>.debug_line</name>
         <load_address>0x53b9</load_address>
         <run_address>0x53b9</run_address>
         <size>0x60</size>
         <input_file_ref idref="fl-173"/>
      </object_component>
      <object_component id="oc-23d">
         <name>.debug_line</name>
         <load_address>0x5419</load_address>
         <run_address>0x5419</run_address>
         <size>0x5f</size>
         <input_file_ref idref="fl-173"/>
      </object_component>
      <object_component id="oc-242">
         <name>.debug_line</name>
         <load_address>0x5478</load_address>
         <run_address>0x5478</run_address>
         <size>0x68</size>
         <input_file_ref idref="fl-173"/>
      </object_component>
      <object_component id="oc-247">
         <name>.debug_line</name>
         <load_address>0x54e0</load_address>
         <run_address>0x54e0</run_address>
         <size>0x63</size>
         <input_file_ref idref="fl-173"/>
      </object_component>
      <object_component id="oc-24c">
         <name>.debug_line</name>
         <load_address>0x5543</load_address>
         <run_address>0x5543</run_address>
         <size>0x77</size>
         <input_file_ref idref="fl-173"/>
      </object_component>
      <object_component id="oc-251">
         <name>.debug_line</name>
         <load_address>0x55ba</load_address>
         <run_address>0x55ba</run_address>
         <size>0x72</size>
         <input_file_ref idref="fl-173"/>
      </object_component>
      <object_component id="oc-256">
         <name>.debug_line</name>
         <load_address>0x562c</load_address>
         <run_address>0x562c</run_address>
         <size>0x75</size>
         <input_file_ref idref="fl-173"/>
      </object_component>
      <object_component id="oc-25b">
         <name>.debug_line</name>
         <load_address>0x56a1</load_address>
         <run_address>0x56a1</run_address>
         <size>0x79</size>
         <input_file_ref idref="fl-173"/>
      </object_component>
      <object_component id="oc-260">
         <name>.debug_line</name>
         <load_address>0x571a</load_address>
         <run_address>0x571a</run_address>
         <size>0x67</size>
         <input_file_ref idref="fl-173"/>
      </object_component>
      <object_component id="oc-265">
         <name>.debug_line</name>
         <load_address>0x5781</load_address>
         <run_address>0x5781</run_address>
         <size>0x6a</size>
         <input_file_ref idref="fl-173"/>
      </object_component>
      <object_component id="oc-26a">
         <name>.debug_line</name>
         <load_address>0x57eb</load_address>
         <run_address>0x57eb</run_address>
         <size>0x83</size>
         <input_file_ref idref="fl-173"/>
      </object_component>
      <object_component id="oc-26f">
         <name>.debug_line</name>
         <load_address>0x586e</load_address>
         <run_address>0x586e</run_address>
         <size>0x85</size>
         <input_file_ref idref="fl-173"/>
      </object_component>
      <object_component id="oc-274">
         <name>.debug_line</name>
         <load_address>0x58f3</load_address>
         <run_address>0x58f3</run_address>
         <size>0x83</size>
         <input_file_ref idref="fl-173"/>
      </object_component>
      <object_component id="oc-279">
         <name>.debug_line</name>
         <load_address>0x5976</load_address>
         <run_address>0x5976</run_address>
         <size>0x87</size>
         <input_file_ref idref="fl-173"/>
      </object_component>
      <object_component id="oc-27e">
         <name>.debug_line</name>
         <load_address>0x59fd</load_address>
         <run_address>0x59fd</run_address>
         <size>0x81</size>
         <input_file_ref idref="fl-173"/>
      </object_component>
      <object_component id="oc-283">
         <name>.debug_line</name>
         <load_address>0x5a7e</load_address>
         <run_address>0x5a7e</run_address>
         <size>0x96</size>
         <input_file_ref idref="fl-173"/>
      </object_component>
      <object_component id="oc-288">
         <name>.debug_line</name>
         <load_address>0x5b14</load_address>
         <run_address>0x5b14</run_address>
         <size>0x97</size>
         <input_file_ref idref="fl-173"/>
      </object_component>
      <object_component id="oc-28c">
         <name>.debug_line</name>
         <load_address>0x5bab</load_address>
         <run_address>0x5bab</run_address>
         <size>0x6f</size>
         <input_file_ref idref="fl-8"/>
      </object_component>
      <object_component id="oc-294">
         <name>.debug_line</name>
         <load_address>0x5c1a</load_address>
         <run_address>0x5c1a</run_address>
         <size>0x13f</size>
         <input_file_ref idref="fl-2"/>
      </object_component>
      <object_component id="oc-299">
         <name>.debug_line</name>
         <load_address>0x5d59</load_address>
         <run_address>0x5d59</run_address>
         <size>0x25c</size>
         <input_file_ref idref="fl-3"/>
      </object_component>
      <object_component id="oc-2a0">
         <name>.debug_line</name>
         <load_address>0x5fb5</load_address>
         <run_address>0x5fb5</run_address>
         <size>0x80</size>
         <input_file_ref idref="fl-155"/>
      </object_component>
      <object_component id="oc-2ac">
         <name>.debug_line</name>
         <load_address>0x6035</load_address>
         <run_address>0x6035</run_address>
         <size>0x53</size>
         <input_file_ref idref="fl-c"/>
      </object_component>
      <object_component id="oc-2b1">
         <name>.debug_line</name>
         <load_address>0x6088</load_address>
         <run_address>0x6088</run_address>
         <size>0x263</size>
         <input_file_ref idref="fl-c"/>
      </object_component>
      <object_component id="oc-2b4">
         <name>.debug_line</name>
         <load_address>0x62eb</load_address>
         <run_address>0x62eb</run_address>
         <size>0x52</size>
         <input_file_ref idref="fl-3"/>
      </object_component>
      <object_component id="oc-2b8">
         <name>.debug_line</name>
         <load_address>0x633d</load_address>
         <run_address>0x633d</run_address>
         <size>0x6e</size>
         <input_file_ref idref="fl-6"/>
      </object_component>
      <object_component id="oc-2ba">
         <name>.debug_line</name>
         <load_address>0x63ab</load_address>
         <run_address>0x63ab</run_address>
         <size>0x118</size>
         <input_file_ref idref="fl-16c"/>
      </object_component>
      <object_component id="oc-2be">
         <name>.debug_line</name>
         <load_address>0x64c3</load_address>
         <run_address>0x64c3</run_address>
         <size>0x43</size>
         <input_file_ref idref="fl-166"/>
      </object_component>
      <object_component id="oc-2c3">
         <name>.debug_line</name>
         <load_address>0x6506</load_address>
[...]
         <name>signal</name>
         <value>0x2000a481</value>
         <object_component_ref idref="oc-3ce"/>
      </symbol>
      <symbol id="sm-92f">
         <name>__aeabi_uldivmod</name>
         <value>0x20008c05</value>
         <object_component_ref idref="oc-2b9"/>
      </symbol>
      <symbol id="sm-938">
         <name>_Dclass</name>
         <value>0x2000a769</value>
         <object_component_ref idref="oc-2d2"/>
      </symbol>
      <symbol id="sm-94c">
         <name>_Dnorm</name>
         <value>0x20009bdd</value>
         <object_component_ref idref="oc-365"/>
      </symbol>
      <symbol id="sm-966">
         <name>_Dscale</name>
         <value>0x20009639</value>
         <object_component_ref idref="oc-37e"/>
      </symbol>
      <symbol id="sm-977">
         <name>_Dtest</name>
         <value>0x2000a43d</value>
         <object_component_ref idref="oc-352"/>
      </symbol>
      <symbol id="sm-9a5">
         <name>_Log</name>
         <value>0x20008495</value>
         <object_component_ref idref="oc-377"/>
      </symbol>
      <symbol id="sm-9b3">
         <name>_FZero</name>
         <value>0x200205d4</value>
         <object_component_ref idref="oc-3b8"/>
      </symbol>
      <symbol id="sm-9b4">
         <name>_FRteps</name>
         <value>0x200205c0</value>
         <object_component_ref idref="oc-3b8"/>
      </symbol>
      <symbol id="sm-9b5">
         <name>_FSnan</name>
         <value>0x200205b0</value>
         <object_component_ref idref="oc-3b8"/>
      </symbol>
      <symbol id="sm-9b6">
         <name>_FNan</name>
         <value>0x200205a0</value>
         <object_component_ref idref="oc-3b8"/>
      </symbol>
      <symbol id="sm-9b7">
         <name>_FInf</name>
         <value>0x20020590</value>
         <object_component_ref idref="oc-3b8"/>
      </symbol>
      <symbol id="sm-9b8">
         <name>_FEps</name>
         <value>0x20020580</value>
         <object_component_ref idref="oc-3b8"/>
      </symbol>
      <symbol id="sm-9b9">
         <name>_FXbig</name>
         <value>0x200205d0</value>
         <object_component_ref idref="oc-3b8"/>
      </symbol>
      <symbol id="sm-9ba">
         <name>_FDenorm</name>
         <value>0x20020570</value>
         <object_component_ref idref="oc-3b8"/>
      </symbol>
      <symbol id="sm-af5">
         <name>simpleLink_mailbox</name>
         <value>0x20020438</value>
      </symbol>
      <symbol id="sm-af6">
         <name>SimpleLinkSpawnTaskHndl</name>
         <value>0x20020430</value>
      </symbol>
      <symbol id="sm-af7">
         <name>osi_InterruptDeRegister</name>
         <value>0x20006bef</value>
         <object_component_ref idref="oc-a9"/>
      </symbol>
      <symbol id="sm-af8">
         <name>osi_MsgQDelete</name>
         <value>0x20006f5d</value>
         <object_component_ref idref="oc-a9"/>
      </symbol>
      <symbol id="sm-af9">
         <name>osi_LockObjDelete</name>
         <value>0x20006d99</value>
         <object_component_ref idref="oc-a9"/>
      </symbol>
      <symbol id="sm-afa">
         <name>osi_LockObjUnlock</name>
         <value>0x20006dff</value>
         <object_component_ref idref="oc-a9"/>
      </symbol>
      <symbol id="sm-afb">
         <name>mem_copy</name>
         <value>0x20006ef9</value>
         <object_component_ref idref="oc-a9"/>
      </symbol>
      <symbol id="sm-afc">
         <name>osi_TaskEnable</name>
         <value>0x20007053</value>
         <object_component_ref idref="oc-a9"/>
      </symbol>
      <symbol id="sm-afd">
         <name>osi_TaskDelete</name>
         <value>0x20006d8d</value>
         <object_component_ref idref="oc-a9"/>
      </symbol>
      <symbol id="sm-afe">
         <name>osi_InterruptRegister</name>
         <value>0x20006b97</value>
         <object_component_ref idref="oc-a9"/>
      </symbol>
      <symbol id="sm-aff">
         <name>mem_set</name>
         <value>0x20006ee5</value>
         <object_component_ref idref="oc-a9"/>
      </symbol>
      <symbol id="sm-b00">
         <name>osi_LockObjCreate</name>
         <value>0x20006cf1</value>
         <object_component_ref idref="oc-a9"/>
      </symbol>
      <symbol id="sm-b01">
         <name>osi_SyncObjSignal</name>
         <value>0x20006c61</value>
         <object_component_ref idref="oc-a9"/>
      </symbol>
      <symbol id="sm-b02">
         <name>mem_Malloc</name>
         <value>0x20006ecd</value>
         <object_component_ref idref="oc-a9"/>
      </symbol>
      <symbol id="sm-b03">
         <name>osi_SyncObjCreate</name>
         <value>0x20006c0b</value>
         <object_component_ref idref="oc-a9"/>
      </symbol>
      <symbol id="sm-b04">
         <name>osi_SyncObjWait</name>
         <value>0x20006c81</value>
         <object_component_ref idref="oc-a9"/>
      </symbol>
      <symbol id="sm-b05">
         <name>osi_SyncObjSignalFromISR</name>
         <value>0x20006c71</value>
         <object_component_ref idref="oc-a9"/>
      </symbol>
      <symbol id="sm-b06">
         <name>osi_ContextRestore</name>
         <value>0x20007069</value>
         <object_component_ref idref="oc-a9"/>
      </symbol>
      <symbol id="sm-b07">
         <name>osi_start</name>
         <value>0x2000705f</value>
         <object_component_ref idref="oc-a9"/>
      </symbol>
      <symbol id="sm-b08">
         <name>osi_EnterCritical</name>
         <value>0x20006f0d</value>
         <object_component_ref idref="oc-a9"/>
      </symbol>
      <symbol id="sm-b09">
         <name>osi_TaskCreate</name>
         <value>0x20006d33</value>
         <object_component_ref idref="oc-a9"/>
      </symbol>
      <symbol id="sm-b0a">
         <name>osi_MsgQRead</name>
         <value>0x20006fcb</value>
         <object_component_ref idref="oc-a9"/>
      </symbol>
      <symbol id="sm-b0b">
         <name>osi_MsgQCreate</name>
         <value>0x20006f29</value>
         <object_component_ref idref="oc-a9"/>
      </symbol>
      <symbol id="sm-b0c">
         <name>osi_ExitCritical</name>
         <value>0x20006f1d</value>
         <object_component_ref idref="oc-a9"/>
      </symbol>
      <symbol id="sm-b0d">
         <name>osi_LockObjLock</name>
         <value>0x20006da7</value>
         <object_component_ref idref="oc-a9"/>
      </symbol>
      <symbol id="sm-b0e">
         <name>VDeleteSimpleLinkSpawnTask</name>
         <value>0x20006ebd</value>
         <object_component_ref idref="oc-a9"/>
      </symbol>
      <symbol id="sm-b0f">
         <name>osi_SyncObjClear</name>
         <value>0x20006cd9</value>
         <object_component_ref idref="oc-a9"/>
      </symbol>
      <symbol id="sm-b10">
         <name>VStartSimpleLinkSpawnTask</name>
         <value>0x20006e65</value>
         <object_component_ref idref="oc-a9"/>
      </symbol>
      <symbol id="sm-b11">
         <name>osi_MsgQWrite</name>
         <value>0x20006f6b</value>
         <object_component_ref idref="oc-a9"/>
      </symbol>
      <symbol id="sm-b12">
         <name>osi_Sleep</name>
         <value>0x2000702b</value>
         <object_component_ref idref="oc-a9"/>
      </symbol>
      <symbol id="sm-b13">
         <name>osi_SyncObjDelete</name>
         <value>0x20006c53</value>
         <object_component_ref idref="oc-a9"/>
      </symbol>
      <symbol id="sm-b14">
         <name>osi_TaskDisable</name>
         <value>0x2000704b</value>
         <object_component_ref idref="oc-a9"/>
      </symbol>
      <symbol id="sm-b15">
         <name>osi_Spawn</name>
         <value>0x20006e0f</value>
         <object_component_ref idref="oc-a9"/>
      </symbol>
      <symbol id="sm-b16">
         <name>mem_Free</name>
         <value>0x20006ed9</value>
         <object_component_ref idref="oc-a9"/>
      </symbol>
      <symbol id="sm-b17">
         <name>osi_ContextSave</name>
         <value>0x20007067</value>
         <object_component_ref idref="oc-a9"/>
      </symbol>
      <symbol id="sm-b88">
         <name>_sys_memory</name>
         <value>0x2001c000</value>
         <object_component_ref idref="oc-22"/>
      </symbol>
      <symbol id="sm-b89">
         <name>free</name>
         <value>0x20007e63</value>
         <object_component_ref idref="oc-132"/>
      </symbol>
      <symbol id="sm-b8a">
         <name>realloc</name>
         <value>0x20007f23</value>
         <object_component_ref idref="oc-132"/>
      </symbol>
      <symbol id="sm-b8b">
         <name>memalign</name>
         <value>0x20008029</value>
         <object_component_ref idref="oc-132"/>
      </symbol>
      <symbol id="sm-b8c">
         <name>calloc</name>
         <value>0x20008109</value>
         <object_component_ref idref="oc-132"/>
      </symbol>
      <symbol id="sm-b8d">
         <name>malloc</name>
         <value>0x20007e01</value>
         <object_component_ref idref="oc-132"/>
      </symbol>
      <symbol id="sm-b8e">
         <name>minit</name>
         <value>0x20007d75</value>
         <object_component_ref idref="oc-132"/>
      </symbol>
      <symbol id="sm-b8f">
         <name>__TI_static_base__</name>
         <value>0x2000a998</value>
      </symbol>
      <symbol id="sm-b90">
         <name>sl_Recv</name>
         <value>0x0</value>
      </symbol>
      <symbol id="sm-b91">
         <name>sl_FsClose</name>
         <value>0x0</value>
      </symbol>
      <symbol id="sm-b92">
         <name>sl_Send</name>
         <value>0x0</value>
      </symbol>
      <symbol id="sm-b93">
         <name>sl_NetAppDnsGetHostByName</name>
         <value>0x0</value>
      </symbol>
      <symbol id="sm-b94">
         <name>sl_Connect</name>
         <value>0x0</value>
      </symbol>
      <symbol id="sm-b95">
         <name>sl_Socket</name>
         <value>0x0</value>
      </symbol>
      <symbol id="sm-b96">
         <name>sl_FsRead</name>
         <value>0x0</value>
      </symbol>
      <symbol id="sm-b97">
         <name>sl_NetCfgGet</name>
         <value>0x0</value>
      </symbol>
      <symbol id="sm-b98">
         <name>sl_FsWrite</name>
         <value>0x0</value>
      </symbol>
      <symbol id="sm-b99">
         <name>_GetCreateFsMode</name>
         <value>0x0</value>
      </symbol>
      <symbol id="sm-b9a">
         <name>sl_FsOpen</name>
         <value>0x0</value>
      </symbol>
      <symbol id="sm-b9b">
         <name>sl_Close</name>
         <value>0x0</value>
      </symbol>
      <symbol id="sm-b9c">
         <name>UARTCharPut</name>
         <value>0x0</value>
      </symbol>
      <symbol id="sm-b9d">
         <name>UARTCharGet</name>
         <value>0x0</value>
      </symbol>
      <symbol id="sm-b9e">
         <name>PRCMPeripheralReset</name>
         <value>0x0</value>
      </symbol>
      <symbol id="sm-b9f">
         <name>TimerLoadSet</name>
         <value>0x0</value>
      </symbol>
      <symbol id="sm-ba0">
         <name>PRCMPeripheralClkEnable</name>
         <value>0x0</value>
      </symbol>
      <symbol id="sm-ba1">
         <name>TimerDisable</name>
         <value>0x0</value>
      </symbol>
      <symbol id="sm-ba2">
         <name>TimerIntRegister</name>
         <value>0x0</value>
      </symbol>
      <symbol id="sm-ba3">
         <name>TimerEnable</name>
         <value>0x0</value>
      </symbol>
      <symbol id="sm-ba4">
         <name>TimerIntUnregister</name>
         <value>0x0</value>
      </symbol>
      <symbol id="sm-ba5">
         <name>TimerIntStatus</name>
         <value>0x0</value>
      </symbol>
      <symbol id="sm-ba6">
         <name>TimerIntDisable</name>
         <value>0x0</value>
      </symbol>
      <symbol id="sm-ba7">
         <name>TimerValueGet</name>
         <value>0x0</value>
      </symbol>
      <symbol id="sm-ba8">
         <name>TimerPrescaleSet</name>
         <value>0x0</value>
      </symbol>
      <symbol id="sm-ba9">
         <name>TimerIntEnable</name>
         <value>0x0</value>
      </symbol>
      <symbol id="sm-baa">
         <name>TimerConfigure</name>
         <value>0x0</value>
      </symbol>
      <symbol id="sm-bab">
         <name>TimerIntClear</name>
         <value>0x0</value>
      </symbol>
      <symbol id="sm-bac">
         <name>sl_WlanProfileAdd</name>
         <value>0x0</value>
      </symbol>
      <symbol id="sm-bad">
         <name>sl_WlanDisconnect</name>
         <value>0x0</value>
      </symbol>
      <symbol id="sm-bae">
         <name>sl_WlanPolicySet</name>
         <value>0x0</value>
      </symbol>
      <symbol id="sm-baf">
         <name>IntEnable</name>
         <value>0x0</value>
      </symbol>
      <symbol id="sm-bb0">
         <name>PRCMCC3200MCUInit</name>
         <value>0x0</value>
      </symbol>
      <symbol id="sm-bb1">
         <name>sl_WlanProfileGet</name>
         <value>0x0</value>
      </symbol>
      <symbol id="sm-bb2">
         <name>sl_Stop</name>
         <value>0x0</value>
      </symbol>
      <symbol id="sm-bb3">
         <name>sl_Start</name>
         <value>0x0</value>
      </symbol>
      <symbol id="sm-bb4">
         <name>GPIOPinRead</name>
         <value>0x0</value>
      </symbol>
      <symbol id="sm-bb5">
         <name>sl_WlanProfileDel</name>
         <value>0x0</value>
      </symbol>
      <symbol id="sm-bb6">
         <name>sl_WlanConnect</name>
         <value>0x0</value>
      </symbol>
      <symbol id="sm-bb7">
         <name>sl_WlanSet</name>
         <value>0x0</value>
      </symbol>
      <symbol id="sm-bb8">
         <name>IntMasterEnable</name>
         <value>0x0</value>
      </symbol>
      <symbol id="sm-bb9">
         <name>sl_NetCfgSet</name>
         <value>0x0</value>
      </symbol>
      <symbol id="sm-bba">
         <name>sl_WlanGetNetworkList</name>
         <value>0x0</value>
      </symbol>
      <symbol id="sm-bbb">
         <name>sl_DevGet</name>
         <value>0x0</value>
      </symbol>
      <symbol id="sm-bbc">
         <name>UtilsDelay</name>
         <value>0x0</value>
      </symbol>
      <symbol id="sm-bbd">
         <name>sl_WlanSetMode</name>
         <value>0x0</value>
      </symbol>
      <symbol id="sm-bbe">
         <name>I2CMasterDataPut</name>
         <value>0x0</value>
      </symbol>
      <symbol id="sm-bbf">
         <name>I2CMasterInitExpClk</name>
         <value>0x0</value>
      </symbol>
      <symbol id="sm-bc0">
         <name>I2CMasterIntClearEx</name>
         <value>0x0</value>
      </symbol>
      <symbol id="sm-bc1">
         <name>I2CMasterSlaveAddrSet</name>
         <value>0x0</value>
      </symbol>
      <symbol id="sm-bc2">
         <name>I2CMasterDataGet</name>
         <value>0x0</value>
      </symbol>
      <symbol id="sm-bc3">
         <name>I2CMasterErr</name>
         <value>0x0</value>
      </symbol>
      <symbol id="sm-bc4">
         <name>I2CMasterTimeoutSet</name>
         <value>0x0</value>
      </symbol>
      <symbol id="sm-bc5">
         <name>I2CMasterControl</name>
         <value>0x0</value>
      </symbol>
      <symbol id="sm-bc6">
         <name>PRCMPeripheralClkDisable</name>
         <value>0x0</value>
      </symbol>
      <symbol id="sm-bc7">
         <name>I2CMasterIntStatusEx</name>
         <value>0x0</value>
      </symbol>
      <symbol id="sm-bc8">
         <name>GPIOIntRegister</name>
         <value>0x0</value>
      </symbol>
      <symbol id="sm-bc9">
         <name>GPIOIntEnable</name>
         <value>0x0</value>
      </symbol>
      <symbol id="sm-bca">
         <name>GPIOIntTypeSet</name>
         <value>0x0</value>
      </symbol>
      <symbol id="sm-bcb">
         <name>GPIOIntClear</name>
         <value>0x0</value>
      </symbol>
      <symbol id="sm-bcc">
         <name>GPIOPinWrite</name>
         <value>0x0</value>
      </symbol>
      <symbol id="sm-bcd">
         <name>__TI_args_main</name>
         <value>0x1</value>
      </symbol>
      <symbol id="sm-bce">
         <name>SHT$$INIT_ARRAY$$Limit</name>
         <value>0x0</value>
      </symbol>
      <symbol id="sm-bcf">
         <name>SHT$$INIT_ARRAY$$Base</name>
         <value>0x0</value>
      </symbol>
      <symbol id="sm-bd0">
         <name>ti_sysbios_knl_Mailbox_delete</name>
         <value>0x0</value>
      </symbol>
      <symbol id="sm-bd1">
         <name>ti_sysbios_knl_Mailbox_create</name>
         <value>0x0</value>
      </symbol>
      <symbol id="sm-bd2">
         <name>ti_sysbios_knl_Semaphore_pend__E</name>
         <value>0x0</value>
      </symbol>
      <symbol id="sm-bd3">
         <name>ti_sysbios_knl_Mailbox_post__E</name>
         <value>0x0</value>
      </symbol>
      <symbol id="sm-bd4">
         <name>ti_sysbios_knl_Task_disable__E</name>
         <value>0x0</value>
      </symbol>
      <symbol id="sm-bd5">
         <name>ti_sysbios_knl_Semaphore_Params__init__S</name>
         <value>0x0</value>
      </symbol>
      <symbol id="sm-bd6">
         <name>ti_sysbios_family_arm_m3_Hwi_create</name>
         <value>0x0</value>
      </symbol>
      <symbol id="sm-bd7">
         <name>ti_sysbios_family_arm_m3_Hwi_getHandle__E</name>
         <value>0x0</value>
      </symbol>
      <symbol id="sm-bd8">
         <name>ti_sysbios_knl_Semaphore_post__E</name>
         <value>0x0</value>
      </symbol>
      <symbol id="sm-bd9">
         <name>ti_sysbios_knl_Semaphore_create</name>
         <value>0x0</value>
      </symbol>
      <symbol id="sm-bda">
         <name>xdc_runtime_Error_init__E</name>
         <value>0x0</value>
      </symbol>
      <symbol id="sm-bdb">
         <name>ti_sysbios_knl_Task_sleep__E</name>
         <value>0x0</value>
      </symbol>
      <symbol id="sm-bdc">
         <name>ti_sysbios_knl_Task_create</name>
         <value>0x0</value>
      </symbol>
      <symbol id="sm-bdd">
         <name>ti_sysbios_knl_Task_delete</name>
         <value>0x0</value>
      </symbol>
      <symbol id="sm-bde">
         <name>ti_sysbios_family_arm_m3_Hwi_delete</name>
         <value>0x0</value>
      </symbol>
      <symbol id="sm-bdf">
         <name>ti_sysbios_knl_Task_restore__E</name>
         <value>0x0</value>
      </symbol>
      <symbol id="sm-be0">
         <name>ti_sysbios_BIOS_start__E</name>
         <value>0x0</value>
      </symbol>
      <symbol id="sm-be1">
         <name>ti_sysbios_family_arm_m3_Hwi_disableFxn__E</name>
         <value>0x0</value>
      </symbol>
      <symbol id="sm-be2">
         <name>ti_sysbios_knl_Task_Params__init__S</name>
         <value>0x0</value>
      </symbol>
      <symbol id="sm-be3">
         <name>ti_sysbios_family_arm_m3_Hwi_Params__init__S</name>
         <value>0x0</value>
      </symbol>
      <symbol id="sm-be4">
         <name>ti_sysbios_knl_Mailbox_pend__E</name>
         <value>0x0</value>
      </symbol>
      <symbol id="sm-be5">
         <name>ti_sysbios_knl_Clock_tickPeriod__C</name>
         <value>0x0</value>
      </symbol>
      <symbol id="sm-be6">
         <name>ti_sysbios_family_arm_m3_Hwi_restoreFxn__E</name>
         <value>0x0</value>
      </symbol>
      <symbol id="sm-be7">
         <name>ti_sysbios_knl_Semaphore_delete</name>
         <value>0x0</value>
      </symbol>
      <symbol id="sm-be8">
         <name>ti_sysbios_family_arm_m3_Hwi_setPriority__E</name>
         <value>0x0</value>
      </symbol>
   </symbol_table>
   <title>Link errors: red sections failed placement</title>
</link_info>
